Component: Arm Compiler for Embedded 6.24 Tool: armlink [5f371500]

==============================================================================

Section Cross References

    startup_stm32h743xx.o(STACK) refers (Special) to heapauxi.o(.text) for __use_two_region_memory
    startup_stm32h743xx.o(HEAP) refers (Special) to heapauxi.o(.text) for __use_two_region_memory
    startup_stm32h743xx.o(RESET) refers (Special) to heapauxi.o(.text) for __use_two_region_memory
    startup_stm32h743xx.o(RESET) refers to startup_stm32h743xx.o(STACK) for __initial_sp
    startup_stm32h743xx.o(RESET) refers to startup_stm32h743xx.o(.text) for Reset_Handler
    startup_stm32h743xx.o(RESET) refers to stm32h7xx_it.o(.text.NMI_Handler) for NMI_Handler
    startup_stm32h743xx.o(RESET) refers to stm32h7xx_it.o(.text.HardFault_Handler) for HardFault_Handler
    startup_stm32h743xx.o(RESET) refers to stm32h7xx_it.o(.text.MemManage_Handler) for MemManage_Handler
    startup_stm32h743xx.o(RESET) refers to stm32h7xx_it.o(.text.BusFault_Handler) for BusFault_Handler
    startup_stm32h743xx.o(RESET) refers to stm32h7xx_it.o(.text.UsageFault_Handler) for UsageFault_Handler
    startup_stm32h743xx.o(RESET) refers to stm32h7xx_it.o(.text.SVC_Handler) for SVC_Handler
    startup_stm32h743xx.o(RESET) refers to stm32h7xx_it.o(.text.DebugMon_Handler) for DebugMon_Handler
    startup_stm32h743xx.o(RESET) refers to stm32h7xx_it.o(.text.PendSV_Handler) for PendSV_Handler
    startup_stm32h743xx.o(RESET) refers to stm32h7xx_it.o(.text.SysTick_Handler) for SysTick_Handler
    startup_stm32h743xx.o(RESET) refers to stm32h7xx_it.o(.text.DMA1_Stream0_IRQHandler) for DMA1_Stream0_IRQHandler
    startup_stm32h743xx.o(RESET) refers to stm32h7xx_it.o(.text.DMA1_Stream1_IRQHandler) for DMA1_Stream1_IRQHandler
    startup_stm32h743xx.o(RESET) refers to stm32h7xx_it.o(.text.DMA1_Stream2_IRQHandler) for DMA1_Stream2_IRQHandler
    startup_stm32h743xx.o(RESET) refers to stm32h7xx_it.o(.text.USART1_IRQHandler) for USART1_IRQHandler
    startup_stm32h743xx.o(RESET) refers to stm32h7xx_it.o(.text.UART4_IRQHandler) for UART4_IRQHandler
    startup_stm32h743xx.o(RESET) refers to stm32h7xx_it.o(.text.SPI5_IRQHandler) for SPI5_IRQHandler
    startup_stm32h743xx.o(RESET) refers to stm32h7xx_it.o(.text.SDMMC2_IRQHandler) for SDMMC2_IRQHandler
    startup_stm32h743xx.o(.text) refers (Special) to heapauxi.o(.text) for __use_two_region_memory
    startup_stm32h743xx.o(.text) refers to system_stm32h7xx.o(.text.ExitRun0Mode) for ExitRun0Mode
    startup_stm32h743xx.o(.text) refers to system_stm32h7xx.o(.text.SystemInit) for SystemInit
    startup_stm32h743xx.o(.text) refers to __main.o(!!!main) for __main
    startup_stm32h743xx.o(.text) refers to startup_stm32h743xx.o(HEAP) for Heap_Mem
    startup_stm32h743xx.o(.text) refers to startup_stm32h743xx.o(STACK) for Stack_Mem
    main.o(.text) refers (Special) to _printf_percent.o(.ARM.Collect$$_printf_percent$$00000000) for _printf_percent
    main.o(.text) refers (Special) to _printf_pad.o(.text) for _printf_pre_padding
    main.o(.text) refers (Special) to _printf_c.o(.ARM.Collect$$_printf_percent$$00000013) for _printf_c
    main.o(.text) refers (Special) to _printf_s.o(.ARM.Collect$$_printf_percent$$00000014) for _printf_s
    main.o(.text) refers (Special) to _printf_x.o(.ARM.Collect$$_printf_percent$$0000000C) for _printf_x
    main.o(.text) refers (Special) to _printf_d.o(.ARM.Collect$$_printf_percent$$00000009) for _printf_d
    main.o(.text) refers (Special) to _printf_u.o(.ARM.Collect$$_printf_percent$$0000000A) for _printf_u
    main.o(.text) refers (Special) to _printf_f.o(.ARM.Collect$$_printf_percent$$00000003) for _printf_f
    main.o(.text) refers (Special) to _printf_dec.o(.text) for _printf_int_dec
    main.o(.text) refers (Special) to _printf_hex_int.o(.text) for _printf_longlong_hex
    main.o(.text) refers (Special) to printf1.o(x$fpl$printf1) for _printf_fp_dec
    main.o(.text) refers (Special) to _printf_str.o(.text) for _printf_str
    main.o(.text.main) refers (Special) to _printf_percent.o(.ARM.Collect$$_printf_percent$$00000000) for _printf_percent
    main.o(.text.main) refers (Special) to _printf_pad.o(.text) for _printf_pre_padding
    main.o(.text.main) refers (Special) to _printf_c.o(.ARM.Collect$$_printf_percent$$00000013) for _printf_c
    main.o(.text.main) refers (Special) to _printf_s.o(.ARM.Collect$$_printf_percent$$00000014) for _printf_s
    main.o(.text.main) refers (Special) to _printf_x.o(.ARM.Collect$$_printf_percent$$0000000C) for _printf_x
    main.o(.text.main) refers (Special) to _printf_d.o(.ARM.Collect$$_printf_percent$$00000009) for _printf_d
    main.o(.text.main) refers (Special) to _printf_u.o(.ARM.Collect$$_printf_percent$$0000000A) for _printf_u
    main.o(.text.main) refers (Special) to _printf_f.o(.ARM.Collect$$_printf_percent$$00000003) for _printf_f
[...]
    HAL_RCC_GetPCLK2Freq                     0x08006fb9   Thumb Code    96  stm32h7xx_hal_rcc.o(.text.HAL_RCC_GetPCLK2Freq)
    HAL_RCC_GetSysClockFreq                  0x08007019   Thumb Code   264  stm32h7xx_hal_rcc.o(.text.HAL_RCC_GetSysClockFreq)
    HAL_RCC_OscConfig                        0x08007139   Thumb Code  1388  stm32h7xx_hal_rcc.o(.text.HAL_RCC_OscConfig)
    HAL_SDEx_Read_DMADoubleBuf0CpltCallback  0x080076a9   Thumb Code     2  stm32h7xx_hal_sd.o(.text.HAL_SDEx_Read_DMADoubleBuf0CpltCallback)
    HAL_SDEx_Read_DMADoubleBuf1CpltCallback  0x080076b1   Thumb Code     2  stm32h7xx_hal_sd.o(.text.HAL_SDEx_Read_DMADoubleBuf1CpltCallback)
    HAL_SDEx_Write_DMADoubleBuf0CpltCallback 0x080076b9   Thumb Code     2  stm32h7xx_hal_sd.o(.text.HAL_SDEx_Write_DMADoubleBuf0CpltCallback)
    HAL_SDEx_Write_DMADoubleBuf1CpltCallback 0x080076c1   Thumb Code     2  stm32h7xx_hal_sd.o(.text.HAL_SDEx_Write_DMADoubleBuf1CpltCallback)
    HAL_SD_ConfigSpeedBusOperation           0x080076c9   Thumb Code   232  stm32h7xx_hal_sd.o(.text.HAL_SD_ConfigSpeedBusOperation)
    HAL_SD_ConfigWideBusOperation            0x080077b1   Thumb Code   406  stm32h7xx_hal_sd.o(.text.HAL_SD_ConfigWideBusOperation)
    HAL_SD_DeInit                            0x08007949   Thumb Code    40  stm32h7xx_hal_sd.o(.text.HAL_SD_DeInit)
    HAL_SD_ErrorCallback                     0x08007971   Thumb Code    30  sd_card.o(.text.HAL_SD_ErrorCallback)
    HAL_SD_GetCardCSD                        0x08007991   Thumb Code   402  stm32h7xx_hal_sd.o(.text.HAL_SD_GetCardCSD)
    HAL_SD_GetCardInfo                       0x08007b29   Thumb Code    38  stm32h7xx_hal_sd.o(.text.HAL_SD_GetCardInfo)
    HAL_SD_GetCardState                      0x08007b51   Thumb Code    42  stm32h7xx_hal_sd.o(.text.HAL_SD_GetCardState)
    HAL_SD_GetCardStatus                     0x08007b81   Thumb Code   456  stm32h7xx_hal_sd.o(.text.HAL_SD_GetCardStatus)
    HAL_SD_IRQHandler                        0x08007d49   Thumb Code   758  stm32h7xx_hal_sd.o(.text.HAL_SD_IRQHandler)
    HAL_SD_Init                              0x08008041   Thumb Code   210  stm32h7xx_hal_sd.o(.text.HAL_SD_Init)
    HAL_SD_InitCard                          0x08008119   Thumb Code   714  stm32h7xx_hal_sd.o(.text.HAL_SD_InitCard)
    HAL_SD_MspDeInit                         0x080083e9   Thumb Code    66  sdmmc.o(.text.HAL_SD_MspDeInit)
    HAL_SD_MspInit                           0x08008431   Thumb Code   222  sdmmc.o(.text.HAL_SD_MspInit)
    HAL_SD_ReadBlocks_DMA                    0x08008511   Thumb Code   230  stm32h7xx_hal_sd.o(.text.HAL_SD_ReadBlocks_DMA)
    HAL_SD_RxCpltCallback                    0x080085f9   Thumb Code    30  sd_card.o(.text.HAL_SD_RxCpltCallback)
    HAL_SD_TxCpltCallback                    0x08008619   Thumb Code    30  sd_card.o(.text.HAL_SD_TxCpltCallback)
    HAL_SD_WriteBlocks_DMA                   0x08008639   Thumb Code   232  stm32h7xx_hal_sd.o(.text.HAL_SD_WriteBlocks_DMA)
    HAL_SPI_Abort                            0x08008721   Thumb Code   536  stm32h7xx_hal_spi.o(.text.HAL_SPI_Abort)
    HAL_SPI_DeInit                           0x08008939   Thumb Code    48  stm32h7xx_hal_spi.o(.text.HAL_SPI_DeInit)
    HAL_SPI_ErrorCallback                    0x08008969   Thumb Code    70  lepton_stream.o(.text.HAL_SPI_ErrorCallback)
    HAL_SPI_IRQHandler                       0x080089b1   Thumb Code   590  stm32h7xx_hal_spi.o(.text.HAL_SPI_IRQHandler)
    HAL_SPI_Init                             0x08008c01   Thumb Code   444  stm32h7xx_hal_spi.o(.text.HAL_SPI_Init)
    HAL_SPI_MspDeInit                        0x08008dc1   Thumb Code    96  spi.o(.text.HAL_SPI_MspDeInit)
    HAL_SPI_MspInit                          0x08008e21   Thumb Code   238  spi.o(.text.HAL_SPI_MspInit)
    HAL_SPI_Receive                          0x08008f11   Thumb Code   816  stm32h7xx_hal_spi.o(.text.HAL_SPI_Receive)
    HAL_SPI_RxCpltCallback                   0x08009241   Thumb Code     2  stm32h7xx_hal_spi.o(.text.HAL_SPI_RxCpltCallback)
    HAL_SPI_SuspendCallback                  0x08009249   Thumb Code     2  stm32h7xx_hal_spi.o(.text.HAL_SPI_SuspendCallback)
    HAL_SPI_Transmit_DMA                     0x08009251   Thumb Code   388  stm32h7xx_hal_spi.o(.text.HAL_SPI_Transmit_DMA)
    HAL_SPI_TxCpltCallback                   0x080093d9   Thumb Code    70  lepton_stream.o(.text.HAL_SPI_TxCpltCallback)
    HAL_SPI_TxHalfCpltCallback               0x08009421   Thumb Code     2  stm32h7xx_hal_spi.o(.text.HAL_SPI_TxHalfCpltCallback)
    HAL_SPI_TxRxCpltCallback                 0x08009429   Thumb Code     2  stm32h7xx_hal_spi.o(.text.HAL_SPI_TxRxCpltCallback)
    HAL_SYSCFG_AnalogSwitchConfig            0x08009431   Thumb Code    20  stm32h7xx_hal.o(.text.HAL_SYSCFG_AnalogSwitchConfig)
    HAL_SYSTICK_Config                       0x08009449   Thumb Code    46  stm32h7xx_hal_cortex.o(.text.HAL_SYSTICK_Config)
    HAL_UARTEx_DisableFifoMode               0x08009479   Thumb Code    54  stm32h7xx_hal_uart_ex.o(.text.HAL_UARTEx_DisableFifoMode)
    HAL_UARTEx_RxEventCallback               0x080094b1   Thumb Code     2  stm32h7xx_hal_uart.o(.text.HAL_UARTEx_RxEventCallback)
    HAL_UARTEx_RxFifoFullCallback            0x080094b9   Thumb Code     2  stm32h7xx_hal_uart_ex.o(.text.HAL_UARTEx_RxFifoFullCallback)
    HAL_UARTEx_SetRxFifoThreshold            0x080094c1   Thumb Code   140  stm32h7xx_hal_uart_ex.o(.text.HAL_UARTEx_SetRxFifoThreshold)
    HAL_UARTEx_SetTxFifoThreshold            0x08009551   Thumb Code   140  stm32h7xx_hal_uart_ex.o(.text.HAL_UARTEx_SetTxFifoThreshold)
    HAL_UARTEx_TxFifoEmptyCallback           0x080095e1   Thumb Code     2  stm32h7xx_hal_uart_ex.o(.text.HAL_UARTEx_TxFifoEmptyCallback)
    HAL_UARTEx_WakeupCallback                0x080095e9   Thumb Code     2  stm32h7xx_hal_uart_ex.o(.text.HAL_UARTEx_WakeupCallback)
    HAL_UART_ErrorCallback                   0x080095f1   Thumb Code    78  lepton_stream.o(.text.HAL_UART_ErrorCallback)
    HAL_UART_IRQHandler                      0x08009641   Thumb Code  1674  stm32h7xx_hal_uart.o(.text.HAL_UART_IRQHandler)
    HAL_UART_Init                            0x08009cd1   Thumb Code   100  stm32h7xx_hal_uart.o(.text.HAL_UART_Init)
    HAL_UART_MspInit                         0x08009d39   Thumb Code   432  usart.o(.text.HAL_UART_MspInit)
    HAL_UART_Receive_IT                      0x08009ee9   Thumb Code   172  stm32h7xx_hal_uart.o(.text.HAL_UART_Receive_IT)
    HAL_UART_RxCpltCallback                  0x08009f99   Thumb Code   512  lepton_stream.o(.text.HAL_UART_RxCpltCallback)
    HAL_UART_Transmit                        0x0800a1c1   Thumb Code   364  stm32h7xx_hal_uart.o(.text.HAL_UART_Transmit)
    HAL_UART_Transmit_DMA                    0x0800a331   Thumb Code   236  stm32h7xx_hal_uart.o(.text.HAL_UART_Transmit_DMA)
    HAL_UART_TxCpltCallback                  0x0800a421   Thumb Code    46  lepton_stream.o(.text.HAL_UART_TxCpltCallback)
    HAL_UART_TxHalfCpltCallback              0x0800a451   Thumb Code     2  stm32h7xx_hal_uart.o(.text.HAL_UART_TxHalfCpltCallback)
    HardFault_Handler                        0x0800a459   Thumb Code   148  stm32h7xx_it.o(.text.HardFault_Handler)
    LED_TURN                                 0x0800a851   Thumb Code    50  led.o(.text.LED_TURN)
    Lepton_CCI_SetAttr                       0x0800ae11   Thumb Code   738  lepton.o(.text.Lepton_CCI_SetAttr)
    Lepton_Capture_Frame                     0x0800b0f9   Thumb Code  1256  lepton.o(.text.Lepton_Capture_Frame)
    Lepton_I2C_BitBang_Probe                 0x0800b5e1   Thumb Code   454  lepton.o(.text.Lepton_I2C_BitBang_Probe)
    Lepton_Init                              0x0800b7a9   Thumb Code  1362  lepton.o(.text.Lepton_Init)
    Lepton_Raw_To_Temp                       0x0800bd01   Thumb Code    24  lepton.o(.text.Lepton_Raw_To_Temp)
    Lepton_Stream_Active                     0x0800bd21   Thumb Code    12  lepton_stream.o(.text.Lepton_Stream_Active)
    Lepton_Stream_Init                       0x0800bd31   Thumb Code   662  lepton_stream.o(.text.Lepton_Stream_Init)
    Lepton_Stream_Poll                       0x0800bfc9   Thumb Code   208  lepton_stream.o(.text.Lepton_Stream_Poll)
    Lepton_Stream_SendFrame                  0x0800c0b1   Thumb Code  1008  lepton_stream.o(.text.Lepton_Stream_SendFrame)
    Lepton_VoSPI_Resync                      0x0800c4a1   Thumb Code    28  lepton.o(.text.Lepton_VoSPI_Resync)
    Lepton_WaitBoot                          0x0800c4c1   Thumb Code   180  lepton.o(.text.Lepton_WaitBoot)
    MX_ADC1_Init                             0x0800c579   Thumb Code   168  adc.o(.text.MX_ADC1_Init)
    MX_ADC2_Init                             0x0800c621   Thumb Code   120  adc.o(.text.MX_ADC2_Init)
    MX_DMA_Init                              0x0800c699   Thumb Code    52  dma.o(.text.MX_DMA_Init)
    MX_GPIO_Init                             0x0800c6d1   Thumb Code   596  gpio.o(.text.MX_GPIO_Init)
    MX_I2C4_Init                             0x0800c929   Thumb Code   106  i2c.o(.text.MX_I2C4_Init)
    MX_LTDC_Init                             0x0800c999   Thumb Code   210  ltdc.o(.text.MX_LTDC_Init)
    MX_SDMMC2_SD_Init                        0x0800ca71   Thumb Code     2  sdmmc.o(.text.MX_SDMMC2_SD_Init)
    MX_SPI4_Init                             0x0800ca79   Thumb Code    90  spi.o(.text.MX_SPI4_Init)
    MX_SPI5_Init                             0x0800cad9   Thumb Code    90  spi.o(.text.MX_SPI5_Init)
    MX_UART4_Init                            0x0800cb39   Thumb Code   124  usart.o(.text.MX_UART4_Init)
    MX_UART5_Init                            0x0800cbb9   Thumb Code   124  usart.o(.text.MX_UART5_Init)
    MX_USART1_UART_Init                      0x0800cc39   Thumb Code   124  usart.o(.text.MX_USART1_UART_Init)
    MemManage_Handler                        0x0800ccb9   Thumb Code     2  stm32h7xx_it.o(.text.MemManage_Handler)
    NMI_Handler                              0x0800ccc1   Thumb Code     2  stm32h7xx_it.o(.text.NMI_Handler)
    OLED_Clear                               0x0800ccc9   Thumb Code  1166  oled.o(.text.OLED_Clear)
    OLED_I2C_Start                           0x0800d159   Thumb Code   220  oled.o(.text.OLED_I2C_Start)
    OLED_Init                                0x0800d239   Thumb Code  1360  oled.o(.text.OLED_Init)
    OLED_Refresh                             0x0800d789   Thumb Code   778  oled.o(.text.OLED_Refresh)
    OLED_Send_Byte                           0x0800da99   Thumb Code  1170  oled.o(.text.OLED_Send_Byte)
    OLED_ShowChar                            0x0800df31   Thumb Code  1746  oled.o(.text.OLED_ShowChar)
    OLED_ShowString                          0x0800e609   Thumb Code    82  oled.o(.text.OLED_ShowString)
    OLED_WR_Byte                             0x0800e661   Thumb Code   718  oled.o(.text.OLED_WR_Byte)
    PendSV_Handler                           0x0800e931   Thumb Code     2  stm32h7xx_it.o(.text.PendSV_Handler)
    SDMMC2_IRQHandler                        0x0800eb89   Thumb Code    12  stm32h7xx_it.o(.text.SDMMC2_IRQHandler)
    SDMMC_CmdAppCommand                      0x0800eb99   Thumb Code    36  stm32h7xx_ll_sdmmc.o(.text.SDMMC_CmdAppCommand)
    SDMMC_CmdAppOperCommand                  0x0800ebc1   Thumb Code   150  stm32h7xx_ll_sdmmc.o(.text.SDMMC_CmdAppOperCommand)
    SDMMC_CmdBlockLength                     0x0800ec59   Thumb Code    36  stm32h7xx_ll_sdmmc.o(.text.SDMMC_CmdBlockLength)
    SDMMC_CmdBusWidth                        0x0800ec81   Thumb Code    36  stm32h7xx_ll_sdmmc.o(.text.SDMMC_CmdBusWidth)
    SDMMC_CmdGoIdleState                     0x0800eca9   Thumb Code   106  stm32h7xx_ll_sdmmc.o(.text.SDMMC_CmdGoIdleState)
    SDMMC_CmdOperCond                        0x0800ed19   Thumb Code   178  stm32h7xx_ll_sdmmc.o(.text.SDMMC_CmdOperCond)
    SDMMC_CmdReadMultiBlock                  0x0800edd1   Thumb Code    36  stm32h7xx_ll_sdmmc.o(.text.SDMMC_CmdReadMultiBlock)
    SDMMC_CmdReadSingleBlock                 0x0800edf9   Thumb Code    36  stm32h7xx_ll_sdmmc.o(.text.SDMMC_CmdReadSingleBlock)
    SDMMC_CmdSelDesel                        0x0800ee21   Thumb Code    36  stm32h7xx_ll_sdmmc.o(.text.SDMMC_CmdSelDesel)
    SDMMC_CmdSendCID                         0x0800ee49   Thumb Code   168  stm32h7xx_ll_sdmmc.o(.text.SDMMC_CmdSendCID)
    SDMMC_CmdSendCSD                         0x0800eef1   Thumb Code   168  stm32h7xx_ll_sdmmc.o(.text.SDMMC_CmdSendCSD)
    SDMMC_CmdSendSCR                         0x0800ef99   Thumb Code    38  stm32h7xx_ll_sdmmc.o(.text.SDMMC_CmdSendSCR)
    SDMMC_CmdSendStatus                      0x0800efc1   Thumb Code    36  stm32h7xx_ll_sdmmc.o(.text.SDMMC_CmdSendStatus)
    SDMMC_CmdSetRelAdd                       0x0800efe9   Thumb Code   214  stm32h7xx_ll_sdmmc.o(.text.SDMMC_CmdSetRelAdd)
    SDMMC_CmdStatusRegister                  0x0800f0c1   Thumb Code    38  stm32h7xx_ll_sdmmc.o(.text.SDMMC_CmdStatusRegister)
    SDMMC_CmdStopTransfer                    0x0800f0e9   Thumb Code    78  stm32h7xx_ll_sdmmc.o(.text.SDMMC_CmdStopTransfer)
    SDMMC_CmdSwitch                          0x0800f139   Thumb Code    36  stm32h7xx_ll_sdmmc.o(.text.SDMMC_CmdSwitch)
    SDMMC_CmdWriteMultiBlock                 0x0800f161   Thumb Code    36  stm32h7xx_ll_sdmmc.o(.text.SDMMC_CmdWriteMultiBlock)
    SDMMC_CmdWriteSingleBlock                0x0800f189   Thumb Code    36  stm32h7xx_ll_sdmmc.o(.text.SDMMC_CmdWriteSingleBlock)
    SDMMC_ConfigData                         0x0800f1b1   Thumb Code    44  stm32h7xx_ll_sdmmc.o(.text.SDMMC_ConfigData)
    SDMMC_GetCmdResp1                        0x0800f1e1   Thumb Code   406  stm32h7xx_ll_sdmmc.o(.text.SDMMC_GetCmdResp1)
    SDMMC_GetPowerState                      0x0800f379   Thumb Code     8  stm32h7xx_ll_sdmmc.o(.text.SDMMC_GetPowerState)
    SDMMC_GetResponse                        0x0800f381   Thumb Code     6  stm32h7xx_ll_sdmmc.o(.text.SDMMC_GetResponse)
    SDMMC_Init                               0x0800f389   Thumb Code    34  stm32h7xx_ll_sdmmc.o(.text.SDMMC_Init)
    SDMMC_PowerState_OFF                     0x0800f3b1   Thumb Code    14  stm32h7xx_ll_sdmmc.o(.text.SDMMC_PowerState_OFF)
    SDMMC_PowerState_ON                      0x0800f3c1   Thumb Code    14  stm32h7xx_ll_sdmmc.o(.text.SDMMC_PowerState_ON)
    SDMMC_ReadFIFO                           0x0800f3d1   Thumb Code     6  stm32h7xx_ll_sdmmc.o(.text.SDMMC_ReadFIFO)
    SDMMC_WriteFIFO                          0x0800f3d9   Thumb Code    12  stm32h7xx_ll_sdmmc.o(.text.SDMMC_WriteFIFO)
    SD_Card_Init                             0x0800f3e9   Thumb Code   298  sd_card.o(.text.SD_Card_Init)
    SD_GetCardInfo                           0x0800f611   Thumb Code    18  sd_card.o(.text.SD_GetCardInfo)
    SD_IsPresent                             0x0800f629   Thumb Code    28  sd_card.o(.text.SD_IsPresent)
    SD_ReadDisk_DMA                          0x0800f649   Thumb Code   608  sd_card.o(.text.SD_ReadDisk_DMA)
    SD_WriteDisk_DMA                         0x0800fb71   Thumb Code   572  sd_card.o(.text.SD_WriteDisk_DMA)
    SPI5_IRQHandler                          0x0800fdb1   Thumb Code    12  stm32h7xx_it.o(.text.SPI5_IRQHandler)
    SVC_Handler                              0x0800ff09   Thumb Code     2  stm32h7xx_it.o(.text.SVC_Handler)
    SW_I2C_Init                              0x0800ff11   Thumb Code    88  sw_i2c.o(.text.SW_I2C_Init)
    SW_I2C_ReadByte                          0x0800ff69   Thumb Code  1504  sw_i2c.o(.text.SW_I2C_ReadByte)
    SW_I2C_SendByte                          0x08010549   Thumb Code  1148  sw_i2c.o(.text.SW_I2C_SendByte)
    SW_I2C_Start                             0x080109c9   Thumb Code   164  sw_i2c.o(.text.SW_I2C_Start)
    SW_I2C_Stop                              0x08010a71   Thumb Code   216  sw_i2c.o(.text.SW_I2C_Stop)
    SW_I2C_WaitAck                           0x08010b49   Thumb Code   194  sw_i2c.o(.text.SW_I2C_WaitAck)
    SysTick_Handler                          0x08010c11   Thumb Code     4  stm32h7xx_it.o(.text.SysTick_Handler)
    SystemClock_Config                       0x08010c19   Thumb Code   216  main.o(.text.SystemClock_Config)
    SystemInit                               0x08010cf1   Thumb Code   238  system_stm32h7xx.o(.text.SystemInit)
    UART4_IRQHandler                         0x08010de1   Thumb Code    12  stm32h7xx_it.o(.text.UART4_IRQHandler)
    UART_AdvFeatureConfig                    0x08010df1   Thumb Code   224  stm32h7xx_hal_uart.o(.text.UART_AdvFeatureConfig)
    UART_CheckIdleState                      0x08010ed1   Thumb Code   366  stm32h7xx_hal_uart.o(.text.UART_CheckIdleState)
    UART_SetConfig                           0x08011d11   Thumb Code  1152  stm32h7xx_hal_uart.o(.text.UART_SetConfig)
    UART_Start_Receive_IT                    0x08012199   Thumb Code   628  stm32h7xx_hal_uart.o(.text.UART_Start_Receive_IT)
    UART_WaitOnFlagUntilTimeout              0x08012411   Thumb Code   856  stm32h7xx_hal_uart.o(.text.UART_WaitOnFlagUntilTimeout)
    USART1_IRQHandler                        0x08012769   Thumb Code    12  stm32h7xx_it.o(.text.USART1_IRQHandler)
    UsageFault_Handler                       0x08012779   Thumb Code     2  stm32h7xx_it.o(.text.UsageFault_Handler)
    delay_ms                                 0x08012ab9   Thumb Code   166  delay.o(.text.delay_ms)
    delay_us                                 0x08012b61   Thumb Code   128  delay.o(.text.delay_us)
    main                                     0x08012be1   Thumb Code  2476  main.o(.text.main)
    sht40_read_data                          0x08013631   Thumb Code   620  sht40.o(.text.sht40_read_data)
    _btod_d2e                                0x080138ad   Thumb Code    62  btod.o(CL$$btod_d2e)
    _d2e_denorm_low                          0x080138eb   Thumb Code    70  btod.o(CL$$btod_d2e_denorm_low)
    _d2e_norm_op1                            0x08013931   Thumb Code    96  btod.o(CL$$btod_d2e_norm_op1)
    __btod_div_common                        0x08013991   Thumb Code   696  btod.o(CL$$btod_div_common)
    _e2e                                     0x08013cc9   Thumb Code   220  btod.o(CL$$btod_e2e)
    _btod_ediv                               0x08013da5   Thumb Code    42  btod.o(CL$$btod_ediv)
    _btod_emul                               0x08013dcf   Thumb Code    42  btod.o(CL$$btod_emul)
    __btod_mult_common                       0x08013df9   Thumb Code   580  btod.o(CL$$btod_mult_common)
    __ARM_fpclassify                         0x0801403d   Thumb Code    48  fpclassify.o(i.__ARM_fpclassify)
    __ARM_fpclassifyf                        0x0801406d   Thumb Code    38  fpclassifyf.o(i.__ARM_fpclassifyf)
    __hardfp_powf                            0x08014095   Thumb Code  1606  powf.o(i.__hardfp_powf)
    __mathlib_powf                           0x08014095   Thumb Code     0  powf.o(i.__hardfp_powf)
    __mathlib_flt_divzero                    0x080146f9   Thumb Code    14  funder.o(i.__mathlib_flt_divzero)
    __mathlib_flt_infnan2                    0x0801470d   Thumb Code     6  funder.o(i.__mathlib_flt_infnan2)
    __mathlib_flt_invalid                    0x08014715   Thumb Code    10  funder.o(i.__mathlib_flt_invalid)
    __mathlib_flt_overflow                   0x08014725   Thumb Code    10  funder.o(i.__mathlib_flt_overflow)
    __mathlib_flt_underflow                  0x08014735   Thumb Code    10  funder.o(i.__mathlib_flt_underflow)
    _is_digit                                0x08014745   Thumb Code    14  __printf_wp.o(i._is_digit)
    _get_lc_numeric                          0x08014755   Thumb Code    44  lc_numeric_c.o(locale$$code)
    _fp_init                                 0x08014781   Thumb Code    26  fpinit.o(x$fpl$fpinit)
    __fplib_config_fpu_vfp                   0x08014799   Thumb Code     0  fpinit.o(x$fpl$fpinit)
    __fplib_config_pureend_doubles           0x08014799   Thumb Code     0  fpinit.o(x$fpl$fpinit)
    _printf_fp_dec                           0x0801479b   Thumb Code     4  printf1.o(x$fpl$printf1)
    __I$use$fp                               0x0801479e   Number         0  usenofp.o(x$fpl$usenofp)
    D1CorePrescTable                         0x080149b8   Data          16  system_stm32h7xx.o(.rodata.D1CorePrescTable)
    UARTPrescTable                           0x080149c8   Data          24  stm32h7xx_hal_uart.o(.rodata.UARTPrescTable)
    oled_asc2_1206                           0x08014a10   Data        1140  oled.o(.rodata.oled_asc2_1206)
    oled_asc2_1608                           0x08014e84   Data        1520  oled.o(.rodata.oled_asc2_1608)
    oled_asc2_2412                           0x08015474   Data        3420  oled.o(.rodata.oled_asc2_2412)
    Region$$Table$$Base                      0x08016b20   Number         0  anon$$obj.o(Region$$Table)
    Region$$Table$$Limit                     0x08016b40   Number         0  anon$$obj.o(Region$$Table)
    sd_init_status                           0x24000000   Data           1  main.o(.data..L_MergedGlobals)
    sd_present_last                          0x24000001   Data           1  main.o(.data..L_MergedGlobals)
    s_buf                                    0x24000002   Data          17  main.o(.data..L_MergedGlobals)
    uwTickFreq                               0x24000014   Data           1  stm32h7xx_hal.o(.data..L_MergedGlobals)
    uwTickPrio                               0x24000018   Data           4  stm32h7xx_hal.o(.data..L_MergedGlobals)
    SystemCoreClock                          0x2400001c   Data           4  system_stm32h7xx.o(.data..L_MergedGlobals)
    SystemD2Clock                            0x24000020   Data           4  system_stm32h7xx.o(.data..L_MergedGlobals)
    sd_dbg_cardver                           0x24000028   Data           1  sd_card.o(.data.sd_dbg_cardver)
    __libspace_start                         0x24000040   Data          96  libspace.o(.bss)
    __temporary_stack_top$libspace           0x240000a0   Data           0  libspace.o(.bss)
    g_sd_rx_cplt                             0x240000a0   Data           1  sd_card.o(.bss..L_MergedGlobals)
    g_sd_tx_cplt                             0x240000a1   Data           1  sd_card.o(.bss..L_MergedGlobals)
    g_sd_error                               0x240000a2   Data           1  sd_card.o(.bss..L_MergedGlobals)
    sd_dbg_stage                             0x240000a3   Data           1  sd_card.o(.bss..L_MergedGlobals)
    sd_dbg_kerclk                            0x240000a4   Data           4  sd_card.o(.bss..L_MergedGlobals)
    sd_dbg_errorcode                         0x240000a8   Data           4  sd_card.o(.bss..L_MergedGlobals)
    sht40_status                             0x2400012c   Data           1  main.o(.bss..L_MergedGlobals.43)
    temperature                              0x24000130   Data           4  main.o(.bss..L_MergedGlobals.43)
    humidity                                 0x24000134   Data           4  main.o(.bss..L_MergedGlobals.43)
    disp_buff                                0x24000148   Data          32  main.o(.bss..L_MergedGlobals.43)
    sd_info                                  0x24000168   Data          36  main.o(.bss..L_MergedGlobals.43)
    OLED_GRAM                                0x24000190   Data        1152  oled.o(.bss.OLED_GRAM)
    hadc1                                    0x24000c20   Data         100  adc.o(.bss.hadc1)
    hadc2                                    0x24000c84   Data         100  adc.o(.bss.hadc2)
    hdma_spi5_tx                             0x24000ce8   Data         120  lepton_stream.o(.bss.hdma_spi5_tx)
    hdma_uart4_tx                            0x24000d60   Data         120  lepton_stream.o(.bss.hdma_uart4_tx)
    hdma_usart1_tx                           0x24000dd8   Data         120  usart.o(.bss.hdma_usart1_tx)
    hi2c4                                    0x24000e50   Data          84  i2c.o(.bss.hi2c4)
    hltdc                                    0x24000ea4   Data         168  ltdc.o(.bss.hltdc)
    hsd2                                     0x24000f4c   Data         124  sdmmc.o(.bss.hsd2)
    hspi4                                    0x24000fc8   Data         136  spi.o(.bss.hspi4)
    hspi5                                    0x24001050   Data         136  spi.o(.bss.hspi5)
    huart1                                   0x240010d8   Data         148  usart.o(.bss.huart1)
    huart4                                   0x2400116c   Data         148  usart.o(.bss.huart4)
    huart5                                   0x24001200   Data         148  usart.o(.bss.huart5)
    lepton_diag                              0x2400a894   Data         124  lepton.o(.bss.lepton_diag)
    lepton_raw_frame                         0x2400a910   Data       38400  lepton.o(.bss.lepton_raw_frame)
    lepton_spi_pkt                           0x24013f10   Data         164  lepton.o(.bss.lepton_spi_pkt)
    uwTick                                   0x24029180   Data           4  stm32h7xx_hal.o(.bss.uwTick)



==============================================================================

Memory Map of the image

  Image Entry point : 0x08000299

  Load Region LR_IROM1 (Base: 0x08000000, Size: 0x00016ba0, Max: 0x00200000, ABSOLUTE)

    Execution Region ER_IROM1 (Exec base: 0x08000000, Load base: 0x08000000, Size: 0x00016b5c, Max: 0x00200000, ABSOLUTE)

    Exec Addr    Load Addr    Size         Type   Attr      Idx    E Section Name        Object

    0x08000000   0x08000000   0x00000298   Data   RO            3    RESET               startup_stm32h743xx.o
    0x08000298   0x08000298   0x00000008   Code   RO         2145  * !!!main             c_w.l(__main.o)
    0x080002a0   0x080002a0   0x0000005c   Code   RO         2419    !!!scatter          c_w.l(__scatter.o)
    0x080002fc   0x080002fc   0x0000001a   Code   RO         2423    !!handler_copy      c_w.l(__scatter_copy.o)
    0x08000316   0x08000316   0x00000002   PAD
    0x08000318   0x08000318   0x00000002   Code   RO         2420    !!handler_null      c_w.l(__scatter.o)
    0x0800031a   0x0800031a   0x00000002   PAD
    0x0800031c   0x0800031c   0x0000001c   Code   RO         2425    !!handler_zi        c_w.l(__scatter_zi.o)
    0x08000338   0x08000338   0x00000000   Code   RO         2132    .ARM.Collect$$_printf_percent$$00000000  c_w.l(_printf_percent.o)
    0x08000338   0x08000338   0x00000006   Code   RO         2131    .ARM.Collect$$_printf_percent$$00000003  c_w.l(_printf_f.o)
    0x0800033e   0x0800033e   0x00000006   Code   RO         2129    .ARM.Collect$$_printf_percent$$00000009  c_w.l(_printf_d.o)
    0x08000344   0x08000344   0x00000006   Code   RO         2130    .ARM.Collect$$_printf_percent$$0000000A  c_w.l(_printf_u.o)
    0x0800034a   0x0800034a   0x00000006   Code   RO         2128    .ARM.Collect$$_printf_percent$$0000000C  c_w.l(_printf_x.o)
    0x08000350   0x08000350   0x00000006   Code   RO         2126    .ARM.Collect$$_printf_percent$$00000013  c_w.l(_printf_c.o)
    0x08000356   0x08000356   0x00000006   Code   RO         2127    .ARM.Collect$$_printf_percent$$00000014  c_w.l(_printf_s.o)
    0x0800035c   0x0800035c   0x00000004   Code   RO         2177    .ARM.Collect$$_printf_percent$$00000017  c_w.l(_printf_percent_end.o)
    0x08000360   0x08000360   0x00000002   Code   RO         2282    .ARM.Collect$$libinit$$00000000  c_w.l(libinit.o)
    0x08000362   0x08000362   0x00000004   Code   RO         2283    .ARM.Collect$$libinit$$00000001  c_w.l(libinit2.o)
    0x08000366   0x08000366   0x00000000   Code   RO         2286    .ARM.Collect$$libinit$$00000004  c_w.l(libinit2.o)
    0x08000366   0x08000366   0x00000000   Code   RO         2288    .ARM.Collect$$libinit$$00000006  c_w.l(libinit2.o)
    0x08000366   0x08000366   0x00000000   Code   RO         2291    .ARM.Collect$$libinit$$0000000C  c_w.l(libinit2.o)
    0x08000366   0x08000366   0x00000000   Code   RO         2293    .ARM.Collect$$libinit$$0000000E  c_w.l(libinit2.o)
    0x08000366   0x08000366   0x00000000   Code   RO         2295    .ARM.Collect$$libinit$$00000010  c_w.l(libinit2.o)
    0x08000366   0x08000366   0x00000006   Code   RO         2296    .ARM.Collect$$libinit$$00000011  c_w.l(libinit2.o)
    0x0800036c   0x0800036c   0x00000000   Code   RO         2298    .ARM.Collect$$libinit$$00000013  c_w.l(libinit2.o)
    0x0800036c   0x0800036c   0x00000000   Code   RO         2300    .ARM.Collect$$libinit$$00000015  c_w.l(libinit2.o)
    0x0800036c   0x0800036c   0x00000000   Code   RO         2302    .ARM.Collect$$libinit$$00000017  c_w.l(libinit2.o)
    0x0800036c   0x0800036c   0x0000000a   Code   RO         2303    .ARM.Collect$$libinit$$00000018  c_w.l(libinit2.o)
    0x08000376   0x08000376   0x00000000   Code   RO         2304    .ARM.Collect$$libinit$$00000019  c_w.l(libinit2.o)
    0x08000376   0x08000376   0x00000000   Code   RO         2306    .ARM.Collect$$libinit$$0000001B  c_w.l(libinit2.o)
    0x08000376   0x08000376   0x00000000   Code   RO         2308    .ARM.Collect$$libinit$$0000001D  c_w.l(libinit2.o)
    0x08000376   0x08000376   0x00000000   Code   RO         2310    .ARM.Collect$$libinit$$0000001F  c_w.l(libinit2.o)
    0x08000376   0x08000376   0x00000000   Code   RO         2312    .ARM.Collect$$libinit$$00000021  c_w.l(libinit2.o)
    0x08000376   0x08000376   0x00000000   Code   RO         2314    .ARM.Collect$$libinit$$00000023  c_w.l(libinit2.o)
    0x08000376   0x08000376   0x00000000   Code   RO         2316    .ARM.Collect$$libinit$$00000025  c_w.l(libinit2.o)
    0x08000376   0x08000376   0x00000000   Code   RO         2318    .ARM.Collect$$libinit$$00000027  c_w.l(libinit2.o)
    0x08000376   0x08000376   0x00000000   Code   RO         2322    .ARM.Collect$$libinit$$0000002E  c_w.l(libinit2.o)
    0x08000376   0x08000376   0x00000000   Code   RO         2324    .ARM.Collect$$libinit$$00000030  c_w.l(libinit2.o)
    0x08000376   0x08000376   0x00000000   Code   RO         2326    .ARM.Collect$$libinit$$00000032  c_w.l(libinit2.o)
    0x08000376   0x08000376   0x00000000   Code   RO         2328    .ARM.Collect$$libinit$$00000034  c_w.l(libinit2.o)
    0x08000376   0x08000376   0x00000002   Code   RO         2329    .ARM.Collect$$libinit$$00000035  c_w.l(libinit2.o)
    0x08000378   0x08000378   0x00000002   Code   RO         2384    .ARM.Collect$$libshutdown$$00000000  c_w.l(libshutdown.o)
    0x0800037a   0x0800037a   0x00000000   Code   RO         2402    .ARM.Collect$$libshutdown$$00000002  c_w.l(libshutdown2.o)
    0x0800037a   0x0800037a   0x00000000   Code   RO         2404    .ARM.Collect$$libshutdown$$00000004  c_w.l(libshutdown2.o)
    0x0800037a   0x0800037a   0x00000000   Code   RO         2407    .ARM.Collect$$libshutdown$$00000007  c_w.l(libshutdown2.o)
    0x0800037a   0x0800037a   0x00000000   Code   RO         2410    .ARM.Collect$$libshutdown$$0000000A  c_w.l(libshutdown2.o)
    0x0800037a   0x0800037a   0x00000000   Code   RO         2412    .ARM.Collect$$libshutdown$$0000000C  c_w.l(libshutdown2.o)
    0x0800037a   0x0800037a   0x00000000   Code   RO         2415    .ARM.Collect$$libshutdown$$0000000F  c_w.l(libshutdown2.o)
    0x0800037a   0x0800037a   0x00000002   Code   RO         2416    .ARM.Collect$$libshutdown$$00000010  c_w.l(libshutdown2.o)
    0x0800037c   0x0800037c   0x00000000   Code   RO         2156    .ARM.Collect$$rtentry$$00000000  c_w.l(__rtentry.o)
    0x0800037c   0x0800037c   0x00000000   Code   RO         2198    .ARM.Collect$$rtentry$$00000002  c_w.l(__rtentry2.o)
    0x0800037c   0x0800037c   0x00000006   Code   RO         2210    .ARM.Collect$$rtentry$$00000004  c_w.l(__rtentry4.o)
    0x08000382   0x08000382   0x00000000   Code   RO         2200    .ARM.Collect$$rtentry$$00000009  c_w.l(__rtentry2.o)
    0x08000382   0x08000382   0x00000004   Code   RO         2201    .ARM.Collect$$rtentry$$0000000A  c_w.l(__rtentry2.o)
    0x08000386   0x08000386   0x00000000   Code   RO         2203    .ARM.Collect$$rtentry$$0000000C  c_w.l(__rtentry2.o)
    0x08000386   0x08000386   0x00000008   Code   RO         2204    .ARM.Collect$$rtentry$$0000000D  c_w.l(__rtentry2.o)
    0x0800038e   0x0800038e   0x00000002   Code   RO         2330    .ARM.Collect$$rtexit$$00000000  c_w.l(rtexit.o)
    0x08000390   0x08000390   0x00000000   Code   RO         2349    .ARM.Collect$$rtexit$$00000002  c_w.l(rtexit2.o)
    0x08000390   0x08000390   0x00000004   Code   RO         2350    .ARM.Collect$$rtexit$$00000003  c_w.l(rtexit2.o)
    0x08000394   0x08000394   0x00000006   Code   RO         2351    .ARM.Collect$$rtexit$$00000004  c_w.l(rtexit2.o)
    0x0800039a   0x0800039a   0x00000002   PAD
    0x0800039c   0x0800039c   0x00000048   Code   RO            4    .text               startup_stm32h743xx.o
    0x080003e4   0x080003e4   0x000000f0   Code   RO         2067    .text               c_w.l(lludivv7m.o)
    0x080004d4   0x080004d4   0x0000002c   Code   RO         2069    .text               c_w.l(__2sprintf.o)
    0x08000500   0x08000500   0x00000040   Code   RO         2071    .text               c_w.l(__2snprintf.o)
    0x08000540   0x08000540   0x0000004e   Code   RO         2079    .text               c_w.l(_printf_pad.o)
    0x0800058e   0x0800058e   0x00000052   Code   RO         2081    .text               c_w.l(_printf_str.o)
    0x080005e0   0x080005e0   0x00000078   Code   RO         2083    .text               c_w.l(_printf_dec.o)
    0x08000658   0x08000658   0x00000058   Code   RO         2088    .text               c_w.l(_printf_hex_int.o)
    0x080006b0   0x080006b0   0x00000188   Code   RO         2123    .text               c_w.l(__printf_flags_ss_wp.o)
    0x08000838   0x08000838   0x00000058   Code   RO         2133    .text               c_w.l(memcmp.o)
    0x08000890   0x08000890   0x0000003e   Code   RO         2135    .text               c_w.l(strlen.o)
    0x080008ce   0x080008ce   0x0000008a   Code   RO         2137    .text               c_w.l(rt_memcpy_v6.o)
    0x08000958   0x08000958   0x00000064   Code   RO         2139    .text               c_w.l(rt_memcpy_w.o)
    0x080009bc   0x080009bc   0x0000004e   Code   RO         2141    .text               c_w.l(rt_memclr_w.o)
    0x08000a0a   0x08000a0a   0x00000006   Code   RO         2143    .text               c_w.l(heapauxi.o)
    0x08000a10   0x08000a10   0x00000016   Code   RO         2161    .text               c_w.l(_rserrno.o)
    0x08000a26   0x08000a26   0x000000b2   Code   RO         2163    .text               c_w.l(_printf_intcommon.o)
    0x08000ad8   0x08000ad8   0x0000041c   Code   RO         2165    .text               c_w.l(_printf_fp_dec.o)
    0x08000ef4   0x08000ef4   0x00000030   Code   RO         2169    .text               c_w.l(_printf_char_common.o)
    0x08000f24   0x08000f24   0x0000000a   Code   RO         2171    .text               c_w.l(_sputc.o)
    0x08000f2e   0x08000f2e   0x00000010   Code   RO         2173    .text               c_w.l(_snputc.o)
    0x08000f3e   0x08000f3e   0x0000002c   Code   RO         2175    .text               c_w.l(_printf_char.o)
    0x08000f6a   0x08000f6a   0x00000002   PAD
    0x08000f6c   0x08000f6c   0x00000008   Code   RO         2217    .text               c_w.l(rt_locale_intlibspace.o)
    0x08000f74   0x08000f74   0x00000008   Code   RO         2222    .text               c_w.l(rt_errno_addr_intlibspace.o)
    0x08000f7c   0x08000f7c   0x0000008a   Code   RO         2224    .text               c_w.l(lludiv10.o)
    0x08001006   0x08001006   0x00000002   PAD
    0x08001008   0x08001008   0x00000080   Code   RO         2226    .text               c_w.l(_printf_fp_infnan.o)
    0x08001088   0x08001088   0x000000e4   Code   RO         2230    .text               c_w.l(bigflt0.o)
    0x0800116c   0x0800116c   0x00000008   Code   RO         2262    .text               c_w.l(libspace.o)
    0x08001174   0x08001174   0x0000004a   Code   RO         2265    .text               c_w.l(sys_stackheap_outer.o)
    0x080011be   0x080011be   0x00000012   Code   RO         2269    .text               c_w.l(exit.o)
    0x080011d0   0x080011d0   0x0000007c   Code   RO         2275    .text               c_w.l(strcmpv7m_pel.o)
    0x0800124c   0x0800124c   0x0000000c   Code   RO         2344    .text               c_w.l(sys_exit.o)
    0x08001258   0x08001258   0x00000002   Code   RO         2371    .text               c_w.l(use_no_semi.o)
    0x0800125a   0x0800125a   0x00000000   Code   RO         2373    .text               c_w.l(indicate_semi.o)
    0x0800125a   0x0800125a   0x00000006   PAD
    0x08001260   0x08001260   0x0000012c   Code   RO          219    .text.ADC_ConfigureBoostMode  stm32h7xx_hal_adc.o
    0x0800138c   0x0800138c   0x00000004   PAD
    0x08001390   0x08001390   0x000000f4   Code   RO          223    .text.ADC_ConversionStop  stm32h7xx_hal_adc.o
    0x08001484   0x08001484   0x00000004   PAD
    0x08001488   0x08001488   0x00000078   Code   RO          225    .text.ADC_Disable   stm32h7xx_hal_adc.o
    0x08001500   0x08001500   0x000000aa   Code   RO          231    .text.ADC_Enable    stm32h7xx_hal_adc.o
    0x080015aa   0x080015aa   0x00000006   PAD
    0x080015b0   0x080015b0   0x00000004   Code   RO           21    .text.App_Task_Fire  main.o
    0x080015b4   0x080015b4   0x00000004   PAD
    0x080015b8   0x080015b8   0x000000e4   Code   RO           23    .text.App_Task_Oled  main.o
    0x0800169c   0x0800169c   0x00000004   PAD
    0x080016a0   0x080016a0   0x00000050   Code   RO           27    .text.App_Task_SdCd  main.o
    0x080016f0   0x080016f0   0x00000088   Code   RO           25    .text.App_Task_Sht40  main.o
    0x08001778   0x08001778   0x00000002   Code   RO          173    .text.BusFault_Handler  stm32h7xx_it.o
    0x0800177a   0x0800177a   0x00000006   PAD
    0x08001780   0x08001780   0x0000000c   Code   RO          185    .text.DMA1_Stream0_IRQHandler  stm32h7xx_it.o
    0x0800178c   0x0800178c   0x00000004   PAD
    0x08001790   0x08001790   0x0000000c   Code   RO          189    .text.DMA1_Stream1_IRQHandler  stm32h7xx_it.o
    0x0800179c   0x0800179c   0x00000004   PAD
    0x080017a0   0x080017a0   0x0000000c   Code   RO          193    .text.DMA1_Stream2_IRQHandler  stm32h7xx_it.o
    0x080017ac   0x080017ac   0x00000004   PAD
    0x080017b0   0x080017b0   0x00000128   Code   RO          570    .text.DMA_CalcBaseAndBitshift  stm32h7xx_hal_dma.o
    0x080018d8   0x080018d8   0x00000308   Code   RO          576    .text.DMA_SetConfig  stm32h7xx_hal_dma.o
    0x08001be0   0x08001be0   0x00000002   Code   RO          179    .text.DebugMon_Handler  stm32h7xx_it.o
    0x08001be2   0x08001be2   0x00000006   PAD
    0x08001be8   0x08001be8   0x00000006   Code   RO           29    .text.Error_Handler  main.o
    0x08001bee   0x08001bee   0x00000002   PAD
    0x08001bf0   0x08001bf0   0x0000002c   Code   RO         1786    .text.ExitRun0Mode  system_stm32h7xx.o
    0x08001c1c   0x08001c1c   0x00000004   PAD
    0x08001c20   0x08001c20   0x0000000c   Code   RO         2054    .text.FireGuard_Alarm  fire_guard.o
    0x08001c2c   0x08001c2c   0x00000004   PAD
    0x08001c30   0x08001c30   0x00000182   Code   RO         2040    .text.FireGuard_Init  fire_guard.o
    0x08001db2   0x08001db2   0x00000006   PAD
    0x08001db8   0x08001db8   0x0000000c   Code   RO         2052    .text.FireGuard_MQ135_PPM  fire_guard.o
    0x08001dc4   0x08001dc4   0x00000004   PAD
    0x08001dc8   0x08001dc8   0x0000000c   Code   RO         2050    .text.FireGuard_MQ2_PPM  fire_guard.o
    0x08001dd4   0x08001dd4   0x00000004   PAD
    0x08001dd8   0x08001dd8   0x000003e4   Code   RO         2042    .text.FireGuard_Poll  fire_guard.o
    0x080021bc   0x080021bc   0x00000004   PAD
    0x080021c0   0x080021c0   0x0000000c   Code   RO         2044    .text.FireGuard_State  fire_guard.o
    0x080021cc   0x080021cc   0x00000004   PAD
    0x080021d0   0x080021d0   0x000000d8   Code   RO          281    .text.HAL_ADCEx_Calibration_Start  stm32h7xx_hal_adc_ex.o
    0x080022a8   0x080022a8   0x000000b8   Code   RO          331    .text.HAL_ADCEx_MultiModeConfigChannel  stm32h7xx_hal_adc_ex.o
    0x08002360   0x08002360   0x000004f0   Code   RO          265    .text.HAL_ADC_ConfigChannel  stm32h7xx_hal_adc.o
    0x08002850   0x08002850   0x00000006   Code   RO          253    .text.HAL_ADC_GetValue  stm32h7xx_hal_adc.o
    0x08002856   0x08002856   0x00000002   PAD
    0x08002858   0x08002858   0x00000256   Code   RO          215    .text.HAL_ADC_Init  stm32h7xx_hal_adc.o
    0x08002aae   0x08002aae   0x00000002   PAD
    0x08002ab0   0x08002ab0   0x000000c0   Code   RO           58    .text.HAL_ADC_MspInit  adc.o
    0x08002b70   0x08002b70   0x00000168   Code   RO          235    .text.HAL_ADC_PollForConversion  stm32h7xx_hal_adc.o
    0x08002cd8   0x08002cd8   0x00000106   Code   RO          229    .text.HAL_ADC_Start  stm32h7xx_hal_adc.o
    0x08002dde   0x08002dde   0x00000002   PAD
    0x08002de0   0x08002de0   0x000000b4   Code   RO          233    .text.HAL_ADC_Stop  stm32h7xx_hal_adc.o
    0x08002e94   0x08002e94   0x00000004   PAD
    0x08002e98   0x08002e98   0x00000526   Code   RO          580    .text.HAL_DMA_Abort  stm32h7xx_hal_dma.o
    0x080033be   0x080033be   0x00000002   PAD
    0x080033c0   0x080033c0   0x000002b6   Code   RO          582    .text.HAL_DMA_Abort_IT  stm32h7xx_hal_dma.o
    0x08003676   0x08003676   0x00000002   PAD
    0x08003678   0x08003678   0x00000004   Code   RO          594    .text.HAL_DMA_GetError  stm32h7xx_hal_dma.o
    0x0800367c   0x0800367c   0x00000004   PAD
    0x08003680   0x08003680   0x00000824   Code   RO          586    .text.HAL_DMA_IRQHandler  stm32h7xx_hal_dma.o
    0x08003ea4   0x08003ea4   0x00000004   PAD
    0x08003ea8   0x08003ea8   0x0000065e   Code   RO          568    .text.HAL_DMA_Init  stm32h7xx_hal_dma.o
    0x08004506   0x08004506   0x00000002   PAD
    0x08004508   0x08004508   0x000003aa   Code   RO          578    .text.HAL_DMA_Start_IT  stm32h7xx_hal_dma.o
    0x080048b2   0x080048b2   0x00000006   PAD
    0x080048b8   0x080048b8   0x00000028   Code   RO          878    .text.HAL_Delay     stm32h7xx_hal.o
    0x080048e0   0x080048e0   0x0000011c   Code   RO          516    .text.HAL_GPIO_DeInit  stm32h7xx_hal_gpio.o
    0x080049fc   0x080049fc   0x00000004   PAD
    0x08004a00   0x08004a00   0x000001e2   Code   RO          514    .text.HAL_GPIO_Init  stm32h7xx_hal_gpio.o
    0x08004be2   0x08004be2   0x00000006   PAD
    0x08004be8   0x08004be8   0x0000000a   Code   RO          518    .text.HAL_GPIO_ReadPin  stm32h7xx_hal_gpio.o
    0x08004bf2   0x08004bf2   0x00000006   PAD
    0x08004bf8   0x08004bf8   0x0000000a   Code   RO          520    .text.HAL_GPIO_WritePin  stm32h7xx_hal_gpio.o
    0x08004c02   0x08004c02   0x00000006   PAD
    0x08004c08   0x08004c08   0x0000000e   Code   RO          886    .text.HAL_GetREVID  stm32h7xx_hal.o
    0x08004c16   0x08004c16   0x00000002   PAD
    0x08004c18   0x08004c18   0x0000000c   Code   RO          870    .text.HAL_GetTick   stm32h7xx_hal.o
    0x08004c24   0x08004c24   0x00000004   PAD
    0x08004c28   0x08004c28   0x0000004a   Code   RO         1118    .text.HAL_I2CEx_ConfigAnalogFilter  stm32h7xx_hal_i2c_ex.o
    0x08004c72   0x08004c72   0x00000006   PAD
    0x08004c78   0x08004c78   0x00000048   Code   RO         1120    .text.HAL_I2CEx_ConfigDigitalFilter  stm32h7xx_hal_i2c_ex.o
    0x08004cc0   0x08004cc0   0x00000034   Code   RO          968    .text.HAL_I2C_DeInit  stm32h7xx_hal_i2c.o
    0x08004cf4   0x08004cf4   0x00000004   PAD
    0x08004cf8   0x08004cf8   0x000000b0   Code   RO          964    .text.HAL_I2C_Init  stm32h7xx_hal_i2c.o
    0x08004da8   0x08004da8   0x0000017c   Code   RO         1038    .text.HAL_I2C_IsDeviceReady  stm32h7xx_hal_i2c.o
    0x08004f24   0x08004f24   0x00000004   PAD
    0x08004f28   0x08004f28   0x00000234   Code   RO         1024    .text.HAL_I2C_Mem_Read  stm32h7xx_hal_i2c.o
    0x0800515c   0x0800515c   0x00000004   PAD
    0x08005160   0x08005160   0x00000234   Code   RO         1022    .text.HAL_I2C_Mem_Write  stm32h7xx_hal_i2c.o
    0x08005394   0x08005394   0x00000004   PAD
    0x08005398   0x08005398   0x0000003e   Code   RO           86    .text.HAL_I2C_MspDeInit  i2c.o
    0x080053d6   0x080053d6   0x00000002   PAD
    0x080053d8   0x080053d8   0x00000090   Code   RO           84    .text.HAL_I2C_MspInit  i2c.o
    0x08005468   0x08005468   0x0000001a   Code   RO          868    .text.HAL_IncTick   stm32h7xx_hal.o
    0x08005482   0x08005482   0x00000006   PAD
    0x08005488   0x08005488   0x00000064   Code   RO          858    .text.HAL_Init      stm32h7xx_hal.o
    0x080054ec   0x080054ec   0x00000004   PAD
    0x080054f0   0x080054f0   0x00000050   Code   RO          860    .text.HAL_InitTick  stm32h7xx_hal.o
    0x08005540   0x08005540   0x00000074   Code   RO         1180    .text.HAL_LTDC_ConfigLayer  stm32h7xx_hal_ltdc.o
    0x080055b4   0x080055b4   0x00000004   PAD
    0x080055b8   0x080055b8   0x000000b4   Code   RO         1164    .text.HAL_LTDC_Init  stm32h7xx_hal_ltdc.o
    0x0800566c   0x0800566c   0x00000004   PAD
    0x08005670   0x08005670   0x0000021e   Code   RO           99    .text.HAL_LTDC_MspInit  ltdc.o
    0x0800588e   0x0800588e   0x00000002   PAD
    0x08005890   0x08005890   0x0000005e   Code   RO          828    .text.HAL_MPU_ConfigRegion  stm32h7xx_hal_cortex.o
    0x080058ee   0x080058ee   0x00000002   PAD
    0x080058f0   0x080058f0   0x0000001a   Code   RO          820    .text.HAL_MPU_Disable  stm32h7xx_hal_cortex.o
    0x0800590a   0x0800590a   0x00000006   PAD
    0x08005910   0x08005910   0x00000020   Code   RO          822    .text.HAL_MPU_Enable  stm32h7xx_hal_cortex.o
    0x08005930   0x08005930   0x00000020   Code   RO          207    .text.HAL_MspInit   stm32h7xx_hal_msp.o
    0x08005950   0x08005950   0x00000022   Code   RO          810    .text.HAL_NVIC_EnableIRQ  stm32h7xx_hal_cortex.o
    0x08005972   0x08005972   0x00000006   PAD
    0x08005978   0x08005978   0x0000005a   Code   RO          808    .text.HAL_NVIC_SetPriority  stm32h7xx_hal_cortex.o
    0x080059d2   0x080059d2   0x00000006   PAD
    0x080059d8   0x080059d8   0x00000020   Code   RO          806    .text.HAL_NVIC_SetPriorityGrouping  stm32h7xx_hal_cortex.o
    0x080059f8   0x080059f8   0x0000004c   Code   RO          718    .text.HAL_PWREx_ConfigSupply  stm32h7xx_hal_pwr_ex.o
    0x08005a44   0x08005a44   0x00000004   PAD
    0x08005a48   0x08005a48   0x00000026   Code   RO          401    .text.HAL_RCCEx_GetD3PCLK1Freq  stm32h7xx_hal_rcc_ex.o
    0x08005a6e   0x08005a6e   0x00000002   PAD
    0x08005a70   0x08005a70   0x0000012c   Code   RO          395    .text.HAL_RCCEx_GetPLL1ClockFreq  stm32h7xx_hal_rcc_ex.o
    0x08005b9c   0x08005b9c   0x00000004   PAD
    0x08005ba0   0x08005ba0   0x00000128   Code   RO          397    .text.HAL_RCCEx_GetPLL2ClockFreq  stm32h7xx_hal_rcc_ex.o
    0x08005cc8   0x08005cc8   0x00000128   Code   RO          399    .text.HAL_RCCEx_GetPLL3ClockFreq  stm32h7xx_hal_rcc_ex.o
    0x08005df0   0x08005df0   0x000003ac   Code   RO          393    .text.HAL_RCCEx_GetPeriphCLKFreq  stm32h7xx_hal_rcc_ex.o
    0x0800619c   0x0800619c   0x00000004   PAD
    0x080061a0   0x080061a0   0x00000b0c   Code   RO          385    .text.HAL_RCCEx_PeriphCLKConfig  stm32h7xx_hal_rcc_ex.o
    0x08006cac   0x08006cac   0x00000004   PAD
    0x08006cb0   0x08006cb0   0x00000254   Code   RO          353    .text.HAL_RCC_ClockConfig  stm32h7xx_hal_rcc.o
    0x08006f04   0x08006f04   0x00000004   PAD
    0x08006f08   0x08006f08   0x0000004c   Code   RO          363    .text.HAL_RCC_GetHCLKFreq  stm32h7xx_hal_rcc.o
    0x08006f54   0x08006f54   0x00000004   PAD
    0x08006f58   0x08006f58   0x00000060   Code   RO          365    .text.HAL_RCC_GetPCLK1Freq  stm32h7xx_hal_rcc.o
    0x08006fb8   0x08006fb8   0x00000060   Code   RO          367    .text.HAL_RCC_GetPCLK2Freq  stm32h7xx_hal_rcc.o
    0x08007018   0x08007018   0x0000011c   Code   RO          355    .text.HAL_RCC_GetSysClockFreq  stm32h7xx_hal_rcc.o
    0x08007134   0x08007134   0x00000004   PAD
    0x08007138   0x08007138   0x0000056c   Code   RO          351    .text.HAL_RCC_OscConfig  stm32h7xx_hal_rcc.o
    0x080076a4   0x080076a4   0x00000004   PAD
    0x080076a8   0x080076a8   0x00000002   Code   RO         1428    .text.HAL_SDEx_Read_DMADoubleBuf0CpltCallback  stm32h7xx_hal_sd.o
    0x080076aa   0x080076aa   0x00000006   PAD
    0x080076b0   0x080076b0   0x00000002   Code   RO         1424    .text.HAL_SDEx_Read_DMADoubleBuf1CpltCallback  stm32h7xx_hal_sd.o
    0x080076b2   0x080076b2   0x00000006   PAD
    0x080076b8   0x080076b8   0x00000002   Code   RO         1426    .text.HAL_SDEx_Write_DMADoubleBuf0CpltCallback  stm32h7xx_hal_sd.o
    0x080076ba   0x080076ba   0x00000006   PAD
    0x080076c0   0x080076c0   0x00000002   Code   RO         1422    .text.HAL_SDEx_Write_DMADoubleBuf1CpltCallback  stm32h7xx_hal_sd.o
    0x080076c2   0x080076c2   0x00000006   PAD
    0x080076c8   0x080076c8   0x000000e8   Code   RO         1442    .text.HAL_SD_ConfigSpeedBusOperation  stm32h7xx_hal_sd.o
    0x080077b0   0x080077b0   0x00000196   Code   RO         1392    .text.HAL_SD_ConfigWideBusOperation  stm32h7xx_hal_sd.o
    0x08007946   0x08007946   0x00000002   PAD
    0x08007948   0x08007948   0x00000028   Code   RO         1396    .text.HAL_SD_DeInit  stm32h7xx_hal_sd.o
    0x08007970   0x08007970   0x0000001e   Code   RO         1926    .text.HAL_SD_ErrorCallback  sd_card.o
    0x0800798e   0x0800798e   0x00000002   PAD
    0x08007990   0x08007990   0x00000192   Code   RO         1438    .text.HAL_SD_GetCardCSD  stm32h7xx_hal_sd.o
    0x08007b22   0x08007b22   0x00000006   PAD
    0x08007b28   0x08007b28   0x00000026   Code   RO         1440    .text.HAL_SD_GetCardInfo  stm32h7xx_hal_sd.o
    0x08007b4e   0x08007b4e   0x00000002   PAD
    0x08007b50   0x08007b50   0x0000002a   Code   RO         1394    .text.HAL_SD_GetCardState  stm32h7xx_hal_sd.o
    0x08007b7a   0x08007b7a   0x00000006   PAD
    0x08007b80   0x08007b80   0x000001c8   Code   RO         1390    .text.HAL_SD_GetCardStatus  stm32h7xx_hal_sd.o
    0x08007d48   0x08007d48   0x000002f6   Code   RO         1414    .text.HAL_SD_IRQHandler  stm32h7xx_hal_sd.o
    0x0800803e   0x0800803e   0x00000002   PAD
    0x08008040   0x08008040   0x000000d2   Code   RO         1384    .text.HAL_SD_Init   stm32h7xx_hal_sd.o
    0x08008112   0x08008112   0x00000006   PAD
    0x08008118   0x08008118   0x000002ca   Code   RO         1388    .text.HAL_SD_InitCard  stm32h7xx_hal_sd.o
    0x080083e2   0x080083e2   0x00000006   PAD
    0x080083e8   0x080083e8   0x00000042   Code   RO          116    .text.HAL_SD_MspDeInit  sdmmc.o
    0x0800842a   0x0800842a   0x00000006   PAD
    0x08008430   0x08008430   0x000000de   Code   RO          114    .text.HAL_SD_MspInit  sdmmc.o
    0x0800850e   0x0800850e   0x00000002   PAD
    0x08008510   0x08008510   0x000000e6   Code   RO         1408    .text.HAL_SD_ReadBlocks_DMA  stm32h7xx_hal_sd.o
    0x080085f6   0x080085f6   0x00000002   PAD
    0x080085f8   0x080085f8   0x0000001e   Code   RO         1922    .text.HAL_SD_RxCpltCallback  sd_card.o
    0x08008616   0x08008616   0x00000002   PAD
    0x08008618   0x08008618   0x0000001e   Code   RO         1924    .text.HAL_SD_TxCpltCallback  sd_card.o
    0x08008636   0x08008636   0x00000002   PAD
    0x08008638   0x08008638   0x000000e8   Code   RO         1410    .text.HAL_SD_WriteBlocks_DMA  stm32h7xx_hal_sd.o
    0x08008720   0x08008720   0x00000218   Code   RO         1532    .text.HAL_SPI_Abort  stm32h7xx_hal_spi.o
    0x08008938   0x08008938   0x00000030   Code   RO         1482    .text.HAL_SPI_DeInit  stm32h7xx_hal_spi.o
    0x08008968   0x08008968   0x00000046   Code   RO         2020    .text.HAL_SPI_ErrorCallback  lepton_stream.o
    0x080089ae   0x080089ae   0x00000002   PAD
    0x080089b0   0x080089b0   0x0000024e   Code   RO         1548    .text.HAL_SPI_IRQHandler  stm32h7xx_hal_spi.o
    0x08008bfe   0x08008bfe   0x00000002   PAD
    0x08008c00   0x08008c00   0x000001bc   Code   RO         1478    .text.HAL_SPI_Init  stm32h7xx_hal_spi.o
    0x08008dbc   0x08008dbc   0x00000004   PAD
    0x08008dc0   0x08008dc0   0x00000060   Code   RO          133    .text.HAL_SPI_MspDeInit  spi.o
    0x08008e20   0x08008e20   0x000000ee   Code   RO          131    .text.HAL_SPI_MspInit  spi.o
    0x08008f0e   0x08008f0e   0x00000002   PAD
    0x08008f10   0x08008f10   0x00000330   Code   RO         1490    .text.HAL_SPI_Receive  stm32h7xx_hal_spi.o
    0x08009240   0x08009240   0x00000002   Code   RO         1556    .text.HAL_SPI_RxCpltCallback  stm32h7xx_hal_spi.o
    0x08009242   0x08009242   0x00000006   PAD
    0x08009248   0x08009248   0x00000002   Code   RO         1550    .text.HAL_SPI_SuspendCallback  stm32h7xx_hal_spi.o
    0x0800924a   0x0800924a   0x00000006   PAD
    0x08009250   0x08009250   0x00000184   Code   RO         1512    .text.HAL_SPI_Transmit_DMA  stm32h7xx_hal_spi.o
    0x080093d4   0x080093d4   0x00000004   PAD
    0x080093d8   0x080093d8   0x00000046   Code   RO         2018    .text.HAL_SPI_TxCpltCallback  lepton_stream.o
    0x0800941e   0x0800941e   0x00000002   PAD
    0x08009420   0x08009420   0x00000002   Code   RO         1562    .text.HAL_SPI_TxHalfCpltCallback  stm32h7xx_hal_spi.o
    0x08009422   0x08009422   0x00000006   PAD
    0x08009428   0x08009428   0x00000002   Code   RO         1554    .text.HAL_SPI_TxRxCpltCallback  stm32h7xx_hal_spi.o
    0x0800942a   0x0800942a   0x00000006   PAD
    0x08009430   0x08009430   0x00000014   Code   RO          908    .text.HAL_SYSCFG_AnalogSwitchConfig  stm32h7xx_hal.o
    0x08009444   0x08009444   0x00000004   PAD
    0x08009448   0x08009448   0x0000002e   Code   RO          818    .text.HAL_SYSTICK_Config  stm32h7xx_hal_cortex.o
    0x08009476   0x08009476   0x00000002   PAD
    0x08009478   0x08009478   0x00000036   Code   RO         1759    .text.HAL_UARTEx_DisableFifoMode  stm32h7xx_hal_uart_ex.o
    0x080094ae   0x080094ae   0x00000002   PAD
    0x080094b0   0x080094b0   0x00000002   Code   RO         1686    .text.HAL_UARTEx_RxEventCallback  stm32h7xx_hal_uart.o
    0x080094b2   0x080094b2   0x00000006   PAD
    0x080094b8   0x080094b8   0x00000002   Code   RO         1745    .text.HAL_UARTEx_RxFifoFullCallback  stm32h7xx_hal_uart_ex.o
    0x080094ba   0x080094ba   0x00000006   PAD
    0x080094c0   0x080094c0   0x0000008c   Code   RO         1763    .text.HAL_UARTEx_SetRxFifoThreshold  stm32h7xx_hal_uart_ex.o
    0x0800954c   0x0800954c   0x00000004   PAD
    0x08009550   0x08009550   0x0000008c   Code   RO         1761    .text.HAL_UARTEx_SetTxFifoThreshold  stm32h7xx_hal_uart_ex.o
    0x080095dc   0x080095dc   0x00000004   PAD
    0x080095e0   0x080095e0   0x00000002   Code   RO         1747    .text.HAL_UARTEx_TxFifoEmptyCallback  stm32h7xx_hal_uart_ex.o
    0x080095e2   0x080095e2   0x00000006   PAD
    0x080095e8   0x080095e8   0x00000002   Code   RO         1743    .text.HAL_UARTEx_WakeupCallback  stm32h7xx_hal_uart_ex.o
    0x080095ea   0x080095ea   0x00000006   PAD
    0x080095f0   0x080095f0   0x0000004e   Code   RO         2024    .text.HAL_UART_ErrorCallback  lepton_stream.o
    0x0800963e   0x0800963e   0x00000002   PAD
    0x08009640   0x08009640   0x0000068a   Code   RO         1680    .text.HAL_UART_IRQHandler  stm32h7xx_hal_uart.o
    0x08009cca   0x08009cca   0x00000006   PAD
    0x08009cd0   0x08009cd0   0x00000064   Code   RO         1596    .text.HAL_UART_Init  stm32h7xx_hal_uart.o
    0x08009d34   0x08009d34   0x00000004   PAD
    0x08009d38   0x08009d38   0x000001b0   Code   RO          151    .text.HAL_UART_MspInit  usart.o
    0x08009ee8   0x08009ee8   0x000000ac   Code   RO         1632    .text.HAL_UART_Receive_IT  stm32h7xx_hal_uart.o
    0x08009f94   0x08009f94   0x00000004   PAD
    0x08009f98   0x08009f98   0x00000224   Code   RO         2016    .text.HAL_UART_RxCpltCallback  lepton_stream.o
    0x0800a1bc   0x0800a1bc   0x00000004   PAD
    0x0800a1c0   0x0800a1c0   0x0000016c   Code   RO         1616    .text.HAL_UART_Transmit  stm32h7xx_hal_uart.o
    0x0800a32c   0x0800a32c   0x00000004   PAD
    0x0800a330   0x0800a330   0x000000ec   Code   RO         1636    .text.HAL_UART_Transmit_DMA  stm32h7xx_hal_uart.o
    0x0800a41c   0x0800a41c   0x00000004   PAD
    0x0800a420   0x0800a420   0x0000002e   Code   RO         2022    .text.HAL_UART_TxCpltCallback  lepton_stream.o
    0x0800a44e   0x0800a44e   0x00000002   PAD
    0x0800a450   0x0800a450   0x00000002   Code   RO         1690    .text.HAL_UART_TxHalfCpltCallback  stm32h7xx_hal_uart.o
    0x0800a452   0x0800a452   0x00000006   PAD
    0x0800a458   0x0800a458   0x00000094   Code   RO          169    .text.HardFault_Handler  stm32h7xx_it.o
    0x0800a4ec   0x0800a4ec   0x00000004   PAD
    0x0800a4f0   0x0800a4f0   0x00000160   Code   RO         1108    .text.I2C_IsErrorOccurred  stm32h7xx_hal_i2c.o
    0x0800a650   0x0800a650   0x000000e4   Code   RO          974    .text.I2C_WaitOnFlagUntilTimeout  stm32h7xx_hal_i2c.o
    0x0800a734   0x0800a734   0x00000004   PAD
    0x0800a738   0x0800a738   0x0000007c   Code   RO          978    .text.I2C_WaitOnSTOPFlagUntilTimeout  stm32h7xx_hal_i2c.o
    0x0800a7b4   0x0800a7b4   0x00000004   PAD
    0x0800a7b8   0x0800a7b8   0x00000098   Code   RO          976    .text.I2C_WaitOnTXISFlagUntilTimeout  stm32h7xx_hal_i2c.o
    0x0800a850   0x0800a850   0x00000032   Code   RO         1816    .text.LED_TURN      led.o
    0x0800a882   0x0800a882   0x00000006   PAD
    0x0800a888   0x0800a888   0x00000110   Code   RO         1182    .text.LTDC_SetConfig  stm32h7xx_hal_ltdc.o
    0x0800a998   0x0800a998   0x00000330   Code   RO         1952    .text.Lepton_BB_Read_Mem  lepton.o
    0x0800acc8   0x0800acc8   0x00000148   Code   RO         1948    .text.Lepton_BB_Write_Mem  lepton.o
    0x0800ae10   0x0800ae10   0x000002e2   Code   RO         1956    .text.Lepton_CCI_SetAttr  lepton.o
    0x0800b0f2   0x0800b0f2   0x00000006   PAD
    0x0800b0f8   0x0800b0f8   0x000004e8   Code   RO         1984    .text.Lepton_Capture_Frame  lepton.o
    0x0800b5e0   0x0800b5e0   0x000001c6   Code   RO         1974    .text.Lepton_I2C_BitBang_Probe  lepton.o
    0x0800b7a6   0x0800b7a6   0x00000002   PAD
    0x0800b7a8   0x0800b7a8   0x00000552   Code   RO         1978    .text.Lepton_Init   lepton.o
    0x0800bcfa   0x0800bcfa   0x00000006   PAD
    0x0800bd00   0x0800bd00   0x00000020   Code   RO         1986    .text.Lepton_Raw_To_Temp  lepton.o
    0x0800bd20   0x0800bd20   0x0000000c   Code   RO         2008    .text.Lepton_Stream_Active  lepton_stream.o
    0x0800bd2c   0x0800bd2c   0x00000004   PAD
    0x0800bd30   0x0800bd30   0x00000296   Code   RO         2006    .text.Lepton_Stream_Init  lepton_stream.o
    0x0800bfc6   0x0800bfc6   0x00000002   PAD
    0x0800bfc8   0x0800bfc8   0x000000e8   Code   RO         2010    .text.Lepton_Stream_Poll  lepton_stream.o
    0x0800c0b0   0x0800c0b0   0x000003f0   Code   RO         2014    .text.Lepton_Stream_SendFrame  lepton_stream.o
    0x0800c4a0   0x0800c4a0   0x0000001c   Code   RO         1982    .text.Lepton_VoSPI_Resync  lepton.o
    0x0800c4bc   0x0800c4bc   0x00000004   PAD
    0x0800c4c0   0x0800c4c0   0x000000b4   Code   RO         1964    .text.Lepton_WaitBoot  lepton.o
    0x0800c574   0x0800c574   0x00000004   PAD
    0x0800c578   0x0800c578   0x000000a8   Code   RO           54    .text.MX_ADC1_Init  adc.o
    0x0800c620   0x0800c620   0x00000078   Code   RO           56    .text.MX_ADC2_Init  adc.o
    0x0800c698   0x0800c698   0x00000034   Code   RO           73    .text.MX_DMA_Init   dma.o
    0x0800c6cc   0x0800c6cc   0x00000004   PAD
    0x0800c6d0   0x0800c6d0   0x00000254   Code   RO           45    .text.MX_GPIO_Init  gpio.o
    0x0800c924   0x0800c924   0x00000004   PAD
    0x0800c928   0x0800c928   0x0000006a   Code   RO           82    .text.MX_I2C4_Init  i2c.o
    0x0800c992   0x0800c992   0x00000006   PAD
    0x0800c998   0x0800c998   0x000000d2   Code   RO           97    .text.MX_LTDC_Init  ltdc.o
    0x0800ca6a   0x0800ca6a   0x00000006   PAD
    0x0800ca70   0x0800ca70   0x00000002   Code   RO          112    .text.MX_SDMMC2_SD_Init  sdmmc.o
    0x0800ca72   0x0800ca72   0x00000006   PAD
    0x0800ca78   0x0800ca78   0x0000005a   Code   RO          127    .text.MX_SPI4_Init  spi.o
    0x0800cad2   0x0800cad2   0x00000006   PAD
    0x0800cad8   0x0800cad8   0x0000005a   Code   RO          129    .text.MX_SPI5_Init  spi.o
    0x0800cb32   0x0800cb32   0x00000006   PAD
    0x0800cb38   0x0800cb38   0x0000007c   Code   RO          145    .text.MX_UART4_Init  usart.o
    0x0800cbb4   0x0800cbb4   0x00000004   PAD
    0x0800cbb8   0x0800cbb8   0x0000007c   Code   RO          147    .text.MX_UART5_Init  usart.o
    0x0800cc34   0x0800cc34   0x00000004   PAD
    0x0800cc38   0x0800cc38   0x0000007c   Code   RO          149    .text.MX_USART1_UART_Init  usart.o
    0x0800ccb4   0x0800ccb4   0x00000004   PAD
    0x0800ccb8   0x0800ccb8   0x00000002   Code   RO          171    .text.MemManage_Handler  stm32h7xx_it.o
    0x0800ccba   0x0800ccba   0x00000006   PAD
    0x0800ccc0   0x0800ccc0   0x00000002   Code   RO          167    .text.NMI_Handler   stm32h7xx_it.o
    0x0800ccc2   0x0800ccc2   0x00000006   PAD
    0x0800ccc8   0x0800ccc8   0x0000048e   Code   RO         1860    .text.OLED_Clear    oled.o
    0x0800d156   0x0800d156   0x00000002   PAD
    0x0800d158   0x0800d158   0x000000dc   Code   RO         1846    .text.OLED_I2C_Start  oled.o
    0x0800d234   0x0800d234   0x00000004   PAD
    0x0800d238   0x0800d238   0x00000550   Code   RO         1878    .text.OLED_Init     oled.o
    0x0800d788   0x0800d788   0x0000030a   Code   RO         1858    .text.OLED_Refresh  oled.o
    0x0800da92   0x0800da92   0x00000006   PAD
    0x0800da98   0x0800da98   0x00000492   Code   RO         1852    .text.OLED_Send_Byte  oled.o
    0x0800df2a   0x0800df2a   0x00000006   PAD
    0x0800df30   0x0800df30   0x000006d2   Code   RO         1868    .text.OLED_ShowChar  oled.o
    0x0800e602   0x0800e602   0x00000006   PAD
    0x0800e608   0x0800e608   0x00000052   Code   RO         1870    .text.OLED_ShowString  oled.o
    0x0800e65a   0x0800e65a   0x00000006   PAD
    0x0800e660   0x0800e660   0x000002ce   Code   RO         1840    .text.OLED_WR_Byte  oled.o
    0x0800e92e   0x0800e92e   0x00000002   PAD
    0x0800e930   0x0800e930   0x00000002   Code   RO          181    .text.PendSV_Handler  stm32h7xx_it.o
    0x0800e932   0x0800e932   0x00000006   PAD
    0x0800e938   0x0800e938   0x00000122   Code   RO          387    .text.RCCEx_PLL2_Config  stm32h7xx_hal_rcc_ex.o
    0x0800ea5a   0x0800ea5a   0x00000006   PAD
    0x0800ea60   0x0800ea60   0x00000122   Code   RO          389    .text.RCCEx_PLL3_Config  stm32h7xx_hal_rcc_ex.o
    0x0800eb82   0x0800eb82   0x00000006   PAD
    0x0800eb88   0x0800eb88   0x0000000c   Code   RO          197    .text.SDMMC2_IRQHandler  stm32h7xx_it.o
    0x0800eb94   0x0800eb94   0x00000004   PAD
    0x0800eb98   0x0800eb98   0x00000024   Code   RO         1316    .text.SDMMC_CmdAppCommand  stm32h7xx_ll_sdmmc.o
    0x0800ebbc   0x0800ebbc   0x00000004   PAD
    0x0800ebc0   0x0800ebc0   0x00000096   Code   RO         1318    .text.SDMMC_CmdAppOperCommand  stm32h7xx_ll_sdmmc.o
    0x0800ec56   0x0800ec56   0x00000002   PAD
    0x0800ec58   0x0800ec58   0x00000024   Code   RO         1282    .text.SDMMC_CmdBlockLength  stm32h7xx_ll_sdmmc.o
    0x0800ec7c   0x0800ec7c   0x00000004   PAD
    0x0800ec80   0x0800ec80   0x00000024   Code   RO         1322    .text.SDMMC_CmdBusWidth  stm32h7xx_ll_sdmmc.o
    0x0800eca4   0x0800eca4   0x00000004   PAD
    0x0800eca8   0x0800eca8   0x0000006a   Code   RO         1310    .text.SDMMC_CmdGoIdleState  stm32h7xx_ll_sdmmc.o
    0x0800ed12   0x0800ed12   0x00000006   PAD
    0x0800ed18   0x0800ed18   0x000000b2   Code   RO         1312    .text.SDMMC_CmdOperCond  stm32h7xx_ll_sdmmc.o
    0x0800edca   0x0800edca   0x00000006   PAD
    0x0800edd0   0x0800edd0   0x00000024   Code   RO         1290    .text.SDMMC_CmdReadMultiBlock  stm32h7xx_ll_sdmmc.o
    0x0800edf4   0x0800edf4   0x00000004   PAD
    0x0800edf8   0x0800edf8   0x00000024   Code   RO         1288    .text.SDMMC_CmdReadSingleBlock  stm32h7xx_ll_sdmmc.o
    0x0800ee1c   0x0800ee1c   0x00000004   PAD
    0x0800ee20   0x0800ee20   0x00000024   Code   RO         1308    .text.SDMMC_CmdSelDesel  stm32h7xx_ll_sdmmc.o
    0x0800ee44   0x0800ee44   0x00000004   PAD
    0x0800ee48   0x0800ee48   0x000000a8   Code   RO         1326    .text.SDMMC_CmdSendCID  stm32h7xx_ll_sdmmc.o
    0x0800eef0   0x0800eef0   0x000000a8   Code   RO         1330    .text.SDMMC_CmdSendCSD  stm32h7xx_ll_sdmmc.o
    0x0800ef98   0x0800ef98   0x00000026   Code   RO         1324    .text.SDMMC_CmdSendSCR  stm32h7xx_ll_sdmmc.o
    0x0800efbe   0x0800efbe   0x00000002   PAD
    0x0800efc0   0x0800efc0   0x00000024   Code   RO         1340    .text.SDMMC_CmdSendStatus  stm32h7xx_ll_sdmmc.o
    0x0800efe4   0x0800efe4   0x00000004   PAD
    0x0800efe8   0x0800efe8   0x000000d6   Code   RO         1332    .text.SDMMC_CmdSetRelAdd  stm32h7xx_ll_sdmmc.o
    0x0800f0be   0x0800f0be   0x00000002   PAD
    0x0800f0c0   0x0800f0c0   0x00000026   Code   RO         1342    .text.SDMMC_CmdStatusRegister  stm32h7xx_ll_sdmmc.o
    0x0800f0e6   0x0800f0e6   0x00000002   PAD
    0x0800f0e8   0x0800f0e8   0x0000004e   Code   RO         1306    .text.SDMMC_CmdStopTransfer  stm32h7xx_ll_sdmmc.o
    0x0800f136   0x0800f136   0x00000002   PAD
    0x0800f138   0x0800f138   0x00000024   Code   RO         1346    .text.SDMMC_CmdSwitch  stm32h7xx_ll_sdmmc.o
    0x0800f15c   0x0800f15c   0x00000004   PAD
    0x0800f160   0x0800f160   0x00000024   Code   RO         1294    .text.SDMMC_CmdWriteMultiBlock  stm32h7xx_ll_sdmmc.o
    0x0800f184   0x0800f184   0x00000004   PAD
    0x0800f188   0x0800f188   0x00000024   Code   RO         1292    .text.SDMMC_CmdWriteSingleBlock  stm32h7xx_ll_sdmmc.o
    0x0800f1ac   0x0800f1ac   0x00000004   PAD
    0x0800f1b0   0x0800f1b0   0x0000002c   Code   RO         1274    .text.SDMMC_ConfigData  stm32h7xx_ll_sdmmc.o
    0x0800f1dc   0x0800f1dc   0x00000004   PAD
    0x0800f1e0   0x0800f1e0   0x00000196   Code   RO         1284    .text.SDMMC_GetCmdResp1  stm32h7xx_ll_sdmmc.o
    0x0800f376   0x0800f376   0x00000002   PAD
    0x0800f378   0x0800f378   0x00000008   Code   RO         1266    .text.SDMMC_GetPowerState  stm32h7xx_ll_sdmmc.o
    0x0800f380   0x0800f380   0x00000006   Code   RO         1272    .text.SDMMC_GetResponse  stm32h7xx_ll_sdmmc.o
    0x0800f386   0x0800f386   0x00000002   PAD
    0x0800f388   0x0800f388   0x00000022   Code   RO         1254    .text.SDMMC_Init    stm32h7xx_ll_sdmmc.o
    0x0800f3aa   0x0800f3aa   0x00000006   PAD
    0x0800f3b0   0x0800f3b0   0x0000000e   Code   RO         1264    .text.SDMMC_PowerState_OFF  stm32h7xx_ll_sdmmc.o
    0x0800f3be   0x0800f3be   0x00000002   PAD
    0x0800f3c0   0x0800f3c0   0x0000000e   Code   RO         1260    .text.SDMMC_PowerState_ON  stm32h7xx_ll_sdmmc.o
    0x0800f3ce   0x0800f3ce   0x00000002   PAD
    0x0800f3d0   0x0800f3d0   0x00000006   Code   RO         1256    .text.SDMMC_ReadFIFO  stm32h7xx_ll_sdmmc.o
    0x0800f3d6   0x0800f3d6   0x00000002   PAD
    0x0800f3d8   0x0800f3d8   0x0000000c   Code   RO         1258    .text.SDMMC_WriteFIFO  stm32h7xx_ll_sdmmc.o
    0x0800f3e4   0x0800f3e4   0x00000004   PAD
    0x0800f3e8   0x0800f3e8   0x0000012a   Code   RO         1920    .text.SD_Card_Init  sd_card.o
    0x0800f512   0x0800f512   0x00000006   PAD
    0x0800f518   0x0800f518   0x000000f4   Code   RO         1450    .text.SD_FindSCR    stm32h7xx_hal_sd.o
    0x0800f60c   0x0800f60c   0x00000004   PAD
    0x0800f610   0x0800f610   0x00000012   Code   RO         1932    .text.SD_GetCardInfo  sd_card.o
    0x0800f622   0x0800f622   0x00000006   PAD
    0x0800f628   0x0800f628   0x0000001c   Code   RO         1918    .text.SD_IsPresent  sd_card.o
    0x0800f644   0x0800f644   0x00000004   PAD
    0x0800f648   0x0800f648   0x00000260   Code   RO         1928    .text.SD_ReadDisk_DMA  sd_card.o
    0x0800f8a8   0x0800f8a8   0x00000154   Code   RO           19    .text.SD_ReportStatus  main.o
    0x0800f9fc   0x0800f9fc   0x00000004   PAD
    0x0800fa00   0x0800fa00   0x0000014c   Code   RO         1444    .text.SD_SwitchSpeed  stm32h7xx_hal_sd.o
    0x0800fb4c   0x0800fb4c   0x00000004   PAD
    0x0800fb50   0x0800fb50   0x0000001e   Code   RO           17    .text.SD_UART_Print  main.o
    0x0800fb6e   0x0800fb6e   0x00000002   PAD
    0x0800fb70   0x0800fb70   0x0000023c   Code   RO         1930    .text.SD_WriteDisk_DMA  sd_card.o
    0x0800fdac   0x0800fdac   0x00000004   PAD
    0x0800fdb0   0x0800fdb0   0x0000000c   Code   RO          195    .text.SPI5_IRQHandler  stm32h7xx_it.o
    0x0800fdbc   0x0800fdbc   0x00000004   PAD
    0x0800fdc0   0x0800fdc0   0x000000d0   Code   RO         1488    .text.SPI_CloseTransfer  stm32h7xx_hal_spi.o
    0x0800fe90   0x0800fe90   0x00000016   Code   RO         1560    .text.SPI_DMAAbortOnError  stm32h7xx_hal_spi.o
    0x0800fea6   0x0800fea6   0x00000002   PAD
    0x0800fea8   0x0800fea8   0x00000030   Code   RO         1518    .text.SPI_DMAError  stm32h7xx_hal_spi.o
    0x0800fed8   0x0800fed8   0x00000006   Code   RO         1514    .text.SPI_DMAHalfTransmitCplt  stm32h7xx_hal_spi.o
    0x0800fede   0x0800fede   0x00000002   PAD
    0x0800fee0   0x0800fee0   0x00000028   Code   RO         1516    .text.SPI_DMATransmitCplt  stm32h7xx_hal_spi.o
    0x0800ff08   0x0800ff08   0x00000002   Code   RO          177    .text.SVC_Handler   stm32h7xx_it.o
    0x0800ff0a   0x0800ff0a   0x00000006   PAD
    0x0800ff10   0x0800ff10   0x00000058   Code   RO         1894    .text.SW_I2C_Init   sw_i2c.o
    0x0800ff68   0x0800ff68   0x000005e0   Code   RO         1908    .text.SW_I2C_ReadByte  sw_i2c.o
    0x08010548   0x08010548   0x0000047c   Code   RO         1906    .text.SW_I2C_SendByte  sw_i2c.o
    0x080109c4   0x080109c4   0x00000004   PAD
    0x080109c8   0x080109c8   0x000000a4   Code   RO         1896    .text.SW_I2C_Start  sw_i2c.o
    0x08010a6c   0x08010a6c   0x00000004   PAD
    0x08010a70   0x08010a70   0x000000d8   Code   RO         1898    .text.SW_I2C_Stop   sw_i2c.o
    0x08010b48   0x08010b48   0x000000c2   Code   RO         1900    .text.SW_I2C_WaitAck  sw_i2c.o
    0x08010c0a   0x08010c0a   0x00000006   PAD
    0x08010c10   0x08010c10   0x00000004   Code   RO          183    .text.SysTick_Handler  stm32h7xx_it.o
    0x08010c14   0x08010c14   0x00000004   PAD
    0x08010c18   0x08010c18   0x000000d8   Code   RO           13    .text.SystemClock_Config  main.o
    0x08010cf0   0x08010cf0   0x000000ee   Code   RO         1782    .text.SystemInit    system_stm32h7xx.o
    0x08010dde   0x08010dde   0x00000002   PAD
    0x08010de0   0x08010de0   0x0000000c   Code   RO          191    .text.UART4_IRQHandler  stm32h7xx_it.o
    0x08010dec   0x08010dec   0x00000004   PAD
    0x08010df0   0x08010df0   0x000000e0   Code   RO         1600    .text.UART_AdvFeatureConfig  stm32h7xx_hal_uart.o
    0x08010ed0   0x08010ed0   0x0000016e   Code   RO         1604    .text.UART_CheckIdleState  stm32h7xx_hal_uart.o
    0x0801103e   0x0801103e   0x00000002   PAD
    0x08011040   0x08011040   0x00000006   Code   RO         1682    .text.UART_DMAAbortOnError  stm32h7xx_hal_uart.o
    0x08011046   0x08011046   0x00000002   PAD
    0x08011048   0x08011048   0x000001ea   Code   RO         1642    .text.UART_DMAError  stm32h7xx_hal_uart.o
    0x08011232   0x08011232   0x00000006   PAD
    0x08011238   0x08011238   0x000000ba   Code   RO         1638    .text.UART_DMATransmitCplt  stm32h7xx_hal_uart.o
    0x080112f2   0x080112f2   0x00000006   PAD
    0x080112f8   0x080112f8   0x00000006   Code   RO         1640    .text.UART_DMATxHalfCplt  stm32h7xx_hal_uart.o
    0x080112fe   0x080112fe   0x00000002   PAD
    0x08011300   0x08011300   0x000001c4   Code   RO         1722    .text.UART_RxISR_16BIT  stm32h7xx_hal_uart.o
    0x080114c4   0x080114c4   0x00000004   PAD
    0x080114c8   0x080114c8   0x0000033a   Code   RO         1718    .text.UART_RxISR_16BIT_FIFOEN  stm32h7xx_hal_uart.o
    0x08011802   0x08011802   0x00000006   PAD
    0x08011808   0x08011808   0x000001c8   Code   RO         1724    .text.UART_RxISR_8BIT  stm32h7xx_hal_uart.o
    0x080119d0   0x080119d0   0x0000033e   Code   RO         1720    .text.UART_RxISR_8BIT_FIFOEN  stm32h7xx_hal_uart.o
    0x08011d0e   0x08011d0e   0x00000002   PAD
    0x08011d10   0x08011d10   0x00000488   Code   RO         1602    .text.UART_SetConfig  stm32h7xx_hal_uart.o
    0x08012198   0x08012198   0x00000274   Code   RO         1634    .text.UART_Start_Receive_IT  stm32h7xx_hal_uart.o
    0x0801240c   0x0801240c   0x00000004   PAD
    0x08012410   0x08012410   0x00000358   Code   RO         1618    .text.UART_WaitOnFlagUntilTimeout  stm32h7xx_hal_uart.o
    0x08012768   0x08012768   0x0000000c   Code   RO          187    .text.USART1_IRQHandler  stm32h7xx_it.o
    0x08012774   0x08012774   0x00000004   PAD
    0x08012778   0x08012778   0x00000002   Code   RO          175    .text.UsageFault_Handler  stm32h7xx_it.o
    0x0801277a   0x0801277a   0x00000006   PAD
    0x08012780   0x08012780   0x00000152   Code   RO         1976    .text.bb_scan_pass  lepton.o
    0x080128d2   0x080128d2   0x00000006   PAD
    0x080128d8   0x080128d8   0x00000092   Code   RO         1990    .text.bb_stop       lepton.o
    0x0801296a   0x0801296a   0x00000006   PAD
    0x08012970   0x08012970   0x00000148   Code   RO         1988    .text.bb_write_byte  lepton.o
    0x08012ab8   0x08012ab8   0x000000a6   Code   RO         1800    .text.delay_ms      delay.o
    0x08012b5e   0x08012b5e   0x00000002   PAD
    0x08012b60   0x08012b60   0x00000080   Code   RO         1798    .text.delay_us      delay.o
    0x08012be0   0x08012be0   0x00000a50   Code   RO           11    .text.main          main.o
    0x08013630   0x08013630   0x0000027c   Code   RO         1828    .text.sht40_read_data  sht40.o
    0x080138ac   0x080138ac   0x0000003e   Code   RO         2233    CL$$btod_d2e        c_w.l(btod.o)
    0x080138ea   0x080138ea   0x00000046   Code   RO         2235    CL$$btod_d2e_denorm_low  c_w.l(btod.o)
    0x08013930   0x08013930   0x00000060   Code   RO         2234    CL$$btod_d2e_norm_op1  c_w.l(btod.o)
    0x08013990   0x08013990   0x00000338   Code   RO         2243    CL$$btod_div_common  c_w.l(btod.o)
    0x08013cc8   0x08013cc8   0x000000dc   Code   RO         2240    CL$$btod_e2e        c_w.l(btod.o)
    0x08013da4   0x08013da4   0x0000002a   Code   RO         2237    CL$$btod_ediv       c_w.l(btod.o)
    0x08013dce   0x08013dce   0x0000002a   Code   RO         2236    CL$$btod_emul       c_w.l(btod.o)
    0x08013df8   0x08013df8   0x00000244   Code   RO         2242    CL$$btod_mult_common  c_w.l(btod.o)
    0x0801403c   0x0801403c   0x00000030   Code   RO         2260    i.__ARM_fpclassify  m_wv.l(fpclassify.o)
    0x0801406c   0x0801406c   0x00000026   Code   RO         2181    i.__ARM_fpclassifyf  m_wv.l(fpclassifyf.o)
    0x08014092   0x08014092   0x00000002   PAD
    0x08014094   0x08014094   0x00000664   Code   RO         2149    i.__hardfp_powf     m_wv.l(powf.o)
    0x080146f8   0x080146f8   0x00000014   Code   RO         2183    i.__mathlib_flt_divzero  m_wv.l(funder.o)
    0x0801470c   0x0801470c   0x00000006   Code   RO         2185    i.__mathlib_flt_infnan2  m_wv.l(funder.o)
    0x08014712   0x08014712   0x00000002   PAD
    0x08014714   0x08014714   0x00000010   Code   RO         2186    i.__mathlib_flt_invalid  m_wv.l(funder.o)
    0x08014724   0x08014724   0x00000010   Code   RO         2187    i.__mathlib_flt_overflow  m_wv.l(funder.o)
    0x08014734   0x08014734   0x00000010   Code   RO         2189    i.__mathlib_flt_underflow  m_wv.l(funder.o)
    0x08014744   0x08014744   0x0000000e   Code   RO         2116    i._is_digit         c_w.l(__printf_wp.o)
    0x08014752   0x08014752   0x00000002   PAD
    0x08014754   0x08014754   0x0000002c   Code   RO         2258    locale$$code        c_w.l(lc_numeric_c.o)
    0x08014780   0x08014780   0x0000001a   Code   RO         2342    x$fpl$fpinit        fz_wv.l(fpinit.o)
    0x0801479a   0x0801479a   0x00000004   Code   RO         2147    x$fpl$printf1       fz_wv.l(printf1.o)
    0x0801479e   0x0801479e   0x00000000   Code   RO         2180    x$fpl$usenofp       fz_wv.l(usenofp.o)
    0x0801479e   0x0801479e   0x00000028   Data   RO         2089    .constdata          c_w.l(_printf_hex_int.o)
    0x080147c6   0x080147c6   0x00000011   Data   RO         2124    .constdata          c_w.l(__printf_flags_ss_wp.o)
    0x080147d7   0x080147d7   0x00000001   PAD
    0x080147d8   0x080147d8   0x00000140   Data   RO         2152    .constdata          m_wv.l(powf.o)
    0x08014918   0x08014918   0x00000094   Data   RO         2231    .constdata          c_w.l(bigflt0.o)
    0x080149ac   0x080149ac   0x00000006   Data   RO         1731    .rodata..Lswitch.table.UART_SetConfig.5  stm32h7xx_hal_uart.o
    0x080149b2   0x080149b2   0x00000006   Data   RO         1732    .rodata..Lswitch.table.UART_SetConfig.7  stm32h7xx_hal_uart.o
    0x080149b8   0x080149b8   0x00000010   Data   RO         1788    .rodata.D1CorePrescTable  system_stm32h7xx.o
    0x080149c8   0x080149c8   0x00000018   Data   RO         1730    .rodata.UARTPrescTable  stm32h7xx_hal_uart.o
    0x080149e0   0x080149e0   0x00000020   Data   RO         1244    .rodata.cst32       stm32h7xx_hal_ltdc.o
    0x08014a00   0x08014a00   0x00000010   Data   RO         1773    .rodata.cst8        stm32h7xx_hal_uart_ex.o
    0x08014a10   0x08014a10   0x00000474   Data   RO         1880    .rodata.oled_asc2_1206  oled.o
    0x08014e84   0x08014e84   0x000005f0   Data   RO         1881    .rodata.oled_asc2_1608  oled.o
    0x08015474   0x08015474   0x00000d5c   Data   RO         1882    .rodata.oled_asc2_2412  oled.o
    0x080161d0   0x080161d0   0x00000838   Data   RO           31    .rodata.str1.1      main.o
    0x08016a08   0x08016a08   0x0000007f   Data   RO         2029    .rodata.str1.1      lepton_stream.o
    0x08016a87   0x08016a87   0x00000099   Data   RO         2056    .rodata.str1.1      fire_guard.o
    0x08016b20   0x08016b20   0x00000020   Data   RO         2418    Region$$Table       anon$$obj.o
    0x08016b40   0x08016b40   0x0000001c   Data   RO         2257    locale$$data        c_w.l(lc_numeric_c.o)


    Execution Region RW_IRAM1 (Exec base: 0x20000000, Load base: 0x08016b5c, Size: 0x00000000, Max: 0x00020000, ABSOLUTE)

    **** No section assigned to this execution region ****


    Execution Region RW_IRAM2 (Exec base: 0x24000000, Load base: 0x08016b60, Size: 0x0002b388, Max: 0x00080000, ABSOLUTE)

    Exec Addr    Load Addr    Size         Type   Attr      Idx    E Section Name        Object

    0x24000000   0x08016b60   0x00000013   Data   RW           35    .data..L_MergedGlobals  main.o
    0x24000013   0x08016b73   0x00000001   PAD
    0x24000014   0x08016b74   0x00000008   Data   RW          955    .data..L_MergedGlobals  stm32h7xx_hal.o
    0x2400001c   0x08016b7c   0x00000008   Data   RW         1789    .data..L_MergedGlobals  system_stm32h7xx.o
    0x24000024   0x08016b84   0x00000004   Data   RW         2030    .data..L_MergedGlobals  lepton_stream.o
    0x24000028   0x08016b88   0x00000001   Data   RW         1934    .data.sd_dbg_cardver  sd_card.o
    0x24000029   0x08016b89   0x00000017   PAD
    0x24000040        -       0x00000060   Zero   RW         2263    .bss                c_w.l(libspace.o)
    0x240000a0        -       0x0000000c   Zero   RW         1936    .bss..L_MergedGlobals  sd_card.o
    0x240000ac        -       0x00000010   Zero   RW         1997    .bss..L_MergedGlobals  lepton.o
    0x240000bc        -       0x00000020   Zero   RW         2057    .bss..L_MergedGlobals  fire_guard.o
    0x240000dc        -       0x00000050   Zero   RW         2031    .bss..L_MergedGlobals.10  lepton_stream.o
    0x2400012c        -       0x00000060   Zero   RW           36    .bss..L_MergedGlobals.43  main.o
    0x2400018c        -       0x00000004   Zero   RW           64    .bss.HAL_RCC_ADC12_CLK_ENABLED  adc.o
    0x24000190        -       0x00000480   Zero   RW         1883    .bss.OLED_GRAM      oled.o
    0x24000610        -       0x00000200   Zero   RW           33    .bss.SD_SelfTest.rbuf  main.o
    0x24000810        -       0x00000200   Zero   RW           32    .bss.SD_SelfTest.wbuf  main.o
    0x24000a10   0x08016b89   0x00000010   PAD
    0x24000a20        -       0x00000200   Zero   RW         1935    .bss.g_sd_safe_buf  sd_card.o
    0x24000c20        -       0x00000064   Zero   RW           62    .bss.hadc1          adc.o
    0x24000c84        -       0x00000064   Zero   RW           63    .bss.hadc2          adc.o
    0x24000ce8        -       0x00000078   Zero   RW         2028    .bss.hdma_spi5_tx   lepton_stream.o
    0x24000d60        -       0x00000078   Zero   RW         2027    .bss.hdma_uart4_tx  lepton_stream.o
    0x24000dd8        -       0x00000078   Zero   RW          158    .bss.hdma_usart1_tx  usart.o
    0x24000e50        -       0x00000054   Zero   RW           88    .bss.hi2c4          i2c.o
    0x24000ea4        -       0x000000a8   Zero   RW          103    .bss.hltdc          ltdc.o
    0x24000f4c        -       0x0000007c   Zero   RW          118    .bss.hsd2           sdmmc.o
    0x24000fc8        -       0x00000088   Zero   RW          135    .bss.hspi4          spi.o
    0x24001050        -       0x00000088   Zero   RW          136    .bss.hspi5          spi.o
    0x240010d8        -       0x00000094   Zero   RW          157    .bss.huart1         usart.o
    0x2400116c        -       0x00000094   Zero   RW          155    .bss.huart4         usart.o
    0x24001200        -       0x00000094   Zero   RW          156    .bss.huart5         usart.o
    0x24001294        -       0x00009600   Zero   RW         1996    .bss.lepton_assembly_frame  lepton.o
    0x2400a894        -       0x0000007c   Zero   RW         1994    .bss.lepton_diag    lepton.o
    0x2400a910        -       0x00009600   Zero   RW         1992    .bss.lepton_raw_frame  lepton.o
    0x24013f10        -       0x000000a4   Zero   RW         1993    .bss.lepton_spi_pkt  lepton.o
    0x24013fb4        -       0x00002580   Zero   RW         1995    .bss.seg_payload    lepton.o
    0x24016534   0x08016b89   0x0000000c   PAD
    0x24016540        -       0x00012c40   Zero   RW         2026    .bss.stream_buf     lepton_stream.o
    0x24029180        -       0x00000004   Zero   RW          954    .bss.uwTick         stm32h7xx_hal.o
    0x24029184   0x08016b89   0x00000004   PAD
    0x24029188        -       0x00000200   Zero   RW            2    HEAP                startup_stm32h743xx.o
    0x24029388        -       0x00002000   Zero   RW            1    STACK               startup_stm32h743xx.o


==============================================================================

Image component sizes


      Code (inc. data)   RO Data    RW Data    ZI Data      Debug   Object Name

       480          0          0          0        204       7516   adc.o
       294          0          0          0          0       2915   delay.o
        52          0          0          0          0       5449   dma.o
      1430         56        153          0         32       7990   fire_guard.o
       596          0          0          0          0       3326   gpio.o
       312          0          0          0         84       8163   i2c.o
        50          0          0          0          0       1599   led.o
      6006          8          0          0      86704      32323   lepton.o
      2726        218        127          4      77184      19831   lepton_stream.o
       752          0          0          0        168       8035   ltdc.o
      3680        332       2104         19       1120      19833   main.o
      7240          0       6080          0       1152      37404   oled.o
      1614          0          0          1        524      11022   sd_card.o
       290          0          0          0        124       8212   sdmmc.o
       636         16          0          0          0       3961   sht40.o
       514          0          0          0        272       8897   spi.o
        72         30        664          0       8704        828   startup_stm32h743xx.o
       292          0          0          8          4      15056   stm32h7xx_hal.o
      3504         14          0          0          0      28629   stm32h7xx_hal_adc.o
       400          0          0          0          0      30213   stm32h7xx_hal_adc_ex.o
       354          0          0          0          0      12493   stm32h7xx_hal_cortex.o
      7740         12          0          0          0      18498   stm32h7xx_hal_dma.o
       786          0          0          0          0       7188   stm32h7xx_hal_gpio.o
      2592          0          0          0          0      65363   stm32h7xx_hal_i2c.o
       146          0          0          0          0       7553   stm32h7xx_hal_i2c_ex.o
       568          0         32          0          0      15874   stm32h7xx_hal_ltdc.o
        32          0          0          0          0       2200   stm32h7xx_hal_msp.o
        76          0          0          0          0      10800   stm32h7xx_hal_pwr_ex.o
      2536         24          0          0          0      12021   stm32h7xx_hal_rcc.o
      5278        264          0          0          0      20350   stm32h7xx_hal_rcc_ex.o
      4344          0          0          0          0      28428   stm32h7xx_hal_sd.o
      3154          0          0          0          0      23903   stm32h7xx_hal_spi.o
      9036        332         36          0          0      43832   stm32h7xx_hal_uart.o
       340          0         16          0          0      11547   stm32h7xx_hal_uart_ex.o
       250          0          0          0          0       8989   stm32h7xx_it.o
      2042          0          0          0          0      29177   stm32h7xx_ll_sdmmc.o
      3314          0          0          0          0       8471   sw_i2c.o
       282          0         16          8          0       6233   system_stm32h7xx.o
       804          0          0          0        564      12498   usart.o

    ----------------------------------------------------------------------
     75412       1330       9260         44     176892     606620   Object Totals
         0          0         32          0          0          0   (incl. Generated)
       798         24          0          4         52          0   (incl. Padding)

    ----------------------------------------------------------------------

      Code (inc. data)   RO Data    RW Data    ZI Data      Debug   Library Member Name

        64          6          0          0          0         84   __2snprintf.o
        44          6          0          0          0         84   __2sprintf.o
         8          0          0          0          0         68   __main.o
       392          4         17          0          0         92   __printf_flags_ss_wp.o
        14          0          0          0          0         68   __printf_wp.o
         0          0          0          0          0          0   __rtentry.o
        12          0          0          0          0          0   __rtentry2.o
         6          0          0          0          0          0   __rtentry4.o
        94          8          0          0          0          0   __scatter.o
        26          0          0          0          0          0   __scatter_copy.o
        28          0          0          0          0          0   __scatter_zi.o
         6          0          0          0          0          0   _printf_c.o
        44          0          0          0          0        108   _printf_char.o
        48          6          0          0          0         96   _printf_char_common.o
         6          0          0          0          0          0   _printf_d.o
       120         16          0          0          0         92   _printf_dec.o
         6          0          0          0          0          0   _printf_f.o
      1052          0          0          0          0        148   _printf_fp_dec.o
       128         16          0          0          0         84   _printf_fp_infnan.o
        88          4         40          0          0         88   _printf_hex_int.o
       178          0          0          0          0         88   _printf_intcommon.o
        78          0          0          0          0        108   _printf_pad.o
         0          0          0          0          0          0   _printf_percent.o
         4          0          0          0          0          0   _printf_percent_end.o
         6          0          0          0          0          0   _printf_s.o
        82          0          0          0          0         80   _printf_str.o
         6          0          0          0          0          0   _printf_u.o
         6          0          0          0          0          0   _printf_x.o
        22          0          0          0          0        100   _rserrno.o
        16          0          0          0          0         68   _snputc.o
        10          0          0          0          0         68   _sputc.o
       228          4        148          0          0         96   bigflt0.o
      1936        128          0          0          0        668   btod.o
        18          0          0          0          0         80   exit.o
         6          0          0          0          0        152   heapauxi.o
         0          0          0          0          0          0   indicate_semi.o
        44         10         28          0          0         76   lc_numeric_c.o
         2          0          0          0          0          0   libinit.o
        22          0          0          0          0          0   libinit2.o
         2          0          0          0          0          0   libshutdown.o
         2          0          0          0          0          0   libshutdown2.o
         8          4          0          0         96         68   libspace.o
       138          0          0          0          0         80   lludiv10.o
       240          0          0          0          0        100   lludivv7m.o
        88          0          0          0          0         76   memcmp.o
         8          4          0          0          0         68   rt_errno_addr_intlibspace.o
         8          4          0          0          0         68   rt_locale_intlibspace.o
        78          0          0          0          0         80   rt_memclr_w.o
       138          0          0          0          0         68   rt_memcpy_v6.o
       100          0          0          0          0         80   rt_memcpy_w.o
         2          0          0          0          0          0   rtexit.o
        10          0          0          0          0          0   rtexit2.o
       124          0          0          0          0         88   strcmpv7m_pel.o
        62          0          0          0          0         76   strlen.o
        12          4          0          0          0         68   sys_exit.o
        74          0          0          0          0         80   sys_stackheap_outer.o
         2          0          0          0          0         68   use_no_semi.o
        26          0          0          0          0        116   fpinit.o
         4          0          0          0          0        116   printf1.o
         0          0          0          0          0          0   usenofp.o
        48          0          0          0          0        124   fpclassify.o
        38          0          0          0          0        116   fpclassifyf.o
        74         24          0          0          0        580   funder.o
      1636        110        320          0          0        372   powf.o

    ----------------------------------------------------------------------
      7794        358        554          0         96       5088   Library Totals
        22          0          1          0          0          0   (incl. Padding)

    ----------------------------------------------------------------------

      Code (inc. data)   RO Data    RW Data    ZI Data      Debug   Library Name

      5946        224        233          0         96       3664   c_w.l
        30          0          0          0          0        232   fz_wv.l
      1796        134        320          0          0       1192   m_wv.l

    ----------------------------------------------------------------------
      7794        358        554          0         96       5088   Library Totals

    ----------------------------------------------------------------------

==============================================================================


      Code (inc. data)   RO Data    RW Data    ZI Data      Debug   

     83206       1688       9814         44     176988     608208   Grand Totals
     83206       1688       9814         44     176988     608208   ELF Image Totals
     83206       1688       9814         44          0          0   ROM Totals

==============================================================================

    Total RO  Size (Code + RO Data)                93020 (  90.84kB)
    Total RW  Size (RW Data + ZI Data)            177032 ( 172.88kB)
    Total ROM Size (Code + RO Data + RW Data)      93064 (  90.88kB)

==============================================================================

