Component: Arm Compiler for Embedded 6.24 Tool: armlink [5f371500]

==============================================================================

Section Cross References

    startup_stm32h743xx.o(STACK) refers (Special) to heapauxi.o(.text) for __use_two_region_memory
    startup_stm32h743xx.o(HEAP) refers (Special) to heapauxi.o(.text) for __use_two_region_memory
    startup_stm32h743xx.o(RESET) refers (Special) to heapauxi.o(.text) for __use_two_region_memory
    startup_stm32h743xx.o(RESET) refers to startup_stm32h743xx.o(STACK) for __initial_sp
    startup_stm32h743xx.o(RESET) refers to startup_stm32h743xx.o(.text) for Reset_Handler
    startup_stm32h743xx.o(RESET) refers to stm32h7xx_it.o(.text.NMI_Handler) for NMI_Handler
    startup_stm32h743xx.o(RESET) refers to stm32h7xx_it.o(.text.HardFault_Handler) for HardFault_Handler
    startup_stm32h743xx.o(RESET) refers to stm32h7xx_it.o(.text.MemManage_Handler) for MemManage_Handler
    startup_stm32h743xx.o(RESET) refers to stm32h7xx_it.o(.text.BusFault_Handler) for BusFault_Handler
    startup_stm32h743xx.o(RESET) refers to stm32h7xx_it.o(.text.UsageFault_Handler) for UsageFault_Handler
    startup_stm32h743xx.o(RESET) refers to stm32h7xx_it.o(.text.SVC_Handler) for SVC_Handler
    startup_stm32h743xx.o(RESET) refers to stm32h7xx_it.o(.text.DebugMon_Handler) for DebugMon_Handler
    startup_stm32h743xx.o(RESET) refers to stm32h7xx_it.o(.text.PendSV_Handler) for PendSV_Handler
    startup_stm32h743xx.o(RESET) refers to stm32h7xx_it.o(.text.SysTick_Handler) for SysTick_Handler
    startup_stm32h743xx.o(RESET) refers to stm32h7xx_it.o(.text.DMA1_Stream0_IRQHandler) for DMA1_Stream0_IRQHandler
    startup_stm32h743xx.o(RESET) refers to stm32h7xx_it.o(.text.USART1_IRQHandler) for USART1_IRQHandler
    startup_stm32h743xx.o(RESET) refers to stm32h7xx_it.o(.text.UART4_IRQHandler) for UART4_IRQHandler
    startup_stm32h743xx.o(RESET) refers to stm32h7xx_it.o(.text.SDMMC2_IRQHandler) for SDMMC2_IRQHandler
    startup_stm32h743xx.o(.text) refers (Special) to heapauxi.o(.text) for __use_two_region_memory
    startup_stm32h743xx.o(.text) refers to system_stm32h7xx.o(.text.ExitRun0Mode) for ExitRun0Mode
    startup_stm32h743xx.o(.text) refers to system_stm32h7xx.o(.text.SystemInit) for SystemInit
    startup_stm32h743xx.o(.text) refers to __main.o(!!!main) for __main
    startup_stm32h743xx.o(.text) refers to startup_stm32h743xx.o(HEAP) for Heap_Mem
    startup_stm32h743xx.o(.text) refers to startup_stm32h743xx.o(STACK) for Stack_Mem
    main.o(.text) refers (Special) to _printf_percent.o(.ARM.Collect$$_printf_percent$$00000000) for _printf_percent
    main.o(.text) refers (Special) to _printf_pad.o(.text) for _printf_pre_padding
    main.o(.text) refers (Special) to _printf_c.o(.ARM.Collect$$_printf_percent$$00000013) for _printf_c
    main.o(.text) refers (Special) to _printf_s.o(.ARM.Collect$$_printf_percent$$00000014) for _printf_s
    main.o(.text) refers (Special) to _printf_x.o(.ARM.Collect$$_printf_percent$$0000000C) for _printf_x
    main.o(.text) refers (Special) to _printf_d.o(.ARM.Collect$$_printf_percent$$00000009) for _printf_d
    main.o(.text) refers (Special) to _printf_u.o(.ARM.Collect$$_printf_percent$$0000000A) for _printf_u
    main.o(.text) refers (Special) to _printf_f.o(.ARM.Collect$$_printf_percent$$00000003) for _printf_f
    main.o(.text) refers (Special) to _printf_dec.o(.text) for _printf_int_dec
    main.o(.text) refers (Special) to _printf_hex_int.o(.text) for _printf_longlong_hex
    main.o(.text) refers (Special) to printf1.o(x$fpl$printf1) for _printf_fp_dec
    main.o(.text) refers (Special) to _printf_str.o(.text) for _printf_str
    main.o(.text.main) refers (Special) to _printf_percent.o(.ARM.Collect$$_printf_percent$$00000000) for _printf_percent
    main.o(.text.main) refers (Special) to _printf_pad.o(.text) for _printf_pre_padding
    main.o(.text.main) refers (Special) to _printf_c.o(.ARM.Collect$$_printf_percent$$00000013) for _printf_c
    main.o(.text.main) refers (Special) to _printf_s.o(.ARM.Collect$$_printf_percent$$00000014) for _printf_s
    main.o(.text.main) refers (Special) to _printf_x.o(.ARM.Collect$$_printf_percent$$0000000C) for _printf_x
    main.o(.text.main) refers (Special) to _printf_d.o(.ARM.Collect$$_printf_percent$$00000009) for _printf_d
    main.o(.text.main) refers (Special) to _printf_u.o(.ARM.Collect$$_printf_percent$$0000000A) for _printf_u
    main.o(.text.main) refers (Special) to _printf_f.o(.ARM.Collect$$_printf_percent$$00000003) for _printf_f
    main.o(.text.main) refers (Special) to _printf_dec.o(.text) for _printf_int_dec
    main.o(.text.main) refers (Special) to _printf_hex_int.o(.text) for _printf_longlong_hex
    main.o(.text.main) refers (Special) to printf1.o(x$fpl$printf1) for _printf_fp_dec
    main.o(.text.main) refers (Special) to _printf_str.o(.text) for _printf_str
[...]
    USART6_IRQHandler                        0x080003bb   Thumb Code     0  startup_stm32h743xx.o(.text)
    WAKEUP_PIN_IRQHandler                    0x080003bb   Thumb Code     0  startup_stm32h743xx.o(.text)
    WWDG_IRQHandler                          0x080003bb   Thumb Code     0  startup_stm32h743xx.o(.text)
    __user_initial_stackheap                 0x080003bd   Thumb Code     0  startup_stm32h743xx.o(.text)
    __aeabi_uldivmod                         0x080003e5   Thumb Code     0  lludivv7m.o(.text)
    _ll_udiv                                 0x080003e5   Thumb Code   240  lludivv7m.o(.text)
    __2sprintf                               0x080004d5   Thumb Code    38  __2sprintf.o(.text)
    __2snprintf                              0x08000501   Thumb Code    58  __2snprintf.o(.text)
    _printf_pre_padding                      0x08000541   Thumb Code    44  _printf_pad.o(.text)
    _printf_post_padding                     0x0800056d   Thumb Code    34  _printf_pad.o(.text)
    _printf_str                              0x0800058f   Thumb Code    82  _printf_str.o(.text)
    _printf_int_dec                          0x080005e1   Thumb Code   104  _printf_dec.o(.text)
    _printf_int_hex                          0x08000659   Thumb Code    84  _printf_hex_int.o(.text)
    _printf_longlong_hex                     0x08000659   Thumb Code     0  _printf_hex_int.o(.text)
    __printf                                 0x080006b1   Thumb Code   388  __printf_flags_ss_wp.o(.text)
    memcmp                                   0x08000839   Thumb Code    88  memcmp.o(.text)
    strlen                                   0x08000891   Thumb Code    62  strlen.o(.text)
    __aeabi_memcpy                           0x080008cf   Thumb Code     0  rt_memcpy_v6.o(.text)
    __rt_memcpy                              0x080008cf   Thumb Code   138  rt_memcpy_v6.o(.text)
    _memcpy_lastbytes                        0x08000935   Thumb Code     0  rt_memcpy_v6.o(.text)
    __aeabi_memcpy4                          0x08000959   Thumb Code     0  rt_memcpy_w.o(.text)
    __aeabi_memcpy8                          0x08000959   Thumb Code     0  rt_memcpy_w.o(.text)
    __rt_memcpy_w                            0x08000959   Thumb Code   100  rt_memcpy_w.o(.text)
    _memcpy_lastbytes_aligned                0x080009a1   Thumb Code     0  rt_memcpy_w.o(.text)
    __aeabi_memclr4                          0x080009bd   Thumb Code     0  rt_memclr_w.o(.text)
    __aeabi_memclr8                          0x080009bd   Thumb Code     0  rt_memclr_w.o(.text)
    __rt_memclr_w                            0x080009bd   Thumb Code     0  rt_memclr_w.o(.text)
    _memset_w                                0x080009c1   Thumb Code    74  rt_memclr_w.o(.text)
    __use_two_region_memory                  0x08000a0b   Thumb Code     2  heapauxi.o(.text)
    __rt_heap_escrow$2region                 0x08000a0d   Thumb Code     2  heapauxi.o(.text)
    __rt_heap_expand$2region                 0x08000a0f   Thumb Code     2  heapauxi.o(.text)
    _printf_int_common                       0x08000a11   Thumb Code   178  _printf_intcommon.o(.text)
    _printf_fp_dec_real                      0x08000c73   Thumb Code   620  _printf_fp_dec.o(.text)
    _printf_char_common                      0x08000eeb   Thumb Code    32  _printf_char_common.o(.text)
    _sputc                                   0x08000f11   Thumb Code    10  _sputc.o(.text)
    _snputc                                  0x08000f1b   Thumb Code    16  _snputc.o(.text)
    _printf_cs_common                        0x08000f2b   Thumb Code    20  _printf_char.o(.text)
    _printf_char                             0x08000f3f   Thumb Code    16  _printf_char.o(.text)
    _printf_string                           0x08000f4f   Thumb Code     8  _printf_char.o(.text)
    __rt_locale                              0x08000f59   Thumb Code     8  rt_locale_intlibspace.o(.text)
    _ll_udiv10                               0x08000f61   Thumb Code   138  lludiv10.o(.text)
    _printf_fp_infnan                        0x08000fed   Thumb Code   112  _printf_fp_infnan.o(.text)
    _btod_etento                             0x0800106d   Thumb Code   224  bigflt0.o(.text)
    __user_libspace                          0x08001151   Thumb Code     8  libspace.o(.text)
    __user_perproc_libspace                  0x08001151   Thumb Code     0  libspace.o(.text)
    __user_perthread_libspace                0x08001151   Thumb Code     0  libspace.o(.text)
    __user_setup_stackheap                   0x08001159   Thumb Code    74  sys_stackheap_outer.o(.text)
    exit                                     0x080011a3   Thumb Code    18  exit.o(.text)
    strcmp                                   0x080011b9   Thumb Code   124  strcmpv7m_pel.o(.text)
    _sys_exit                                0x08001235   Thumb Code     8  sys_exit.o(.text)
    __I$use$semihosting                      0x08001241   Thumb Code     0  use_no_semi.o(.text)
    __use_no_semihosting_swi                 0x08001241   Thumb Code     2  use_no_semi.o(.text)
    __semihosting_library_function           0x08001243   Thumb Code     0  indicate_semi.o(.text)
    ADC_ConfigureBoostMode                   0x08001249   Thumb Code   300  stm32h7xx_hal_adc.o(.text.ADC_ConfigureBoostMode)
    BusFault_Handler                         0x08001379   Thumb Code     2  stm32h7xx_it.o(.text.BusFault_Handler)
    DMA1_Stream0_IRQHandler                  0x08001381   Thumb Code    12  stm32h7xx_it.o(.text.DMA1_Stream0_IRQHandler)
    DebugMon_Handler                         0x080014b9   Thumb Code     2  stm32h7xx_it.o(.text.DebugMon_Handler)
    Error_Handler                            0x080014c1   Thumb Code     6  main.o(.text.Error_Handler)
    ExitRun0Mode                             0x080014c9   Thumb Code    44  system_stm32h7xx.o(.text.ExitRun0Mode)
    HAL_ADCEx_MultiModeConfigChannel         0x080014f9   Thumb Code   184  stm32h7xx_hal_adc_ex.o(.text.HAL_ADCEx_MultiModeConfigChannel)
    HAL_ADC_ConfigChannel                    0x080015b1   Thumb Code  1264  stm32h7xx_hal_adc.o(.text.HAL_ADC_ConfigChannel)
    HAL_ADC_Init                             0x08001aa1   Thumb Code   598  stm32h7xx_hal_adc.o(.text.HAL_ADC_Init)
    HAL_ADC_MspInit                          0x08001cf9   Thumb Code   192  adc.o(.text.HAL_ADC_MspInit)
    HAL_DMA_Abort                            0x08001db9   Thumb Code  1318  stm32h7xx_hal_dma.o(.text.HAL_DMA_Abort)
    HAL_DMA_Abort_IT                         0x080022e1   Thumb Code   694  stm32h7xx_hal_dma.o(.text.HAL_DMA_Abort_IT)
    HAL_DMA_IRQHandler                       0x08002599   Thumb Code  2084  stm32h7xx_hal_dma.o(.text.HAL_DMA_IRQHandler)
    HAL_DMA_Init                             0x08002dc1   Thumb Code  1630  stm32h7xx_hal_dma.o(.text.HAL_DMA_Init)
    HAL_Delay                                0x08003421   Thumb Code    40  stm32h7xx_hal.o(.text.HAL_Delay)
    HAL_GPIO_DeInit                          0x08003449   Thumb Code   284  stm32h7xx_hal_gpio.o(.text.HAL_GPIO_DeInit)
    HAL_GPIO_Init                            0x08003569   Thumb Code   482  stm32h7xx_hal_gpio.o(.text.HAL_GPIO_Init)
    HAL_GPIO_ReadPin                         0x08003751   Thumb Code    10  stm32h7xx_hal_gpio.o(.text.HAL_GPIO_ReadPin)
    HAL_GPIO_WritePin                        0x08003761   Thumb Code    10  stm32h7xx_hal_gpio.o(.text.HAL_GPIO_WritePin)
    HAL_GetREVID                             0x08003771   Thumb Code    14  stm32h7xx_hal.o(.text.HAL_GetREVID)
    HAL_GetTick                              0x08003781   Thumb Code    12  stm32h7xx_hal.o(.text.HAL_GetTick)
    HAL_I2CEx_ConfigAnalogFilter             0x08003791   Thumb Code    74  stm32h7xx_hal_i2c_ex.o(.text.HAL_I2CEx_ConfigAnalogFilter)
    HAL_I2CEx_ConfigDigitalFilter            0x080037e1   Thumb Code    72  stm32h7xx_hal_i2c_ex.o(.text.HAL_I2CEx_ConfigDigitalFilter)
    HAL_I2C_DeInit                           0x08003829   Thumb Code    52  stm32h7xx_hal_i2c.o(.text.HAL_I2C_DeInit)
    HAL_I2C_Init                             0x08003861   Thumb Code   176  stm32h7xx_hal_i2c.o(.text.HAL_I2C_Init)
    HAL_I2C_IsDeviceReady                    0x08003911   Thumb Code   380  stm32h7xx_hal_i2c.o(.text.HAL_I2C_IsDeviceReady)
    HAL_I2C_Mem_Read                         0x08003a91   Thumb Code   564  stm32h7xx_hal_i2c.o(.text.HAL_I2C_Mem_Read)
    HAL_I2C_Mem_Write                        0x08003cc9   Thumb Code   564  stm32h7xx_hal_i2c.o(.text.HAL_I2C_Mem_Write)
    HAL_I2C_MspDeInit                        0x08003f01   Thumb Code    62  i2c.o(.text.HAL_I2C_MspDeInit)
    HAL_I2C_MspInit                          0x08003f41   Thumb Code   144  i2c.o(.text.HAL_I2C_MspInit)
    HAL_IncTick                              0x08003fd1   Thumb Code    26  stm32h7xx_hal.o(.text.HAL_IncTick)
    HAL_Init                                 0x08003ff1   Thumb Code   100  stm32h7xx_hal.o(.text.HAL_Init)
    HAL_InitTick                             0x08004059   Thumb Code    80  stm32h7xx_hal.o(.text.HAL_InitTick)
    HAL_LTDC_ConfigLayer                     0x080040a9   Thumb Code   116  stm32h7xx_hal_ltdc.o(.text.HAL_LTDC_ConfigLayer)
    HAL_LTDC_Init                            0x08004121   Thumb Code   180  stm32h7xx_hal_ltdc.o(.text.HAL_LTDC_Init)
    HAL_LTDC_MspInit                         0x080041d9   Thumb Code   542  ltdc.o(.text.HAL_LTDC_MspInit)
    HAL_MPU_ConfigRegion                     0x080043f9   Thumb Code    94  stm32h7xx_hal_cortex.o(.text.HAL_MPU_ConfigRegion)
    HAL_MPU_Disable                          0x08004459   Thumb Code    26  stm32h7xx_hal_cortex.o(.text.HAL_MPU_Disable)
    HAL_MPU_Enable                           0x08004479   Thumb Code    32  stm32h7xx_hal_cortex.o(.text.HAL_MPU_Enable)
    HAL_MspInit                              0x08004499   Thumb Code    32  stm32h7xx_hal_msp.o(.text.HAL_MspInit)
    HAL_NVIC_EnableIRQ                       0x080044b9   Thumb Code    34  stm32h7xx_hal_cortex.o(.text.HAL_NVIC_EnableIRQ)
    HAL_NVIC_SetPriority                     0x080044e1   Thumb Code    90  stm32h7xx_hal_cortex.o(.text.HAL_NVIC_SetPriority)
    HAL_NVIC_SetPriorityGrouping             0x08004541   Thumb Code    32  stm32h7xx_hal_cortex.o(.text.HAL_NVIC_SetPriorityGrouping)
    HAL_PWREx_ConfigSupply                   0x08004561   Thumb Code    76  stm32h7xx_hal_pwr_ex.o(.text.HAL_PWREx_ConfigSupply)
    HAL_RCCEx_GetD3PCLK1Freq                 0x080045b1   Thumb Code    38  stm32h7xx_hal_rcc_ex.o(.text.HAL_RCCEx_GetD3PCLK1Freq)
    HAL_RCCEx_GetPLL1ClockFreq               0x080045d9   Thumb Code   280  stm32h7xx_hal_rcc_ex.o(.text.HAL_RCCEx_GetPLL1ClockFreq)
    HAL_RCCEx_GetPLL2ClockFreq               0x08004709   Thumb Code   280  stm32h7xx_hal_rcc_ex.o(.text.HAL_RCCEx_GetPLL2ClockFreq)
    HAL_RCCEx_GetPLL3ClockFreq               0x08004831   Thumb Code   280  stm32h7xx_hal_rcc_ex.o(.text.HAL_RCCEx_GetPLL3ClockFreq)
    HAL_RCCEx_GetPeriphCLKFreq               0x08004959   Thumb Code   940  stm32h7xx_hal_rcc_ex.o(.text.HAL_RCCEx_GetPeriphCLKFreq)
    HAL_RCCEx_PeriphCLKConfig                0x08004d09   Thumb Code  2828  stm32h7xx_hal_rcc_ex.o(.text.HAL_RCCEx_PeriphCLKConfig)
    HAL_RCC_ClockConfig                      0x08005819   Thumb Code   596  stm32h7xx_hal_rcc.o(.text.HAL_RCC_ClockConfig)
    HAL_RCC_GetHCLKFreq                      0x08005a71   Thumb Code    76  stm32h7xx_hal_rcc.o(.text.HAL_RCC_GetHCLKFreq)
    HAL_RCC_GetPCLK1Freq                     0x08005ac1   Thumb Code    96  stm32h7xx_hal_rcc.o(.text.HAL_RCC_GetPCLK1Freq)
    HAL_RCC_GetPCLK2Freq                     0x08005b21   Thumb Code    96  stm32h7xx_hal_rcc.o(.text.HAL_RCC_GetPCLK2Freq)
    HAL_RCC_GetSysClockFreq                  0x08005b81   Thumb Code   264  stm32h7xx_hal_rcc.o(.text.HAL_RCC_GetSysClockFreq)
    HAL_RCC_OscConfig                        0x08005ca1   Thumb Code  1388  stm32h7xx_hal_rcc.o(.text.HAL_RCC_OscConfig)
    HAL_SDEx_Read_DMADoubleBuf0CpltCallback  0x08006211   Thumb Code     2  stm32h7xx_hal_sd.o(.text.HAL_SDEx_Read_DMADoubleBuf0CpltCallback)
    HAL_SDEx_Read_DMADoubleBuf1CpltCallback  0x08006219   Thumb Code     2  stm32h7xx_hal_sd.o(.text.HAL_SDEx_Read_DMADoubleBuf1CpltCallback)
    HAL_SDEx_Write_DMADoubleBuf0CpltCallback 0x08006221   Thumb Code     2  stm32h7xx_hal_sd.o(.text.HAL_SDEx_Write_DMADoubleBuf0CpltCallback)
    HAL_SDEx_Write_DMADoubleBuf1CpltCallback 0x08006229   Thumb Code     2  stm32h7xx_hal_sd.o(.text.HAL_SDEx_Write_DMADoubleBuf1CpltCallback)
    HAL_SD_ConfigSpeedBusOperation           0x08006231   Thumb Code   232  stm32h7xx_hal_sd.o(.text.HAL_SD_ConfigSpeedBusOperation)
    HAL_SD_ConfigWideBusOperation            0x08006319   Thumb Code   406  stm32h7xx_hal_sd.o(.text.HAL_SD_ConfigWideBusOperation)
    HAL_SD_DeInit                            0x080064b1   Thumb Code    40  stm32h7xx_hal_sd.o(.text.HAL_SD_DeInit)
    HAL_SD_ErrorCallback                     0x080064d9   Thumb Code    30  sd_card.o(.text.HAL_SD_ErrorCallback)
    HAL_SD_GetCardCSD                        0x080064f9   Thumb Code   402  stm32h7xx_hal_sd.o(.text.HAL_SD_GetCardCSD)
    HAL_SD_GetCardInfo                       0x08006691   Thumb Code    38  stm32h7xx_hal_sd.o(.text.HAL_SD_GetCardInfo)
    HAL_SD_GetCardState                      0x080066b9   Thumb Code    42  stm32h7xx_hal_sd.o(.text.HAL_SD_GetCardState)
    HAL_SD_GetCardStatus                     0x080066e9   Thumb Code   456  stm32h7xx_hal_sd.o(.text.HAL_SD_GetCardStatus)
    HAL_SD_IRQHandler                        0x080068b1   Thumb Code   758  stm32h7xx_hal_sd.o(.text.HAL_SD_IRQHandler)
    HAL_SD_Init                              0x08006ba9   Thumb Code   210  stm32h7xx_hal_sd.o(.text.HAL_SD_Init)
    HAL_SD_InitCard                          0x08006c81   Thumb Code   714  stm32h7xx_hal_sd.o(.text.HAL_SD_InitCard)
    HAL_SD_MspDeInit                         0x08006f51   Thumb Code    66  sdmmc.o(.text.HAL_SD_MspDeInit)
    HAL_SD_MspInit                           0x08006f99   Thumb Code   222  sdmmc.o(.text.HAL_SD_MspInit)
    HAL_SD_ReadBlocks_DMA                    0x08007079   Thumb Code   230  stm32h7xx_hal_sd.o(.text.HAL_SD_ReadBlocks_DMA)
    HAL_SD_RxCpltCallback                    0x08007161   Thumb Code    30  sd_card.o(.text.HAL_SD_RxCpltCallback)
    HAL_SD_TxCpltCallback                    0x08007181   Thumb Code    30  sd_card.o(.text.HAL_SD_TxCpltCallback)
    HAL_SD_WriteBlocks_DMA                   0x080071a1   Thumb Code   232  stm32h7xx_hal_sd.o(.text.HAL_SD_WriteBlocks_DMA)
    HAL_SPI_Init                             0x08007289   Thumb Code   444  stm32h7xx_hal_spi.o(.text.HAL_SPI_Init)
    HAL_SPI_MspInit                          0x08007449   Thumb Code   238  spi.o(.text.HAL_SPI_MspInit)
    HAL_SPI_Receive                          0x08007539   Thumb Code   816  stm32h7xx_hal_spi.o(.text.HAL_SPI_Receive)
    HAL_SYSCFG_AnalogSwitchConfig            0x08007869   Thumb Code    20  stm32h7xx_hal.o(.text.HAL_SYSCFG_AnalogSwitchConfig)
    HAL_SYSTICK_Config                       0x08007881   Thumb Code    46  stm32h7xx_hal_cortex.o(.text.HAL_SYSTICK_Config)
    HAL_UARTEx_DisableFifoMode               0x080078b1   Thumb Code    54  stm32h7xx_hal_uart_ex.o(.text.HAL_UARTEx_DisableFifoMode)
    HAL_UARTEx_RxEventCallback               0x080078e9   Thumb Code     2  stm32h7xx_hal_uart.o(.text.HAL_UARTEx_RxEventCallback)
    HAL_UARTEx_RxFifoFullCallback            0x080078f1   Thumb Code     2  stm32h7xx_hal_uart_ex.o(.text.HAL_UARTEx_RxFifoFullCallback)
    HAL_UARTEx_SetRxFifoThreshold            0x080078f9   Thumb Code   140  stm32h7xx_hal_uart_ex.o(.text.HAL_UARTEx_SetRxFifoThreshold)
    HAL_UARTEx_SetTxFifoThreshold            0x08007989   Thumb Code   140  stm32h7xx_hal_uart_ex.o(.text.HAL_UARTEx_SetTxFifoThreshold)
    HAL_UARTEx_TxFifoEmptyCallback           0x08007a19   Thumb Code     2  stm32h7xx_hal_uart_ex.o(.text.HAL_UARTEx_TxFifoEmptyCallback)
    HAL_UARTEx_WakeupCallback                0x08007a21   Thumb Code     2  stm32h7xx_hal_uart_ex.o(.text.HAL_UARTEx_WakeupCallback)
    HAL_UART_ErrorCallback                   0x08007a29   Thumb Code    48  lepton_stream.o(.text.HAL_UART_ErrorCallback)
    HAL_UART_IRQHandler                      0x08007a59   Thumb Code  1674  stm32h7xx_hal_uart.o(.text.HAL_UART_IRQHandler)
    HAL_UART_Init                            0x080080e9   Thumb Code   100  stm32h7xx_hal_uart.o(.text.HAL_UART_Init)
    HAL_UART_MspInit                         0x08008151   Thumb Code   432  usart.o(.text.HAL_UART_MspInit)
    HAL_UART_Receive_IT                      0x08008301   Thumb Code   172  stm32h7xx_hal_uart.o(.text.HAL_UART_Receive_IT)
    HAL_UART_RxCpltCallback                  0x080083b1   Thumb Code    76  lepton_stream.o(.text.HAL_UART_RxCpltCallback)
    HAL_UART_Transmit                        0x08008401   Thumb Code   364  stm32h7xx_hal_uart.o(.text.HAL_UART_Transmit)
    HAL_UART_TxCpltCallback                  0x08008571   Thumb Code     2  stm32h7xx_hal_uart.o(.text.HAL_UART_TxCpltCallback)
    HardFault_Handler                        0x08008579   Thumb Code   148  stm32h7xx_it.o(.text.HardFault_Handler)
    LED_TURN                                 0x08008971   Thumb Code    50  led.o(.text.LED_TURN)
    Lepton_CCI_SetAttr                       0x08008f31   Thumb Code   738  lepton.o(.text.Lepton_CCI_SetAttr)
    Lepton_Capture_Frame                     0x08009219   Thumb Code  1256  lepton.o(.text.Lepton_Capture_Frame)
    Lepton_I2C_BitBang_Probe                 0x08009701   Thumb Code   454  lepton.o(.text.Lepton_I2C_BitBang_Probe)
    Lepton_Init                              0x080098c9   Thumb Code  1362  lepton.o(.text.Lepton_Init)
    Lepton_Raw_To_Temp                       0x08009e21   Thumb Code    24  lepton.o(.text.Lepton_Raw_To_Temp)
    Lepton_Stream_Active                     0x08009e41   Thumb Code    12  lepton_stream.o(.text.Lepton_Stream_Active)
    Lepton_Stream_Init                       0x08009e51   Thumb Code   162  lepton_stream.o(.text.Lepton_Stream_Init)
    Lepton_Stream_SendFrame                  0x08009ef9   Thumb Code   538  lepton_stream.o(.text.Lepton_Stream_SendFrame)
    Lepton_VoSPI_Resync                      0x0800a119   Thumb Code    28  lepton.o(.text.Lepton_VoSPI_Resync)
    Lepton_WaitBoot                          0x0800a139   Thumb Code   180  lepton.o(.text.Lepton_WaitBoot)
    MX_ADC1_Init                             0x0800a1f1   Thumb Code   168  adc.o(.text.MX_ADC1_Init)
    MX_ADC2_Init                             0x0800a299   Thumb Code   120  adc.o(.text.MX_ADC2_Init)
    MX_DMA_Init                              0x0800a311   Thumb Code    52  dma.o(.text.MX_DMA_Init)
    MX_GPIO_Init                             0x0800a349   Thumb Code   596  gpio.o(.text.MX_GPIO_Init)
    MX_I2C4_Init                             0x0800a5a1   Thumb Code   106  i2c.o(.text.MX_I2C4_Init)
    MX_LTDC_Init                             0x0800a611   Thumb Code   210  ltdc.o(.text.MX_LTDC_Init)
    MX_SDMMC2_SD_Init                        0x0800a6e9   Thumb Code     2  sdmmc.o(.text.MX_SDMMC2_SD_Init)
    MX_SPI4_Init                             0x0800a6f1   Thumb Code    90  spi.o(.text.MX_SPI4_Init)
    MX_SPI5_Init                             0x0800a751   Thumb Code    90  spi.o(.text.MX_SPI5_Init)
    MX_UART4_Init                            0x0800a7b1   Thumb Code   124  usart.o(.text.MX_UART4_Init)
    MX_UART5_Init                            0x0800a831   Thumb Code   124  usart.o(.text.MX_UART5_Init)
    MX_USART1_UART_Init                      0x0800a8b1   Thumb Code   124  usart.o(.text.MX_USART1_UART_Init)
    MemManage_Handler                        0x0800a931   Thumb Code     2  stm32h7xx_it.o(.text.MemManage_Handler)
    NMI_Handler                              0x0800a939   Thumb Code     2  stm32h7xx_it.o(.text.NMI_Handler)
    OLED_Clear                               0x0800a941   Thumb Code  1166  oled.o(.text.OLED_Clear)
    OLED_I2C_Start                           0x0800add1   Thumb Code   220  oled.o(.text.OLED_I2C_Start)
    OLED_Init                                0x0800aeb1   Thumb Code  1360  oled.o(.text.OLED_Init)
    OLED_Refresh                             0x0800b401   Thumb Code   778  oled.o(.text.OLED_Refresh)
    OLED_Send_Byte                           0x0800b711   Thumb Code  1170  oled.o(.text.OLED_Send_Byte)
    OLED_ShowChar                            0x0800bba9   Thumb Code  1746  oled.o(.text.OLED_ShowChar)
    OLED_ShowString                          0x0800c281   Thumb Code    82  oled.o(.text.OLED_ShowString)
    OLED_WR_Byte                             0x0800c2d9   Thumb Code   718  oled.o(.text.OLED_WR_Byte)
    PendSV_Handler                           0x0800c5a9   Thumb Code     2  stm32h7xx_it.o(.text.PendSV_Handler)
    SDMMC2_IRQHandler                        0x0800c801   Thumb Code    12  stm32h7xx_it.o(.text.SDMMC2_IRQHandler)
    SDMMC_CmdAppCommand                      0x0800c811   Thumb Code    36  stm32h7xx_ll_sdmmc.o(.text.SDMMC_CmdAppCommand)
    SDMMC_CmdAppOperCommand                  0x0800c839   Thumb Code   150  stm32h7xx_ll_sdmmc.o(.text.SDMMC_CmdAppOperCommand)
    SDMMC_CmdBlockLength                     0x0800c8d1   Thumb Code    36  stm32h7xx_ll_sdmmc.o(.text.SDMMC_CmdBlockLength)
    SDMMC_CmdBusWidth                        0x0800c8f9   Thumb Code    36  stm32h7xx_ll_sdmmc.o(.text.SDMMC_CmdBusWidth)
    SDMMC_CmdGoIdleState                     0x0800c921   Thumb Code   106  stm32h7xx_ll_sdmmc.o(.text.SDMMC_CmdGoIdleState)
    SDMMC_CmdOperCond                        0x0800c991   Thumb Code   178  stm32h7xx_ll_sdmmc.o(.text.SDMMC_CmdOperCond)
    SDMMC_CmdReadMultiBlock                  0x0800ca49   Thumb Code    36  stm32h7xx_ll_sdmmc.o(.text.SDMMC_CmdReadMultiBlock)
    SDMMC_CmdReadSingleBlock                 0x0800ca71   Thumb Code    36  stm32h7xx_ll_sdmmc.o(.text.SDMMC_CmdReadSingleBlock)
    SDMMC_CmdSelDesel                        0x0800ca99   Thumb Code    36  stm32h7xx_ll_sdmmc.o(.text.SDMMC_CmdSelDesel)
    SDMMC_CmdSendCID                         0x0800cac1   Thumb Code   168  stm32h7xx_ll_sdmmc.o(.text.SDMMC_CmdSendCID)
    SDMMC_CmdSendCSD                         0x0800cb69   Thumb Code   168  stm32h7xx_ll_sdmmc.o(.text.SDMMC_CmdSendCSD)
    SDMMC_CmdSendSCR                         0x0800cc11   Thumb Code    38  stm32h7xx_ll_sdmmc.o(.text.SDMMC_CmdSendSCR)
    SDMMC_CmdSendStatus                      0x0800cc39   Thumb Code    36  stm32h7xx_ll_sdmmc.o(.text.SDMMC_CmdSendStatus)
    SDMMC_CmdSetRelAdd                       0x0800cc61   Thumb Code   214  stm32h7xx_ll_sdmmc.o(.text.SDMMC_CmdSetRelAdd)
    SDMMC_CmdStatusRegister                  0x0800cd39   Thumb Code    38  stm32h7xx_ll_sdmmc.o(.text.SDMMC_CmdStatusRegister)
    SDMMC_CmdStopTransfer                    0x0800cd61   Thumb Code    78  stm32h7xx_ll_sdmmc.o(.text.SDMMC_CmdStopTransfer)
    SDMMC_CmdSwitch                          0x0800cdb1   Thumb Code    36  stm32h7xx_ll_sdmmc.o(.text.SDMMC_CmdSwitch)
    SDMMC_CmdWriteMultiBlock                 0x0800cdd9   Thumb Code    36  stm32h7xx_ll_sdmmc.o(.text.SDMMC_CmdWriteMultiBlock)
    SDMMC_CmdWriteSingleBlock                0x0800ce01   Thumb Code    36  stm32h7xx_ll_sdmmc.o(.text.SDMMC_CmdWriteSingleBlock)
    SDMMC_ConfigData                         0x0800ce29   Thumb Code    44  stm32h7xx_ll_sdmmc.o(.text.SDMMC_ConfigData)
    SDMMC_GetCmdResp1                        0x0800ce59   Thumb Code   406  stm32h7xx_ll_sdmmc.o(.text.SDMMC_GetCmdResp1)
    SDMMC_GetPowerState                      0x0800cff1   Thumb Code     8  stm32h7xx_ll_sdmmc.o(.text.SDMMC_GetPowerState)
    SDMMC_GetResponse                        0x0800cff9   Thumb Code     6  stm32h7xx_ll_sdmmc.o(.text.SDMMC_GetResponse)
    SDMMC_Init                               0x0800d001   Thumb Code    34  stm32h7xx_ll_sdmmc.o(.text.SDMMC_Init)
    SDMMC_PowerState_OFF                     0x0800d029   Thumb Code    14  stm32h7xx_ll_sdmmc.o(.text.SDMMC_PowerState_OFF)
    SDMMC_PowerState_ON                      0x0800d039   Thumb Code    14  stm32h7xx_ll_sdmmc.o(.text.SDMMC_PowerState_ON)
    SDMMC_ReadFIFO                           0x0800d049   Thumb Code     6  stm32h7xx_ll_sdmmc.o(.text.SDMMC_ReadFIFO)
    SDMMC_WriteFIFO                          0x0800d051   Thumb Code    12  stm32h7xx_ll_sdmmc.o(.text.SDMMC_WriteFIFO)
    SD_Card_Init                             0x0800d061   Thumb Code   298  sd_card.o(.text.SD_Card_Init)
    SD_GetCardInfo                           0x0800d289   Thumb Code    18  sd_card.o(.text.SD_GetCardInfo)
    SD_IsPresent                             0x0800d2a1   Thumb Code    28  sd_card.o(.text.SD_IsPresent)
    SD_ReadDisk_DMA                          0x0800d2c1   Thumb Code   608  sd_card.o(.text.SD_ReadDisk_DMA)
    SD_WriteDisk_DMA                         0x0800d7e9   Thumb Code   572  sd_card.o(.text.SD_WriteDisk_DMA)
    SVC_Handler                              0x0800daf9   Thumb Code     2  stm32h7xx_it.o(.text.SVC_Handler)
    SW_I2C_Init                              0x0800db01   Thumb Code    88  sw_i2c.o(.text.SW_I2C_Init)
    SW_I2C_ReadByte                          0x0800db59   Thumb Code  1504  sw_i2c.o(.text.SW_I2C_ReadByte)
    SW_I2C_SendByte                          0x0800e139   Thumb Code  1148  sw_i2c.o(.text.SW_I2C_SendByte)
    SW_I2C_Start                             0x0800e5b9   Thumb Code   164  sw_i2c.o(.text.SW_I2C_Start)
    SW_I2C_Stop                              0x0800e661   Thumb Code   216  sw_i2c.o(.text.SW_I2C_Stop)
    SW_I2C_WaitAck                           0x0800e739   Thumb Code   194  sw_i2c.o(.text.SW_I2C_WaitAck)
    SysTick_Handler                          0x0800e801   Thumb Code     4  stm32h7xx_it.o(.text.SysTick_Handler)
    SystemClock_Config                       0x0800e809   Thumb Code   216  main.o(.text.SystemClock_Config)
    SystemInit                               0x0800e8e1   Thumb Code   238  system_stm32h7xx.o(.text.SystemInit)
    UART4_IRQHandler                         0x0800e9d1   Thumb Code    12  stm32h7xx_it.o(.text.UART4_IRQHandler)
    UART_AdvFeatureConfig                    0x0800e9e1   Thumb Code   224  stm32h7xx_hal_uart.o(.text.UART_AdvFeatureConfig)
    UART_CheckIdleState                      0x0800eac1   Thumb Code   366  stm32h7xx_hal_uart.o(.text.UART_CheckIdleState)
    UART_SetConfig                           0x0800f649   Thumb Code  1152  stm32h7xx_hal_uart.o(.text.UART_SetConfig)
    UART_Start_Receive_IT                    0x0800fad1   Thumb Code   628  stm32h7xx_hal_uart.o(.text.UART_Start_Receive_IT)
    UART_WaitOnFlagUntilTimeout              0x0800fd49   Thumb Code   856  stm32h7xx_hal_uart.o(.text.UART_WaitOnFlagUntilTimeout)
    USART1_IRQHandler                        0x080100a1   Thumb Code    12  stm32h7xx_it.o(.text.USART1_IRQHandler)
    UsageFault_Handler                       0x080100b1   Thumb Code     2  stm32h7xx_it.o(.text.UsageFault_Handler)
    delay_ms                                 0x080103f1   Thumb Code   166  delay.o(.text.delay_ms)
    delay_us                                 0x08010499   Thumb Code   128  delay.o(.text.delay_us)
    main                                     0x08010519   Thumb Code  2660  main.o(.text.main)
    sht40_read_data                          0x08011021   Thumb Code   620  sht40.o(.text.sht40_read_data)
    _btod_d2e                                0x0801129d   Thumb Code    62  btod.o(CL$$btod_d2e)
    _d2e_denorm_low                          0x080112db   Thumb Code    70  btod.o(CL$$btod_d2e_denorm_low)
    _d2e_norm_op1                            0x08011321   Thumb Code    96  btod.o(CL$$btod_d2e_norm_op1)
    __btod_div_common                        0x08011381   Thumb Code   696  btod.o(CL$$btod_div_common)
    _e2e                                     0x080116b9   Thumb Code   220  btod.o(CL$$btod_e2e)
    _btod_ediv                               0x08011795   Thumb Code    42  btod.o(CL$$btod_ediv)
    _btod_emul                               0x080117bf   Thumb Code    42  btod.o(CL$$btod_emul)
    __btod_mult_common                       0x080117e9   Thumb Code   580  btod.o(CL$$btod_mult_common)
    __ARM_fpclassify                         0x08011a2d   Thumb Code    48  fpclassify.o(i.__ARM_fpclassify)
    _is_digit                                0x08011a5d   Thumb Code    14  __printf_wp.o(i._is_digit)
    _get_lc_numeric                          0x08011a6d   Thumb Code    44  lc_numeric_c.o(locale$$code)
    _fp_init                                 0x08011a99   Thumb Code    26  fpinit.o(x$fpl$fpinit)
    __fplib_config_fpu_vfp                   0x08011ab1   Thumb Code     0  fpinit.o(x$fpl$fpinit)
    __fplib_config_pureend_doubles           0x08011ab1   Thumb Code     0  fpinit.o(x$fpl$fpinit)
    _printf_fp_dec                           0x08011ab3   Thumb Code     4  printf1.o(x$fpl$printf1)
    __I$use$fp                               0x08011ab6   Number         0  usenofp.o(x$fpl$usenofp)
    D1CorePrescTable                         0x08011b90   Data          16  system_stm32h7xx.o(.rodata.D1CorePrescTable)
    UARTPrescTable                           0x08011ba0   Data          24  stm32h7xx_hal_uart.o(.rodata.UARTPrescTable)
    oled_asc2_1206                           0x08011be8   Data        1140  oled.o(.rodata.oled_asc2_1206)
    oled_asc2_1608                           0x0801205c   Data        1520  oled.o(.rodata.oled_asc2_1608)
    oled_asc2_2412                           0x0801264c   Data        3420  oled.o(.rodata.oled_asc2_2412)
    Region$$Table$$Base                      0x08013ca4   Number         0  anon$$obj.o(Region$$Table)
    Region$$Table$$Limit                     0x08013cc4   Number         0  anon$$obj.o(Region$$Table)
    sd_init_status                           0x24000000   Data           1  main.o(.data..L_MergedGlobals)
    sd_present_last                          0x24000001   Data           1  main.o(.data..L_MergedGlobals)
    s_buf                                    0x24000002   Data          17  main.o(.data..L_MergedGlobals)
    uwTickFreq                               0x24000014   Data           1  stm32h7xx_hal.o(.data..L_MergedGlobals)
    uwTickPrio                               0x24000018   Data           4  stm32h7xx_hal.o(.data..L_MergedGlobals)
    SystemCoreClock                          0x2400001c   Data           4  system_stm32h7xx.o(.data..L_MergedGlobals)
    SystemD2Clock                            0x24000020   Data           4  system_stm32h7xx.o(.data..L_MergedGlobals)
    sd_dbg_cardver                           0x24000024   Data           1  sd_card.o(.data.sd_dbg_cardver)
    __libspace_start                         0x24000040   Data          96  libspace.o(.bss)
    __temporary_stack_top$libspace           0x240000a0   Data           0  libspace.o(.bss)
    g_sd_rx_cplt                             0x240000a0   Data           1  sd_card.o(.bss..L_MergedGlobals)
    g_sd_tx_cplt                             0x240000a1   Data           1  sd_card.o(.bss..L_MergedGlobals)
    g_sd_error                               0x240000a2   Data           1  sd_card.o(.bss..L_MergedGlobals)
    sd_dbg_stage                             0x240000a3   Data           1  sd_card.o(.bss..L_MergedGlobals)
    sd_dbg_kerclk                            0x240000a4   Data           4  sd_card.o(.bss..L_MergedGlobals)
    sd_dbg_errorcode                         0x240000a8   Data           4  sd_card.o(.bss..L_MergedGlobals)
    sht40_status                             0x240000d8   Data           1  main.o(.bss..L_MergedGlobals.42)
    temperature                              0x240000dc   Data           4  main.o(.bss..L_MergedGlobals.42)
    humidity                                 0x240000e0   Data           4  main.o(.bss..L_MergedGlobals.42)
    disp_buff                                0x240000e4   Data          32  main.o(.bss..L_MergedGlobals.42)
    sd_info                                  0x24000104   Data          36  main.o(.bss..L_MergedGlobals.42)
    OLED_GRAM                                0x2400012c   Data        1152  oled.o(.bss.OLED_GRAM)
    hadc1                                    0x24000bc0   Data         100  adc.o(.bss.hadc1)
    hadc2                                    0x24000c24   Data         100  adc.o(.bss.hadc2)
    hdma_usart1_tx                           0x24000c88   Data         120  usart.o(.bss.hdma_usart1_tx)
    hi2c4                                    0x24000d00   Data          84  i2c.o(.bss.hi2c4)
    hltdc                                    0x24000d54   Data         168  ltdc.o(.bss.hltdc)
    hsd2                                     0x24000dfc   Data         124  sdmmc.o(.bss.hsd2)
    hspi4                                    0x24000e78   Data         136  spi.o(.bss.hspi4)
    hspi5                                    0x24000f00   Data         136  spi.o(.bss.hspi5)
    huart1                                   0x24000f88   Data         148  usart.o(.bss.huart1)
    huart4                                   0x2400101c   Data         148  usart.o(.bss.huart4)
    huart5                                   0x240010b0   Data         148  usart.o(.bss.huart5)
    lepton_diag                              0x2400a744   Data         120  lepton.o(.bss.lepton_diag)
    lepton_raw_frame                         0x2400a7bc   Data       38400  lepton.o(.bss.lepton_raw_frame)
    lepton_spi_pkt                           0x24013dbc   Data         164  lepton.o(.bss.lepton_spi_pkt)
    uwTick                                   0x2401f9f0   Data           4  stm32h7xx_hal.o(.bss.uwTick)



==============================================================================

Memory Map of the image

  Image Entry point : 0x08000299

  Load Region LR_IROM1 (Base: 0x08000000, Size: 0x00013d20, Max: 0x00200000, ABSOLUTE)

    Execution Region ER_IROM1 (Exec base: 0x08000000, Load base: 0x08000000, Size: 0x00013ce0, Max: 0x00200000, ABSOLUTE)

    Exec Addr    Load Addr    Size         Type   Attr      Idx    E Section Name        Object

    0x08000000   0x08000000   0x00000298   Data   RO            3    RESET               startup_stm32h743xx.o
    0x08000298   0x08000298   0x00000008   Code   RO         2094  * !!!main             c_w.l(__main.o)
    0x080002a0   0x080002a0   0x0000005c   Code   RO         2338    !!!scatter          c_w.l(__scatter.o)
    0x080002fc   0x080002fc   0x0000001a   Code   RO         2342    !!handler_copy      c_w.l(__scatter_copy.o)
    0x08000316   0x08000316   0x00000002   PAD
    0x08000318   0x08000318   0x00000002   Code   RO         2339    !!handler_null      c_w.l(__scatter.o)
    0x0800031a   0x0800031a   0x00000002   PAD
    0x0800031c   0x0800031c   0x0000001c   Code   RO         2344    !!handler_zi        c_w.l(__scatter_zi.o)
    0x08000338   0x08000338   0x00000000   Code   RO         2081    .ARM.Collect$$_printf_percent$$00000000  c_w.l(_printf_percent.o)
    0x08000338   0x08000338   0x00000006   Code   RO         2080    .ARM.Collect$$_printf_percent$$00000003  c_w.l(_printf_f.o)
    0x0800033e   0x0800033e   0x00000006   Code   RO         2078    .ARM.Collect$$_printf_percent$$00000009  c_w.l(_printf_d.o)
    0x08000344   0x08000344   0x00000006   Code   RO         2079    .ARM.Collect$$_printf_percent$$0000000A  c_w.l(_printf_u.o)
    0x0800034a   0x0800034a   0x00000006   Code   RO         2077    .ARM.Collect$$_printf_percent$$0000000C  c_w.l(_printf_x.o)
    0x08000350   0x08000350   0x00000006   Code   RO         2075    .ARM.Collect$$_printf_percent$$00000013  c_w.l(_printf_c.o)
    0x08000356   0x08000356   0x00000006   Code   RO         2076    .ARM.Collect$$_printf_percent$$00000014  c_w.l(_printf_s.o)
    0x0800035c   0x0800035c   0x00000004   Code   RO         2117    .ARM.Collect$$_printf_percent$$00000017  c_w.l(_printf_percent_end.o)
    0x08000360   0x08000360   0x00000002   Code   RO         2201    .ARM.Collect$$libinit$$00000000  c_w.l(libinit.o)
    0x08000362   0x08000362   0x00000004   Code   RO         2202    .ARM.Collect$$libinit$$00000001  c_w.l(libinit2.o)
    0x08000366   0x08000366   0x00000000   Code   RO         2205    .ARM.Collect$$libinit$$00000004  c_w.l(libinit2.o)
    0x08000366   0x08000366   0x00000000   Code   RO         2207    .ARM.Collect$$libinit$$00000006  c_w.l(libinit2.o)
    0x08000366   0x08000366   0x00000000   Code   RO         2210    .ARM.Collect$$libinit$$0000000C  c_w.l(libinit2.o)
    0x08000366   0x08000366   0x00000000   Code   RO         2212    .ARM.Collect$$libinit$$0000000E  c_w.l(libinit2.o)
    0x08000366   0x08000366   0x00000000   Code   RO         2214    .ARM.Collect$$libinit$$00000010  c_w.l(libinit2.o)
    0x08000366   0x08000366   0x00000006   Code   RO         2215    .ARM.Collect$$libinit$$00000011  c_w.l(libinit2.o)
    0x0800036c   0x0800036c   0x00000000   Code   RO         2217    .ARM.Collect$$libinit$$00000013  c_w.l(libinit2.o)
    0x0800036c   0x0800036c   0x00000000   Code   RO         2219    .ARM.Collect$$libinit$$00000015  c_w.l(libinit2.o)
    0x0800036c   0x0800036c   0x00000000   Code   RO         2221    .ARM.Collect$$libinit$$00000017  c_w.l(libinit2.o)
    0x0800036c   0x0800036c   0x0000000a   Code   RO         2222    .ARM.Collect$$libinit$$00000018  c_w.l(libinit2.o)
    0x08000376   0x08000376   0x00000000   Code   RO         2223    .ARM.Collect$$libinit$$00000019  c_w.l(libinit2.o)
    0x08000376   0x08000376   0x00000000   Code   RO         2225    .ARM.Collect$$libinit$$0000001B  c_w.l(libinit2.o)
    0x08000376   0x08000376   0x00000000   Code   RO         2227    .ARM.Collect$$libinit$$0000001D  c_w.l(libinit2.o)
    0x08000376   0x08000376   0x00000000   Code   RO         2229    .ARM.Collect$$libinit$$0000001F  c_w.l(libinit2.o)
    0x08000376   0x08000376   0x00000000   Code   RO         2231    .ARM.Collect$$libinit$$00000021  c_w.l(libinit2.o)
    0x08000376   0x08000376   0x00000000   Code   RO         2233    .ARM.Collect$$libinit$$00000023  c_w.l(libinit2.o)
    0x08000376   0x08000376   0x00000000   Code   RO         2235    .ARM.Collect$$libinit$$00000025  c_w.l(libinit2.o)
    0x08000376   0x08000376   0x00000000   Code   RO         2237    .ARM.Collect$$libinit$$00000027  c_w.l(libinit2.o)
    0x08000376   0x08000376   0x00000000   Code   RO         2241    .ARM.Collect$$libinit$$0000002E  c_w.l(libinit2.o)
    0x08000376   0x08000376   0x00000000   Code   RO         2243    .ARM.Collect$$libinit$$00000030  c_w.l(libinit2.o)
    0x08000376   0x08000376   0x00000000   Code   RO         2245    .ARM.Collect$$libinit$$00000032  c_w.l(libinit2.o)
    0x08000376   0x08000376   0x00000000   Code   RO         2247    .ARM.Collect$$libinit$$00000034  c_w.l(libinit2.o)
    0x08000376   0x08000376   0x00000002   Code   RO         2248    .ARM.Collect$$libinit$$00000035  c_w.l(libinit2.o)
    0x08000378   0x08000378   0x00000002   Code   RO         2303    .ARM.Collect$$libshutdown$$00000000  c_w.l(libshutdown.o)
    0x0800037a   0x0800037a   0x00000000   Code   RO         2321    .ARM.Collect$$libshutdown$$00000002  c_w.l(libshutdown2.o)
    0x0800037a   0x0800037a   0x00000000   Code   RO         2323    .ARM.Collect$$libshutdown$$00000004  c_w.l(libshutdown2.o)
    0x0800037a   0x0800037a   0x00000000   Code   RO         2326    .ARM.Collect$$libshutdown$$00000007  c_w.l(libshutdown2.o)
    0x0800037a   0x0800037a   0x00000000   Code   RO         2329    .ARM.Collect$$libshutdown$$0000000A  c_w.l(libshutdown2.o)
    0x0800037a   0x0800037a   0x00000000   Code   RO         2331    .ARM.Collect$$libshutdown$$0000000C  c_w.l(libshutdown2.o)
    0x0800037a   0x0800037a   0x00000000   Code   RO         2334    .ARM.Collect$$libshutdown$$0000000F  c_w.l(libshutdown2.o)
    0x0800037a   0x0800037a   0x00000002   Code   RO         2335    .ARM.Collect$$libshutdown$$00000010  c_w.l(libshutdown2.o)
    0x0800037c   0x0800037c   0x00000000   Code   RO         2098    .ARM.Collect$$rtentry$$00000000  c_w.l(__rtentry.o)
    0x0800037c   0x0800037c   0x00000000   Code   RO         2119    .ARM.Collect$$rtentry$$00000002  c_w.l(__rtentry2.o)
    0x0800037c   0x0800037c   0x00000006   Code   RO         2131    .ARM.Collect$$rtentry$$00000004  c_w.l(__rtentry4.o)
    0x08000382   0x08000382   0x00000000   Code   RO         2121    .ARM.Collect$$rtentry$$00000009  c_w.l(__rtentry2.o)
    0x08000382   0x08000382   0x00000004   Code   RO         2122    .ARM.Collect$$rtentry$$0000000A  c_w.l(__rtentry2.o)
    0x08000386   0x08000386   0x00000000   Code   RO         2124    .ARM.Collect$$rtentry$$0000000C  c_w.l(__rtentry2.o)
    0x08000386   0x08000386   0x00000008   Code   RO         2125    .ARM.Collect$$rtentry$$0000000D  c_w.l(__rtentry2.o)
    0x0800038e   0x0800038e   0x00000002   Code   RO         2249    .ARM.Collect$$rtexit$$00000000  c_w.l(rtexit.o)
    0x08000390   0x08000390   0x00000000   Code   RO         2268    .ARM.Collect$$rtexit$$00000002  c_w.l(rtexit2.o)
    0x08000390   0x08000390   0x00000004   Code   RO         2269    .ARM.Collect$$rtexit$$00000003  c_w.l(rtexit2.o)
    0x08000394   0x08000394   0x00000006   Code   RO         2270    .ARM.Collect$$rtexit$$00000004  c_w.l(rtexit2.o)
    0x0800039a   0x0800039a   0x00000002   PAD
    0x0800039c   0x0800039c   0x00000048   Code   RO            4    .text               startup_stm32h743xx.o
    0x080003e4   0x080003e4   0x000000f0   Code   RO         2016    .text               c_w.l(lludivv7m.o)
    0x080004d4   0x080004d4   0x0000002c   Code   RO         2018    .text               c_w.l(__2sprintf.o)
    0x08000500   0x08000500   0x00000040   Code   RO         2020    .text               c_w.l(__2snprintf.o)
    0x08000540   0x08000540   0x0000004e   Code   RO         2028    .text               c_w.l(_printf_pad.o)
    0x0800058e   0x0800058e   0x00000052   Code   RO         2030    .text               c_w.l(_printf_str.o)
    0x080005e0   0x080005e0   0x00000078   Code   RO         2032    .text               c_w.l(_printf_dec.o)
    0x08000658   0x08000658   0x00000058   Code   RO         2037    .text               c_w.l(_printf_hex_int.o)
    0x080006b0   0x080006b0   0x00000188   Code   RO         2072    .text               c_w.l(__printf_flags_ss_wp.o)
    0x08000838   0x08000838   0x00000058   Code   RO         2082    .text               c_w.l(memcmp.o)
    0x08000890   0x08000890   0x0000003e   Code   RO         2084    .text               c_w.l(strlen.o)
    0x080008ce   0x080008ce   0x0000008a   Code   RO         2086    .text               c_w.l(rt_memcpy_v6.o)
    0x08000958   0x08000958   0x00000064   Code   RO         2088    .text               c_w.l(rt_memcpy_w.o)
    0x080009bc   0x080009bc   0x0000004e   Code   RO         2090    .text               c_w.l(rt_memclr_w.o)
    0x08000a0a   0x08000a0a   0x00000006   Code   RO         2092    .text               c_w.l(heapauxi.o)
    0x08000a10   0x08000a10   0x000000b2   Code   RO         2103    .text               c_w.l(_printf_intcommon.o)
    0x08000ac2   0x08000ac2   0x0000041c   Code   RO         2105    .text               c_w.l(_printf_fp_dec.o)
    0x08000ede   0x08000ede   0x00000002   PAD
    0x08000ee0   0x08000ee0   0x00000030   Code   RO         2109    .text               c_w.l(_printf_char_common.o)
    0x08000f10   0x08000f10   0x0000000a   Code   RO         2111    .text               c_w.l(_sputc.o)
    0x08000f1a   0x08000f1a   0x00000010   Code   RO         2113    .text               c_w.l(_snputc.o)
    0x08000f2a   0x08000f2a   0x0000002c   Code   RO         2115    .text               c_w.l(_printf_char.o)
    0x08000f56   0x08000f56   0x00000002   PAD
    0x08000f58   0x08000f58   0x00000008   Code   RO         2138    .text               c_w.l(rt_locale_intlibspace.o)
    0x08000f60   0x08000f60   0x0000008a   Code   RO         2140    .text               c_w.l(lludiv10.o)
    0x08000fea   0x08000fea   0x00000002   PAD
    0x08000fec   0x08000fec   0x00000080   Code   RO         2142    .text               c_w.l(_printf_fp_infnan.o)
    0x0800106c   0x0800106c   0x000000e4   Code   RO         2146    .text               c_w.l(bigflt0.o)
    0x08001150   0x08001150   0x00000008   Code   RO         2181    .text               c_w.l(libspace.o)
    0x08001158   0x08001158   0x0000004a   Code   RO         2184    .text               c_w.l(sys_stackheap_outer.o)
    0x080011a2   0x080011a2   0x00000012   Code   RO         2188    .text               c_w.l(exit.o)
    0x080011b4   0x080011b4   0x00000004   PAD
    0x080011b8   0x080011b8   0x0000007c   Code   RO         2194    .text               c_w.l(strcmpv7m_pel.o)
    0x08001234   0x08001234   0x0000000c   Code   RO         2263    .text               c_w.l(sys_exit.o)
    0x08001240   0x08001240   0x00000002   Code   RO         2290    .text               c_w.l(use_no_semi.o)
    0x08001242   0x08001242   0x00000000   Code   RO         2292    .text               c_w.l(indicate_semi.o)
    0x08001242   0x08001242   0x00000006   PAD
    0x08001248   0x08001248   0x0000012c   Code   RO          205    .text.ADC_ConfigureBoostMode  stm32h7xx_hal_adc.o
    0x08001374   0x08001374   0x00000004   PAD
    0x08001378   0x08001378   0x00000002   Code   RO          165    .text.BusFault_Handler  stm32h7xx_it.o
    0x0800137a   0x0800137a   0x00000006   PAD
    0x08001380   0x08001380   0x0000000c   Code   RO          177    .text.DMA1_Stream0_IRQHandler  stm32h7xx_it.o
    0x0800138c   0x0800138c   0x00000004   PAD
    0x08001390   0x08001390   0x00000128   Code   RO          556    .text.DMA_CalcBaseAndBitshift  stm32h7xx_hal_dma.o
    0x080014b8   0x080014b8   0x00000002   Code   RO          171    .text.DebugMon_Handler  stm32h7xx_it.o
    0x080014ba   0x080014ba   0x00000006   PAD
    0x080014c0   0x080014c0   0x00000006   Code   RO           21    .text.Error_Handler  main.o
    0x080014c6   0x080014c6   0x00000002   PAD
    0x080014c8   0x080014c8   0x0000002c   Code   RO         1772    .text.ExitRun0Mode  system_stm32h7xx.o
    0x080014f4   0x080014f4   0x00000004   PAD
    0x080014f8   0x080014f8   0x000000b8   Code   RO          317    .text.HAL_ADCEx_MultiModeConfigChannel  stm32h7xx_hal_adc_ex.o
    0x080015b0   0x080015b0   0x000004f0   Code   RO          251    .text.HAL_ADC_ConfigChannel  stm32h7xx_hal_adc.o
    0x08001aa0   0x08001aa0   0x00000256   Code   RO          201    .text.HAL_ADC_Init  stm32h7xx_hal_adc.o
    0x08001cf6   0x08001cf6   0x00000002   PAD
    0x08001cf8   0x08001cf8   0x000000c0   Code   RO           50    .text.HAL_ADC_MspInit  adc.o
    0x08001db8   0x08001db8   0x00000526   Code   RO          566    .text.HAL_DMA_Abort  stm32h7xx_hal_dma.o
    0x080022de   0x080022de   0x00000002   PAD
    0x080022e0   0x080022e0   0x000002b6   Code   RO          568    .text.HAL_DMA_Abort_IT  stm32h7xx_hal_dma.o
    0x08002596   0x08002596   0x00000002   PAD
    0x08002598   0x08002598   0x00000824   Code   RO          572    .text.HAL_DMA_IRQHandler  stm32h7xx_hal_dma.o
    0x08002dbc   0x08002dbc   0x00000004   PAD
    0x08002dc0   0x08002dc0   0x0000065e   Code   RO          554    .text.HAL_DMA_Init  stm32h7xx_hal_dma.o
    0x0800341e   0x0800341e   0x00000002   PAD
    0x08003420   0x08003420   0x00000028   Code   RO          864    .text.HAL_Delay     stm32h7xx_hal.o
    0x08003448   0x08003448   0x0000011c   Code   RO          502    .text.HAL_GPIO_DeInit  stm32h7xx_hal_gpio.o
    0x08003564   0x08003564   0x00000004   PAD
    0x08003568   0x08003568   0x000001e2   Code   RO          500    .text.HAL_GPIO_Init  stm32h7xx_hal_gpio.o
    0x0800374a   0x0800374a   0x00000006   PAD
    0x08003750   0x08003750   0x0000000a   Code   RO          504    .text.HAL_GPIO_ReadPin  stm32h7xx_hal_gpio.o
    0x0800375a   0x0800375a   0x00000006   PAD
    0x08003760   0x08003760   0x0000000a   Code   RO          506    .text.HAL_GPIO_WritePin  stm32h7xx_hal_gpio.o
    0x0800376a   0x0800376a   0x00000006   PAD
    0x08003770   0x08003770   0x0000000e   Code   RO          872    .text.HAL_GetREVID  stm32h7xx_hal.o
    0x0800377e   0x0800377e   0x00000002   PAD
    0x08003780   0x08003780   0x0000000c   Code   RO          856    .text.HAL_GetTick   stm32h7xx_hal.o
    0x0800378c   0x0800378c   0x00000004   PAD
    0x08003790   0x08003790   0x0000004a   Code   RO         1104    .text.HAL_I2CEx_ConfigAnalogFilter  stm32h7xx_hal_i2c_ex.o
    0x080037da   0x080037da   0x00000006   PAD
    0x080037e0   0x080037e0   0x00000048   Code   RO         1106    .text.HAL_I2CEx_ConfigDigitalFilter  stm32h7xx_hal_i2c_ex.o
    0x08003828   0x08003828   0x00000034   Code   RO          954    .text.HAL_I2C_DeInit  stm32h7xx_hal_i2c.o
    0x0800385c   0x0800385c   0x00000004   PAD
    0x08003860   0x08003860   0x000000b0   Code   RO          950    .text.HAL_I2C_Init  stm32h7xx_hal_i2c.o
    0x08003910   0x08003910   0x0000017c   Code   RO         1024    .text.HAL_I2C_IsDeviceReady  stm32h7xx_hal_i2c.o
    0x08003a8c   0x08003a8c   0x00000004   PAD
    0x08003a90   0x08003a90   0x00000234   Code   RO         1010    .text.HAL_I2C_Mem_Read  stm32h7xx_hal_i2c.o
    0x08003cc4   0x08003cc4   0x00000004   PAD
    0x08003cc8   0x08003cc8   0x00000234   Code   RO         1008    .text.HAL_I2C_Mem_Write  stm32h7xx_hal_i2c.o
    0x08003efc   0x08003efc   0x00000004   PAD
    0x08003f00   0x08003f00   0x0000003e   Code   RO           78    .text.HAL_I2C_MspDeInit  i2c.o
    0x08003f3e   0x08003f3e   0x00000002   PAD
    0x08003f40   0x08003f40   0x00000090   Code   RO           76    .text.HAL_I2C_MspInit  i2c.o
    0x08003fd0   0x08003fd0   0x0000001a   Code   RO          854    .text.HAL_IncTick   stm32h7xx_hal.o
    0x08003fea   0x08003fea   0x00000006   PAD
    0x08003ff0   0x08003ff0   0x00000064   Code   RO          844    .text.HAL_Init      stm32h7xx_hal.o
    0x08004054   0x08004054   0x00000004   PAD
    0x08004058   0x08004058   0x00000050   Code   RO          846    .text.HAL_InitTick  stm32h7xx_hal.o
    0x080040a8   0x080040a8   0x00000074   Code   RO         1166    .text.HAL_LTDC_ConfigLayer  stm32h7xx_hal_ltdc.o
    0x0800411c   0x0800411c   0x00000004   PAD
    0x08004120   0x08004120   0x000000b4   Code   RO         1150    .text.HAL_LTDC_Init  stm32h7xx_hal_ltdc.o
    0x080041d4   0x080041d4   0x00000004   PAD
    0x080041d8   0x080041d8   0x0000021e   Code   RO           91    .text.HAL_LTDC_MspInit  ltdc.o
    0x080043f6   0x080043f6   0x00000002   PAD
    0x080043f8   0x080043f8   0x0000005e   Code   RO          814    .text.HAL_MPU_ConfigRegion  stm32h7xx_hal_cortex.o
    0x08004456   0x08004456   0x00000002   PAD
    0x08004458   0x08004458   0x0000001a   Code   RO          806    .text.HAL_MPU_Disable  stm32h7xx_hal_cortex.o
    0x08004472   0x08004472   0x00000006   PAD
    0x08004478   0x08004478   0x00000020   Code   RO          808    .text.HAL_MPU_Enable  stm32h7xx_hal_cortex.o
    0x08004498   0x08004498   0x00000020   Code   RO          193    .text.HAL_MspInit   stm32h7xx_hal_msp.o
    0x080044b8   0x080044b8   0x00000022   Code   RO          796    .text.HAL_NVIC_EnableIRQ  stm32h7xx_hal_cortex.o
    0x080044da   0x080044da   0x00000006   PAD
    0x080044e0   0x080044e0   0x0000005a   Code   RO          794    .text.HAL_NVIC_SetPriority  stm32h7xx_hal_cortex.o
    0x0800453a   0x0800453a   0x00000006   PAD
    0x08004540   0x08004540   0x00000020   Code   RO          792    .text.HAL_NVIC_SetPriorityGrouping  stm32h7xx_hal_cortex.o
    0x08004560   0x08004560   0x0000004c   Code   RO          704    .text.HAL_PWREx_ConfigSupply  stm32h7xx_hal_pwr_ex.o
    0x080045ac   0x080045ac   0x00000004   PAD
    0x080045b0   0x080045b0   0x00000026   Code   RO          387    .text.HAL_RCCEx_GetD3PCLK1Freq  stm32h7xx_hal_rcc_ex.o
    0x080045d6   0x080045d6   0x00000002   PAD
    0x080045d8   0x080045d8   0x0000012c   Code   RO          381    .text.HAL_RCCEx_GetPLL1ClockFreq  stm32h7xx_hal_rcc_ex.o
    0x08004704   0x08004704   0x00000004   PAD
    0x08004708   0x08004708   0x00000128   Code   RO          383    .text.HAL_RCCEx_GetPLL2ClockFreq  stm32h7xx_hal_rcc_ex.o
    0x08004830   0x08004830   0x00000128   Code   RO          385    .text.HAL_RCCEx_GetPLL3ClockFreq  stm32h7xx_hal_rcc_ex.o
    0x08004958   0x08004958   0x000003ac   Code   RO          379    .text.HAL_RCCEx_GetPeriphCLKFreq  stm32h7xx_hal_rcc_ex.o
    0x08004d04   0x08004d04   0x00000004   PAD
    0x08004d08   0x08004d08   0x00000b0c   Code   RO          371    .text.HAL_RCCEx_PeriphCLKConfig  stm32h7xx_hal_rcc_ex.o
    0x08005814   0x08005814   0x00000004   PAD
    0x08005818   0x08005818   0x00000254   Code   RO          339    .text.HAL_RCC_ClockConfig  stm32h7xx_hal_rcc.o
    0x08005a6c   0x08005a6c   0x00000004   PAD
    0x08005a70   0x08005a70   0x0000004c   Code   RO          349    .text.HAL_RCC_GetHCLKFreq  stm32h7xx_hal_rcc.o
    0x08005abc   0x08005abc   0x00000004   PAD
    0x08005ac0   0x08005ac0   0x00000060   Code   RO          351    .text.HAL_RCC_GetPCLK1Freq  stm32h7xx_hal_rcc.o
    0x08005b20   0x08005b20   0x00000060   Code   RO          353    .text.HAL_RCC_GetPCLK2Freq  stm32h7xx_hal_rcc.o
    0x08005b80   0x08005b80   0x0000011c   Code   RO          341    .text.HAL_RCC_GetSysClockFreq  stm32h7xx_hal_rcc.o
    0x08005c9c   0x08005c9c   0x00000004   PAD
    0x08005ca0   0x08005ca0   0x0000056c   Code   RO          337    .text.HAL_RCC_OscConfig  stm32h7xx_hal_rcc.o
    0x0800620c   0x0800620c   0x00000004   PAD
    0x08006210   0x08006210   0x00000002   Code   RO         1414    .text.HAL_SDEx_Read_DMADoubleBuf0CpltCallback  stm32h7xx_hal_sd.o
    0x08006212   0x08006212   0x00000006   PAD
    0x08006218   0x08006218   0x00000002   Code   RO         1410    .text.HAL_SDEx_Read_DMADoubleBuf1CpltCallback  stm32h7xx_hal_sd.o
    0x0800621a   0x0800621a   0x00000006   PAD
    0x08006220   0x08006220   0x00000002   Code   RO         1412    .text.HAL_SDEx_Write_DMADoubleBuf0CpltCallback  stm32h7xx_hal_sd.o
    0x08006222   0x08006222   0x00000006   PAD
    0x08006228   0x08006228   0x00000002   Code   RO         1408    .text.HAL_SDEx_Write_DMADoubleBuf1CpltCallback  stm32h7xx_hal_sd.o
    0x0800622a   0x0800622a   0x00000006   PAD
    0x08006230   0x08006230   0x000000e8   Code   RO         1428    .text.HAL_SD_ConfigSpeedBusOperation  stm32h7xx_hal_sd.o
    0x08006318   0x08006318   0x00000196   Code   RO         1378    .text.HAL_SD_ConfigWideBusOperation  stm32h7xx_hal_sd.o
    0x080064ae   0x080064ae   0x00000002   PAD
    0x080064b0   0x080064b0   0x00000028   Code   RO         1382    .text.HAL_SD_DeInit  stm32h7xx_hal_sd.o
    0x080064d8   0x080064d8   0x0000001e   Code   RO         1912    .text.HAL_SD_ErrorCallback  sd_card.o
    0x080064f6   0x080064f6   0x00000002   PAD
    0x080064f8   0x080064f8   0x00000192   Code   RO         1424    .text.HAL_SD_GetCardCSD  stm32h7xx_hal_sd.o
    0x0800668a   0x0800668a   0x00000006   PAD
    0x08006690   0x08006690   0x00000026   Code   RO         1426    .text.HAL_SD_GetCardInfo  stm32h7xx_hal_sd.o
    0x080066b6   0x080066b6   0x00000002   PAD
    0x080066b8   0x080066b8   0x0000002a   Code   RO         1380    .text.HAL_SD_GetCardState  stm32h7xx_hal_sd.o
    0x080066e2   0x080066e2   0x00000006   PAD
    0x080066e8   0x080066e8   0x000001c8   Code   RO         1376    .text.HAL_SD_GetCardStatus  stm32h7xx_hal_sd.o
    0x080068b0   0x080068b0   0x000002f6   Code   RO         1400    .text.HAL_SD_IRQHandler  stm32h7xx_hal_sd.o
    0x08006ba6   0x08006ba6   0x00000002   PAD
    0x08006ba8   0x08006ba8   0x000000d2   Code   RO         1370    .text.HAL_SD_Init   stm32h7xx_hal_sd.o
    0x08006c7a   0x08006c7a   0x00000006   PAD
    0x08006c80   0x08006c80   0x000002ca   Code   RO         1374    .text.HAL_SD_InitCard  stm32h7xx_hal_sd.o
    0x08006f4a   0x08006f4a   0x00000006   PAD
    0x08006f50   0x08006f50   0x00000042   Code   RO          108    .text.HAL_SD_MspDeInit  sdmmc.o
    0x08006f92   0x08006f92   0x00000006   PAD
    0x08006f98   0x08006f98   0x000000de   Code   RO          106    .text.HAL_SD_MspInit  sdmmc.o
    0x08007076   0x08007076   0x00000002   PAD
    0x08007078   0x08007078   0x000000e6   Code   RO         1394    .text.HAL_SD_ReadBlocks_DMA  stm32h7xx_hal_sd.o
    0x0800715e   0x0800715e   0x00000002   PAD
    0x08007160   0x08007160   0x0000001e   Code   RO         1908    .text.HAL_SD_RxCpltCallback  sd_card.o
    0x0800717e   0x0800717e   0x00000002   PAD
    0x08007180   0x08007180   0x0000001e   Code   RO         1910    .text.HAL_SD_TxCpltCallback  sd_card.o
    0x0800719e   0x0800719e   0x00000002   PAD
    0x080071a0   0x080071a0   0x000000e8   Code   RO         1396    .text.HAL_SD_WriteBlocks_DMA  stm32h7xx_hal_sd.o
    0x08007288   0x08007288   0x000001bc   Code   RO         1464    .text.HAL_SPI_Init  stm32h7xx_hal_spi.o
    0x08007444   0x08007444   0x00000004   PAD
    0x08007448   0x08007448   0x000000ee   Code   RO          123    .text.HAL_SPI_MspInit  spi.o
    0x08007536   0x08007536   0x00000002   PAD
    0x08007538   0x08007538   0x00000330   Code   RO         1476    .text.HAL_SPI_Receive  stm32h7xx_hal_spi.o
    0x08007868   0x08007868   0x00000014   Code   RO          894    .text.HAL_SYSCFG_AnalogSwitchConfig  stm32h7xx_hal.o
    0x0800787c   0x0800787c   0x00000004   PAD
    0x08007880   0x08007880   0x0000002e   Code   RO          804    .text.HAL_SYSTICK_Config  stm32h7xx_hal_cortex.o
    0x080078ae   0x080078ae   0x00000002   PAD
    0x080078b0   0x080078b0   0x00000036   Code   RO         1745    .text.HAL_UARTEx_DisableFifoMode  stm32h7xx_hal_uart_ex.o
    0x080078e6   0x080078e6   0x00000002   PAD
    0x080078e8   0x080078e8   0x00000002   Code   RO         1672    .text.HAL_UARTEx_RxEventCallback  stm32h7xx_hal_uart.o
    0x080078ea   0x080078ea   0x00000006   PAD
    0x080078f0   0x080078f0   0x00000002   Code   RO         1731    .text.HAL_UARTEx_RxFifoFullCallback  stm32h7xx_hal_uart_ex.o
    0x080078f2   0x080078f2   0x00000006   PAD
    0x080078f8   0x080078f8   0x0000008c   Code   RO         1749    .text.HAL_UARTEx_SetRxFifoThreshold  stm32h7xx_hal_uart_ex.o
    0x08007984   0x08007984   0x00000004   PAD
    0x08007988   0x08007988   0x0000008c   Code   RO         1747    .text.HAL_UARTEx_SetTxFifoThreshold  stm32h7xx_hal_uart_ex.o
    0x08007a14   0x08007a14   0x00000004   PAD
    0x08007a18   0x08007a18   0x00000002   Code   RO         1733    .text.HAL_UARTEx_TxFifoEmptyCallback  stm32h7xx_hal_uart_ex.o
    0x08007a1a   0x08007a1a   0x00000006   PAD
    0x08007a20   0x08007a20   0x00000002   Code   RO         1729    .text.HAL_UARTEx_WakeupCallback  stm32h7xx_hal_uart_ex.o
    0x08007a22   0x08007a22   0x00000006   PAD
    0x08007a28   0x08007a28   0x00000030   Code   RO         2002    .text.HAL_UART_ErrorCallback  lepton_stream.o
    0x08007a58   0x08007a58   0x0000068a   Code   RO         1666    .text.HAL_UART_IRQHandler  stm32h7xx_hal_uart.o
    0x080080e2   0x080080e2   0x00000006   PAD
    0x080080e8   0x080080e8   0x00000064   Code   RO         1582    .text.HAL_UART_Init  stm32h7xx_hal_uart.o
    0x0800814c   0x0800814c   0x00000004   PAD
    0x08008150   0x08008150   0x000001b0   Code   RO          143    .text.HAL_UART_MspInit  usart.o
    0x08008300   0x08008300   0x000000ac   Code   RO         1618    .text.HAL_UART_Receive_IT  stm32h7xx_hal_uart.o
    0x080083ac   0x080083ac   0x00000004   PAD
    0x080083b0   0x080083b0   0x0000004c   Code   RO         2000    .text.HAL_UART_RxCpltCallback  lepton_stream.o
    0x080083fc   0x080083fc   0x00000004   PAD
    0x08008400   0x08008400   0x0000016c   Code   RO         1602    .text.HAL_UART_Transmit  stm32h7xx_hal_uart.o
    0x0800856c   0x0800856c   0x00000004   PAD
    0x08008570   0x08008570   0x00000002   Code   RO         1674    .text.HAL_UART_TxCpltCallback  stm32h7xx_hal_uart.o
    0x08008572   0x08008572   0x00000006   PAD
    0x08008578   0x08008578   0x00000094   Code   RO          161    .text.HardFault_Handler  stm32h7xx_it.o
    0x0800860c   0x0800860c   0x00000004   PAD
    0x08008610   0x08008610   0x00000160   Code   RO         1094    .text.I2C_IsErrorOccurred  stm32h7xx_hal_i2c.o
    0x08008770   0x08008770   0x000000e4   Code   RO          960    .text.I2C_WaitOnFlagUntilTimeout  stm32h7xx_hal_i2c.o
    0x08008854   0x08008854   0x00000004   PAD
    0x08008858   0x08008858   0x0000007c   Code   RO          964    .text.I2C_WaitOnSTOPFlagUntilTimeout  stm32h7xx_hal_i2c.o
    0x080088d4   0x080088d4   0x00000004   PAD
    0x080088d8   0x080088d8   0x00000098   Code   RO          962    .text.I2C_WaitOnTXISFlagUntilTimeout  stm32h7xx_hal_i2c.o
    0x08008970   0x08008970   0x00000032   Code   RO         1802    .text.LED_TURN      led.o
    0x080089a2   0x080089a2   0x00000006   PAD
    0x080089a8   0x080089a8   0x00000110   Code   RO         1168    .text.LTDC_SetConfig  stm32h7xx_hal_ltdc.o
    0x08008ab8   0x08008ab8   0x00000330   Code   RO         1938    .text.Lepton_BB_Read_Mem  lepton.o
    0x08008de8   0x08008de8   0x00000148   Code   RO         1934    .text.Lepton_BB_Write_Mem  lepton.o
    0x08008f30   0x08008f30   0x000002e2   Code   RO         1942    .text.Lepton_CCI_SetAttr  lepton.o
    0x08009212   0x08009212   0x00000006   PAD
    0x08009218   0x08009218   0x000004e8   Code   RO         1970    .text.Lepton_Capture_Frame  lepton.o
    0x08009700   0x08009700   0x000001c6   Code   RO         1960    .text.Lepton_I2C_BitBang_Probe  lepton.o
    0x080098c6   0x080098c6   0x00000002   PAD
    0x080098c8   0x080098c8   0x00000552   Code   RO         1964    .text.Lepton_Init   lepton.o
    0x08009e1a   0x08009e1a   0x00000006   PAD
    0x08009e20   0x08009e20   0x00000020   Code   RO         1972    .text.Lepton_Raw_To_Temp  lepton.o
    0x08009e40   0x08009e40   0x0000000c   Code   RO         1994    .text.Lepton_Stream_Active  lepton_stream.o
    0x08009e4c   0x08009e4c   0x00000004   PAD
    0x08009e50   0x08009e50   0x000000a2   Code   RO         1992    .text.Lepton_Stream_Init  lepton_stream.o
    0x08009ef2   0x08009ef2   0x00000006   PAD
    0x08009ef8   0x08009ef8   0x0000021a   Code   RO         1998    .text.Lepton_Stream_SendFrame  lepton_stream.o
    0x0800a112   0x0800a112   0x00000006   PAD
    0x0800a118   0x0800a118   0x0000001c   Code   RO         1968    .text.Lepton_VoSPI_Resync  lepton.o
    0x0800a134   0x0800a134   0x00000004   PAD
    0x0800a138   0x0800a138   0x000000b4   Code   RO         1950    .text.Lepton_WaitBoot  lepton.o
    0x0800a1ec   0x0800a1ec   0x00000004   PAD
    0x0800a1f0   0x0800a1f0   0x000000a8   Code   RO           46    .text.MX_ADC1_Init  adc.o
    0x0800a298   0x0800a298   0x00000078   Code   RO           48    .text.MX_ADC2_Init  adc.o
    0x0800a310   0x0800a310   0x00000034   Code   RO           65    .text.MX_DMA_Init   dma.o
    0x0800a344   0x0800a344   0x00000004   PAD
    0x0800a348   0x0800a348   0x00000254   Code   RO           37    .text.MX_GPIO_Init  gpio.o
    0x0800a59c   0x0800a59c   0x00000004   PAD
    0x0800a5a0   0x0800a5a0   0x0000006a   Code   RO           74    .text.MX_I2C4_Init  i2c.o
    0x0800a60a   0x0800a60a   0x00000006   PAD
    0x0800a610   0x0800a610   0x000000d2   Code   RO           89    .text.MX_LTDC_Init  ltdc.o
    0x0800a6e2   0x0800a6e2   0x00000006   PAD
    0x0800a6e8   0x0800a6e8   0x00000002   Code   RO          104    .text.MX_SDMMC2_SD_Init  sdmmc.o
    0x0800a6ea   0x0800a6ea   0x00000006   PAD
    0x0800a6f0   0x0800a6f0   0x0000005a   Code   RO          119    .text.MX_SPI4_Init  spi.o
    0x0800a74a   0x0800a74a   0x00000006   PAD
    0x0800a750   0x0800a750   0x0000005a   Code   RO          121    .text.MX_SPI5_Init  spi.o
    0x0800a7aa   0x0800a7aa   0x00000006   PAD
    0x0800a7b0   0x0800a7b0   0x0000007c   Code   RO          137    .text.MX_UART4_Init  usart.o
    0x0800a82c   0x0800a82c   0x00000004   PAD
    0x0800a830   0x0800a830   0x0000007c   Code   RO          139    .text.MX_UART5_Init  usart.o
    0x0800a8ac   0x0800a8ac   0x00000004   PAD
    0x0800a8b0   0x0800a8b0   0x0000007c   Code   RO          141    .text.MX_USART1_UART_Init  usart.o
    0x0800a92c   0x0800a92c   0x00000004   PAD
    0x0800a930   0x0800a930   0x00000002   Code   RO          163    .text.MemManage_Handler  stm32h7xx_it.o
    0x0800a932   0x0800a932   0x00000006   PAD
    0x0800a938   0x0800a938   0x00000002   Code   RO          159    .text.NMI_Handler   stm32h7xx_it.o
    0x0800a93a   0x0800a93a   0x00000006   PAD
    0x0800a940   0x0800a940   0x0000048e   Code   RO         1846    .text.OLED_Clear    oled.o
    0x0800adce   0x0800adce   0x00000002   PAD
    0x0800add0   0x0800add0   0x000000dc   Code   RO         1832    .text.OLED_I2C_Start  oled.o
    0x0800aeac   0x0800aeac   0x00000004   PAD
    0x0800aeb0   0x0800aeb0   0x00000550   Code   RO         1864    .text.OLED_Init     oled.o
    0x0800b400   0x0800b400   0x0000030a   Code   RO         1844    .text.OLED_Refresh  oled.o
    0x0800b70a   0x0800b70a   0x00000006   PAD
    0x0800b710   0x0800b710   0x00000492   Code   RO         1838    .text.OLED_Send_Byte  oled.o
    0x0800bba2   0x0800bba2   0x00000006   PAD
    0x0800bba8   0x0800bba8   0x000006d2   Code   RO         1854    .text.OLED_ShowChar  oled.o
    0x0800c27a   0x0800c27a   0x00000006   PAD
    0x0800c280   0x0800c280   0x00000052   Code   RO         1856    .text.OLED_ShowString  oled.o
    0x0800c2d2   0x0800c2d2   0x00000006   PAD
    0x0800c2d8   0x0800c2d8   0x000002ce   Code   RO         1826    .text.OLED_WR_Byte  oled.o
    0x0800c5a6   0x0800c5a6   0x00000002   PAD
    0x0800c5a8   0x0800c5a8   0x00000002   Code   RO          173    .text.PendSV_Handler  stm32h7xx_it.o
    0x0800c5aa   0x0800c5aa   0x00000006   PAD
    0x0800c5b0   0x0800c5b0   0x00000122   Code   RO          373    .text.RCCEx_PLL2_Config  stm32h7xx_hal_rcc_ex.o
    0x0800c6d2   0x0800c6d2   0x00000006   PAD
    0x0800c6d8   0x0800c6d8   0x00000122   Code   RO          375    .text.RCCEx_PLL3_Config  stm32h7xx_hal_rcc_ex.o
    0x0800c7fa   0x0800c7fa   0x00000006   PAD
    0x0800c800   0x0800c800   0x0000000c   Code   RO          183    .text.SDMMC2_IRQHandler  stm32h7xx_it.o
    0x0800c80c   0x0800c80c   0x00000004   PAD
    0x0800c810   0x0800c810   0x00000024   Code   RO         1302    .text.SDMMC_CmdAppCommand  stm32h7xx_ll_sdmmc.o
    0x0800c834   0x0800c834   0x00000004   PAD
    0x0800c838   0x0800c838   0x00000096   Code   RO         1304    .text.SDMMC_CmdAppOperCommand  stm32h7xx_ll_sdmmc.o
    0x0800c8ce   0x0800c8ce   0x00000002   PAD
    0x0800c8d0   0x0800c8d0   0x00000024   Code   RO         1268    .text.SDMMC_CmdBlockLength  stm32h7xx_ll_sdmmc.o
    0x0800c8f4   0x0800c8f4   0x00000004   PAD
    0x0800c8f8   0x0800c8f8   0x00000024   Code   RO         1308    .text.SDMMC_CmdBusWidth  stm32h7xx_ll_sdmmc.o
    0x0800c91c   0x0800c91c   0x00000004   PAD
    0x0800c920   0x0800c920   0x0000006a   Code   RO         1296    .text.SDMMC_CmdGoIdleState  stm32h7xx_ll_sdmmc.o
    0x0800c98a   0x0800c98a   0x00000006   PAD
    0x0800c990   0x0800c990   0x000000b2   Code   RO         1298    .text.SDMMC_CmdOperCond  stm32h7xx_ll_sdmmc.o
    0x0800ca42   0x0800ca42   0x00000006   PAD
    0x0800ca48   0x0800ca48   0x00000024   Code   RO         1276    .text.SDMMC_CmdReadMultiBlock  stm32h7xx_ll_sdmmc.o
    0x0800ca6c   0x0800ca6c   0x00000004   PAD
    0x0800ca70   0x0800ca70   0x00000024   Code   RO         1274    .text.SDMMC_CmdReadSingleBlock  stm32h7xx_ll_sdmmc.o
    0x0800ca94   0x0800ca94   0x00000004   PAD
    0x0800ca98   0x0800ca98   0x00000024   Code   RO         1294    .text.SDMMC_CmdSelDesel  stm32h7xx_ll_sdmmc.o
    0x0800cabc   0x0800cabc   0x00000004   PAD
    0x0800cac0   0x0800cac0   0x000000a8   Code   RO         1312    .text.SDMMC_CmdSendCID  stm32h7xx_ll_sdmmc.o
    0x0800cb68   0x0800cb68   0x000000a8   Code   RO         1316    .text.SDMMC_CmdSendCSD  stm32h7xx_ll_sdmmc.o
    0x0800cc10   0x0800cc10   0x00000026   Code   RO         1310    .text.SDMMC_CmdSendSCR  stm32h7xx_ll_sdmmc.o
    0x0800cc36   0x0800cc36   0x00000002   PAD
    0x0800cc38   0x0800cc38   0x00000024   Code   RO         1326    .text.SDMMC_CmdSendStatus  stm32h7xx_ll_sdmmc.o
    0x0800cc5c   0x0800cc5c   0x00000004   PAD
    0x0800cc60   0x0800cc60   0x000000d6   Code   RO         1318    .text.SDMMC_CmdSetRelAdd  stm32h7xx_ll_sdmmc.o
    0x0800cd36   0x0800cd36   0x00000002   PAD
    0x0800cd38   0x0800cd38   0x00000026   Code   RO         1328    .text.SDMMC_CmdStatusRegister  stm32h7xx_ll_sdmmc.o
    0x0800cd5e   0x0800cd5e   0x00000002   PAD
    0x0800cd60   0x0800cd60   0x0000004e   Code   RO         1292    .text.SDMMC_CmdStopTransfer  stm32h7xx_ll_sdmmc.o
    0x0800cdae   0x0800cdae   0x00000002   PAD
    0x0800cdb0   0x0800cdb0   0x00000024   Code   RO         1332    .text.SDMMC_CmdSwitch  stm32h7xx_ll_sdmmc.o
    0x0800cdd4   0x0800cdd4   0x00000004   PAD
    0x0800cdd8   0x0800cdd8   0x00000024   Code   RO         1280    .text.SDMMC_CmdWriteMultiBlock  stm32h7xx_ll_sdmmc.o
    0x0800cdfc   0x0800cdfc   0x00000004   PAD
    0x0800ce00   0x0800ce00   0x00000024   Code   RO         1278    .text.SDMMC_CmdWriteSingleBlock  stm32h7xx_ll_sdmmc.o
    0x0800ce24   0x0800ce24   0x00000004   PAD
    0x0800ce28   0x0800ce28   0x0000002c   Code   RO         1260    .text.SDMMC_ConfigData  stm32h7xx_ll_sdmmc.o
    0x0800ce54   0x0800ce54   0x00000004   PAD
    0x0800ce58   0x0800ce58   0x00000196   Code   RO         1270    .text.SDMMC_GetCmdResp1  stm32h7xx_ll_sdmmc.o
    0x0800cfee   0x0800cfee   0x00000002   PAD
    0x0800cff0   0x0800cff0   0x00000008   Code   RO         1252    .text.SDMMC_GetPowerState  stm32h7xx_ll_sdmmc.o
    0x0800cff8   0x0800cff8   0x00000006   Code   RO         1258    .text.SDMMC_GetResponse  stm32h7xx_ll_sdmmc.o
    0x0800cffe   0x0800cffe   0x00000002   PAD
    0x0800d000   0x0800d000   0x00000022   Code   RO         1240    .text.SDMMC_Init    stm32h7xx_ll_sdmmc.o
    0x0800d022   0x0800d022   0x00000006   PAD
    0x0800d028   0x0800d028   0x0000000e   Code   RO         1250    .text.SDMMC_PowerState_OFF  stm32h7xx_ll_sdmmc.o
    0x0800d036   0x0800d036   0x00000002   PAD
    0x0800d038   0x0800d038   0x0000000e   Code   RO         1246    .text.SDMMC_PowerState_ON  stm32h7xx_ll_sdmmc.o
    0x0800d046   0x0800d046   0x00000002   PAD
    0x0800d048   0x0800d048   0x00000006   Code   RO         1242    .text.SDMMC_ReadFIFO  stm32h7xx_ll_sdmmc.o
    0x0800d04e   0x0800d04e   0x00000002   PAD
    0x0800d050   0x0800d050   0x0000000c   Code   RO         1244    .text.SDMMC_WriteFIFO  stm32h7xx_ll_sdmmc.o
    0x0800d05c   0x0800d05c   0x00000004   PAD
    0x0800d060   0x0800d060   0x0000012a   Code   RO         1906    .text.SD_Card_Init  sd_card.o
    0x0800d18a   0x0800d18a   0x00000006   PAD
    0x0800d190   0x0800d190   0x000000f4   Code   RO         1436    .text.SD_FindSCR    stm32h7xx_hal_sd.o
    0x0800d284   0x0800d284   0x00000004   PAD
    0x0800d288   0x0800d288   0x00000012   Code   RO         1918    .text.SD_GetCardInfo  sd_card.o
    0x0800d29a   0x0800d29a   0x00000006   PAD
    0x0800d2a0   0x0800d2a0   0x0000001c   Code   RO         1904    .text.SD_IsPresent  sd_card.o
    0x0800d2bc   0x0800d2bc   0x00000004   PAD
    0x0800d2c0   0x0800d2c0   0x00000260   Code   RO         1914    .text.SD_ReadDisk_DMA  sd_card.o
    0x0800d520   0x0800d520   0x00000154   Code   RO           19    .text.SD_ReportStatus  main.o
    0x0800d674   0x0800d674   0x00000004   PAD
    0x0800d678   0x0800d678   0x0000014c   Code   RO         1430    .text.SD_SwitchSpeed  stm32h7xx_hal_sd.o
    0x0800d7c4   0x0800d7c4   0x00000004   PAD
    0x0800d7c8   0x0800d7c8   0x0000001e   Code   RO           17    .text.SD_UART_Print  main.o
    0x0800d7e6   0x0800d7e6   0x00000002   PAD
    0x0800d7e8   0x0800d7e8   0x0000023c   Code   RO         1916    .text.SD_WriteDisk_DMA  sd_card.o
    0x0800da24   0x0800da24   0x00000004   PAD
    0x0800da28   0x0800da28   0x000000d0   Code   RO         1474    .text.SPI_CloseTransfer  stm32h7xx_hal_spi.o
    0x0800daf8   0x0800daf8   0x00000002   Code   RO          169    .text.SVC_Handler   stm32h7xx_it.o
    0x0800dafa   0x0800dafa   0x00000006   PAD
    0x0800db00   0x0800db00   0x00000058   Code   RO         1880    .text.SW_I2C_Init   sw_i2c.o
    0x0800db58   0x0800db58   0x000005e0   Code   RO         1894    .text.SW_I2C_ReadByte  sw_i2c.o
    0x0800e138   0x0800e138   0x0000047c   Code   RO         1892    .text.SW_I2C_SendByte  sw_i2c.o
    0x0800e5b4   0x0800e5b4   0x00000004   PAD
    0x0800e5b8   0x0800e5b8   0x000000a4   Code   RO         1882    .text.SW_I2C_Start  sw_i2c.o
    0x0800e65c   0x0800e65c   0x00000004   PAD
    0x0800e660   0x0800e660   0x000000d8   Code   RO         1884    .text.SW_I2C_Stop   sw_i2c.o
    0x0800e738   0x0800e738   0x000000c2   Code   RO         1886    .text.SW_I2C_WaitAck  sw_i2c.o
    0x0800e7fa   0x0800e7fa   0x00000006   PAD
    0x0800e800   0x0800e800   0x00000004   Code   RO          175    .text.SysTick_Handler  stm32h7xx_it.o
    0x0800e804   0x0800e804   0x00000004   PAD
    0x0800e808   0x0800e808   0x000000d8   Code   RO           13    .text.SystemClock_Config  main.o
    0x0800e8e0   0x0800e8e0   0x000000ee   Code   RO         1768    .text.SystemInit    system_stm32h7xx.o
    0x0800e9ce   0x0800e9ce   0x00000002   PAD
    0x0800e9d0   0x0800e9d0   0x0000000c   Code   RO          181    .text.UART4_IRQHandler  stm32h7xx_it.o
    0x0800e9dc   0x0800e9dc   0x00000004   PAD
    0x0800e9e0   0x0800e9e0   0x000000e0   Code   RO         1586    .text.UART_AdvFeatureConfig  stm32h7xx_hal_uart.o
    0x0800eac0   0x0800eac0   0x0000016e   Code   RO         1590    .text.UART_CheckIdleState  stm32h7xx_hal_uart.o
    0x0800ec2e   0x0800ec2e   0x00000002   PAD
    0x0800ec30   0x0800ec30   0x00000006   Code   RO         1668    .text.UART_DMAAbortOnError  stm32h7xx_hal_uart.o
    0x0800ec36   0x0800ec36   0x00000002   PAD
    0x0800ec38   0x0800ec38   0x000001c4   Code   RO         1708    .text.UART_RxISR_16BIT  stm32h7xx_hal_uart.o
    0x0800edfc   0x0800edfc   0x00000004   PAD
    0x0800ee00   0x0800ee00   0x0000033a   Code   RO         1704    .text.UART_RxISR_16BIT_FIFOEN  stm32h7xx_hal_uart.o
    0x0800f13a   0x0800f13a   0x00000006   PAD
    0x0800f140   0x0800f140   0x000001c8   Code   RO         1710    .text.UART_RxISR_8BIT  stm32h7xx_hal_uart.o
    0x0800f308   0x0800f308   0x0000033e   Code   RO         1706    .text.UART_RxISR_8BIT_FIFOEN  stm32h7xx_hal_uart.o
    0x0800f646   0x0800f646   0x00000002   PAD
    0x0800f648   0x0800f648   0x00000488   Code   RO         1588    .text.UART_SetConfig  stm32h7xx_hal_uart.o
    0x0800fad0   0x0800fad0   0x00000274   Code   RO         1620    .text.UART_Start_Receive_IT  stm32h7xx_hal_uart.o
    0x0800fd44   0x0800fd44   0x00000004   PAD
    0x0800fd48   0x0800fd48   0x00000358   Code   RO         1604    .text.UART_WaitOnFlagUntilTimeout  stm32h7xx_hal_uart.o
    0x080100a0   0x080100a0   0x0000000c   Code   RO          179    .text.USART1_IRQHandler  stm32h7xx_it.o
    0x080100ac   0x080100ac   0x00000004   PAD
    0x080100b0   0x080100b0   0x00000002   Code   RO          167    .text.UsageFault_Handler  stm32h7xx_it.o
    0x080100b2   0x080100b2   0x00000006   PAD
    0x080100b8   0x080100b8   0x00000152   Code   RO         1962    .text.bb_scan_pass  lepton.o
    0x0801020a   0x0801020a   0x00000006   PAD
    0x08010210   0x08010210   0x00000092   Code   RO         1976    .text.bb_stop       lepton.o
    0x080102a2   0x080102a2   0x00000006   PAD
    0x080102a8   0x080102a8   0x00000148   Code   RO         1974    .text.bb_write_byte  lepton.o
    0x080103f0   0x080103f0   0x000000a6   Code   RO         1786    .text.delay_ms      delay.o
    0x08010496   0x08010496   0x00000002   PAD
    0x08010498   0x08010498   0x00000080   Code   RO         1784    .text.delay_us      delay.o
    0x08010518   0x08010518   0x00000b08   Code   RO           11    .text.main          main.o
    0x08011020   0x08011020   0x0000027c   Code   RO         1814    .text.sht40_read_data  sht40.o
    0x0801129c   0x0801129c   0x0000003e   Code   RO         2149    CL$$btod_d2e        c_w.l(btod.o)
    0x080112da   0x080112da   0x00000046   Code   RO         2151    CL$$btod_d2e_denorm_low  c_w.l(btod.o)
    0x08011320   0x08011320   0x00000060   Code   RO         2150    CL$$btod_d2e_norm_op1  c_w.l(btod.o)
    0x08011380   0x08011380   0x00000338   Code   RO         2159    CL$$btod_div_common  c_w.l(btod.o)
    0x080116b8   0x080116b8   0x000000dc   Code   RO         2156    CL$$btod_e2e        c_w.l(btod.o)
    0x08011794   0x08011794   0x0000002a   Code   RO         2153    CL$$btod_ediv       c_w.l(btod.o)
    0x080117be   0x080117be   0x0000002a   Code   RO         2152    CL$$btod_emul       c_w.l(btod.o)
    0x080117e8   0x080117e8   0x00000244   Code   RO         2158    CL$$btod_mult_common  c_w.l(btod.o)
    0x08011a2c   0x08011a2c   0x00000030   Code   RO         2179    i.__ARM_fpclassify  m_wv.l(fpclassify.o)
    0x08011a5c   0x08011a5c   0x0000000e   Code   RO         2065    i._is_digit         c_w.l(__printf_wp.o)
    0x08011a6a   0x08011a6a   0x00000002   PAD
    0x08011a6c   0x08011a6c   0x0000002c   Code   RO         2174    locale$$code        c_w.l(lc_numeric_c.o)
    0x08011a98   0x08011a98   0x0000001a   Code   RO         2261    x$fpl$fpinit        fz_wv.l(fpinit.o)
    0x08011ab2   0x08011ab2   0x00000004   Code   RO         2096    x$fpl$printf1       fz_wv.l(printf1.o)
    0x08011ab6   0x08011ab6   0x00000000   Code   RO         2178    x$fpl$usenofp       fz_wv.l(usenofp.o)
    0x08011ab6   0x08011ab6   0x00000028   Data   RO         2038    .constdata          c_w.l(_printf_hex_int.o)
    0x08011ade   0x08011ade   0x00000011   Data   RO         2073    .constdata          c_w.l(__printf_flags_ss_wp.o)
    0x08011aef   0x08011aef   0x00000001   PAD
    0x08011af0   0x08011af0   0x00000094   Data   RO         2147    .constdata          c_w.l(bigflt0.o)
    0x08011b84   0x08011b84   0x00000006   Data   RO         1717    .rodata..Lswitch.table.UART_SetConfig.5  stm32h7xx_hal_uart.o
    0x08011b8a   0x08011b8a   0x00000006   Data   RO         1718    .rodata..Lswitch.table.UART_SetConfig.7  stm32h7xx_hal_uart.o
    0x08011b90   0x08011b90   0x00000010   Data   RO         1774    .rodata.D1CorePrescTable  system_stm32h7xx.o
    0x08011ba0   0x08011ba0   0x00000018   Data   RO         1716    .rodata.UARTPrescTable  stm32h7xx_hal_uart.o
    0x08011bb8   0x08011bb8   0x00000020   Data   RO         1230    .rodata.cst32       stm32h7xx_hal_ltdc.o
    0x08011bd8   0x08011bd8   0x00000010   Data   RO         1759    .rodata.cst8        stm32h7xx_hal_uart_ex.o
    0x08011be8   0x08011be8   0x00000474   Data   RO         1866    .rodata.oled_asc2_1206  oled.o
    0x0801205c   0x0801205c   0x000005f0   Data   RO         1867    .rodata.oled_asc2_1608  oled.o
    0x0801264c   0x0801264c   0x00000d5c   Data   RO         1868    .rodata.oled_asc2_2412  oled.o
    0x080133a8   0x080133a8   0x000008ac   Data   RO           23    .rodata.str1.1      main.o
    0x08013c54   0x08013c54   0x0000004d   Data   RO         2005    .rodata.str1.1      lepton_stream.o
    0x08013ca1   0x08013ca1   0x00000003   PAD
    0x08013ca4   0x08013ca4   0x00000020   Data   RO         2337    Region$$Table       anon$$obj.o
    0x08013cc4   0x08013cc4   0x0000001c   Data   RO         2173    locale$$data        c_w.l(lc_numeric_c.o)


    Execution Region RW_IRAM1 (Exec base: 0x20000000, Load base: 0x08013ce0, Size: 0x00000000, Max: 0x00020000, ABSOLUTE)

    **** No section assigned to this execution region ****


    Execution Region RW_IRAM2 (Exec base: 0x24000000, Load base: 0x08013ce0, Size: 0x0001fff8, Max: 0x00080000, ABSOLUTE)

    Exec Addr    Load Addr    Size         Type   Attr      Idx    E Section Name        Object

    0x24000000   0x08013ce0   0x00000013   Data   RW           27    .data..L_MergedGlobals  main.o
    0x24000013   0x08013cf3   0x00000001   PAD
    0x24000014   0x08013cf4   0x00000008   Data   RW          941    .data..L_MergedGlobals  stm32h7xx_hal.o
    0x2400001c   0x08013cfc   0x00000008   Data   RW         1775    .data..L_MergedGlobals  system_stm32h7xx.o
    0x24000024   0x08013d04   0x00000001   Data   RW         1920    .data.sd_dbg_cardver  sd_card.o
    0x24000025   0x08013d05   0x0000001b   PAD
    0x24000040        -       0x00000060   Zero   RW         2182    .bss                c_w.l(libspace.o)
    0x240000a0        -       0x0000000c   Zero   RW         1922    .bss..L_MergedGlobals  sd_card.o
    0x240000ac        -       0x00000010   Zero   RW         1983    .bss..L_MergedGlobals  lepton.o
    0x240000bc        -       0x0000001c   Zero   RW         2006    .bss..L_MergedGlobals  lepton_stream.o
    0x240000d8        -       0x00000050   Zero   RW           28    .bss..L_MergedGlobals.42  main.o
    0x24000128        -       0x00000004   Zero   RW           56    .bss.HAL_RCC_ADC12_CLK_ENABLED  adc.o
    0x2400012c        -       0x00000480   Zero   RW         1869    .bss.OLED_GRAM      oled.o
    0x240005ac        -       0x00000200   Zero   RW           25    .bss.SD_SelfTest.rbuf  main.o
    0x240007ac        -       0x00000200   Zero   RW           24    .bss.SD_SelfTest.wbuf  main.o
    0x240009ac   0x08013d05   0x00000014   PAD
    0x240009c0        -       0x00000200   Zero   RW         1921    .bss.g_sd_safe_buf  sd_card.o
    0x24000bc0        -       0x00000064   Zero   RW           54    .bss.hadc1          adc.o
    0x24000c24        -       0x00000064   Zero   RW           55    .bss.hadc2          adc.o
    0x24000c88        -       0x00000078   Zero   RW          150    .bss.hdma_usart1_tx  usart.o
    0x24000d00        -       0x00000054   Zero   RW           80    .bss.hi2c4          i2c.o
    0x24000d54        -       0x000000a8   Zero   RW           95    .bss.hltdc          ltdc.o
    0x24000dfc        -       0x0000007c   Zero   RW          110    .bss.hsd2           sdmmc.o
    0x24000e78        -       0x00000088   Zero   RW          127    .bss.hspi4          spi.o
    0x24000f00        -       0x00000088   Zero   RW          128    .bss.hspi5          spi.o
    0x24000f88        -       0x00000094   Zero   RW          149    .bss.huart1         usart.o
    0x2400101c        -       0x00000094   Zero   RW          147    .bss.huart4         usart.o
    0x240010b0        -       0x00000094   Zero   RW          148    .bss.huart5         usart.o
    0x24001144        -       0x00009600   Zero   RW         1982    .bss.lepton_assembly_frame  lepton.o
    0x2400a744        -       0x00000078   Zero   RW         1980    .bss.lepton_diag    lepton.o
    0x2400a7bc        -       0x00009600   Zero   RW         1978    .bss.lepton_raw_frame  lepton.o
    0x24013dbc        -       0x000000a4   Zero   RW         1979    .bss.lepton_spi_pkt  lepton.o
    0x24013e60        -       0x00002580   Zero   RW         1981    .bss.seg_payload    lepton.o
    0x240163e0        -       0x0000960f   Zero   RW         2004    .bss.stream_buf     lepton_stream.o
    0x2401f9ef   0x08013d05   0x00000001   PAD
    0x2401f9f0        -       0x00000004   Zero   RW          940    .bss.uwTick         stm32h7xx_hal.o
    0x2401f9f4   0x08013d05   0x00000004   PAD
    0x2401f9f8        -       0x00000200   Zero   RW            2    HEAP                startup_stm32h743xx.o
    0x2401fbf8        -       0x00000400   Zero   RW            1    STACK               startup_stm32h743xx.o


==============================================================================

Image component sizes


      Code (inc. data)   RO Data    RW Data    ZI Data      Debug   Object Name

       480          0          0          0        204       7516   adc.o
       294          0          0          0          0       2915   delay.o
        52          0          0          0          0       5449   dma.o
       596          0          0          0          0       3326   gpio.o
       312          0          0          0         84       8163   i2c.o
        50          0          0          0          0       1599   led.o
      6006          8          0          0      86700      32293   lepton.o
       836          0         77          0      38443      12274   lepton_stream.o
       752          0          0          0        168       8035   ltdc.o
      3416        232       2220         19       1104      18911   main.o
      7240          0       6080          0       1152      37404   oled.o
      1614          0          0          1        524      11022   sd_card.o
       290          0          0          0        124       8212   sdmmc.o
       636         16          0          0          0       3961   sht40.o
       418          0          0          0        272       8897   spi.o
        72         30        664          0       1536        828   startup_stm32h743xx.o
       292          0          0          8          4      15056   stm32h7xx_hal.o
      2162         14          0          0          0      28629   stm32h7xx_hal_adc.o
       184          0          0          0          0      30213   stm32h7xx_hal_adc_ex.o
       354          0          0          0          0      12493   stm32h7xx_hal_cortex.o
      6022         12          0          0          0      18498   stm32h7xx_hal_dma.o
       786          0          0          0          0       7188   stm32h7xx_hal_gpio.o
      2592          0          0          0          0      65363   stm32h7xx_hal_i2c.o
       146          0          0          0          0       7553   stm32h7xx_hal_i2c_ex.o
       568          0         32          0          0      15874   stm32h7xx_hal_ltdc.o
        32          0          0          0          0       2200   stm32h7xx_hal_msp.o
        76          0          0          0          0      10800   stm32h7xx_hal_pwr_ex.o
      2536         24          0          0          0      12021   stm32h7xx_hal_rcc.o
      5278        264          0          0          0      20350   stm32h7xx_hal_rcc_ex.o
      4344          0          0          0          0      28428   stm32h7xx_hal_sd.o
      1468          0          0          0          0      23903   stm32h7xx_hal_spi.o
      8118        332         36          0          0      43832   stm32h7xx_hal_uart.o
       340          0         16          0          0      11547   stm32h7xx_hal_uart_ex.o
       214          0          0          0          0       7205   stm32h7xx_it.o
      2042          0          0          0          0      29177   stm32h7xx_ll_sdmmc.o
      3314          0          0          0          0       8471   sw_i2c.o
       282          0         16          8          0       6233   system_stm32h7xx.o
       804          0          0          0        564      12498   usart.o

    ----------------------------------------------------------------------
     65692        944       9176         40     130928     588337   Object Totals
         0          0         32          0          0          0   (incl. Generated)
       674         12          3          4         49          0   (incl. Padding)

    ----------------------------------------------------------------------

      Code (inc. data)   RO Data    RW Data    ZI Data      Debug   Library Member Name

        64          6          0          0          0         84   __2snprintf.o
        44          6          0          0          0         84   __2sprintf.o
         8          0          0          0          0         68   __main.o
       392          4         17          0          0         92   __printf_flags_ss_wp.o
        14          0          0          0          0         68   __printf_wp.o
         0          0          0          0          0          0   __rtentry.o
        12          0          0          0          0          0   __rtentry2.o
         6          0          0          0          0          0   __rtentry4.o
        94          8          0          0          0          0   __scatter.o
        26          0          0          0          0          0   __scatter_copy.o
        28          0          0          0          0          0   __scatter_zi.o
         6          0          0          0          0          0   _printf_c.o
        44          0          0          0          0        108   _printf_char.o
        48          6          0          0          0         96   _printf_char_common.o
         6          0          0          0          0          0   _printf_d.o
       120         16          0          0          0         92   _printf_dec.o
         6          0          0          0          0          0   _printf_f.o
      1052          0          0          0          0        148   _printf_fp_dec.o
       128         16          0          0          0         84   _printf_fp_infnan.o
        88          4         40          0          0         88   _printf_hex_int.o
       178          0          0          0          0         88   _printf_intcommon.o
        78          0          0          0          0        108   _printf_pad.o
         0          0          0          0          0          0   _printf_percent.o
         4          0          0          0          0          0   _printf_percent_end.o
         6          0          0          0          0          0   _printf_s.o
        82          0          0          0          0         80   _printf_str.o
         6          0          0          0          0          0   _printf_u.o
         6          0          0          0          0          0   _printf_x.o
        16          0          0          0          0         68   _snputc.o
        10          0          0          0          0         68   _sputc.o
       228          4        148          0          0         96   bigflt0.o
      1936        128          0          0          0        668   btod.o
        18          0          0          0          0         80   exit.o
         6          0          0          0          0        152   heapauxi.o
         0          0          0          0          0          0   indicate_semi.o
        44         10         28          0          0         76   lc_numeric_c.o
         2          0          0          0          0          0   libinit.o
        22          0          0          0          0          0   libinit2.o
         2          0          0          0          0          0   libshutdown.o
         2          0          0          0          0          0   libshutdown2.o
         8          4          0          0         96         68   libspace.o
       138          0          0          0          0         80   lludiv10.o
       240          0          0          0          0        100   lludivv7m.o
        88          0          0          0          0         76   memcmp.o
         8          4          0          0          0         68   rt_locale_intlibspace.o
        78          0          0          0          0         80   rt_memclr_w.o
       138          0          0          0          0         68   rt_memcpy_v6.o
       100          0          0          0          0         80   rt_memcpy_w.o
         2          0          0          0          0          0   rtexit.o
        10          0          0          0          0          0   rtexit2.o
       124          0          0          0          0         88   strcmpv7m_pel.o
        62          0          0          0          0         76   strlen.o
        12          4          0          0          0         68   sys_exit.o
        74          0          0          0          0         80   sys_stackheap_outer.o
         2          0          0          0          0         68   use_no_semi.o
        26          0          0          0          0        116   fpinit.o
         4          0          0          0          0        116   printf1.o
         0          0          0          0          0          0   usenofp.o
        48          0          0          0          0        124   fpclassify.o

    ----------------------------------------------------------------------
      6018        220        234          0         96       3852   Library Totals
        24          0          1          0          0          0   (incl. Padding)

    ----------------------------------------------------------------------

      Code (inc. data)   RO Data    RW Data    ZI Data      Debug   Library Name

      5916        220        233          0         96       3496   c_w.l
        30          0          0          0          0        232   fz_wv.l
        48          0          0          0          0        124   m_wv.l

    ----------------------------------------------------------------------
      6018        220        234          0         96       3852   Library Totals

    ----------------------------------------------------------------------

==============================================================================


      Code (inc. data)   RO Data    RW Data    ZI Data      Debug   

     71710       1164       9410         40     131024     589513   Grand Totals
     71710       1164       9410         40     131024     589513   ELF Image Totals
     71710       1164       9410         40          0          0   ROM Totals

==============================================================================

    Total RO  Size (Code + RO Data)                81120 (  79.22kB)
    Total RW  Size (RW Data + ZI Data)            131064 ( 127.99kB)
    Total ROM Size (Code + RO Data + RW Data)      81160 (  79.26kB)

==============================================================================

